78.160.158.75 - - [04/May/2009:16:59:28 +0300] "GET /index.php?a=1__r96hqzlauam&k=304722 HTTP/1.1" 200 43 "http://www.buldinle.com/index.php?a=1__R96hqzLauaM&k=304722" "Mozilla/4.0 (compatible; MSIE 6.0; Windows NT 5.1; SV1)"
78.172.220.196 - - [04/May/2009:16:59:29 +0300] "GET /info/3/x8u7yp/6054683/garrard/index.html HTTP/1.1" 200 43 "http://www.buldinle.com/info/3/x8u7yp/6054683/Garrard/index.html" "Mozilla/4.0 (compatible; MSIE 6.0; Windows NT 5.1; SV1; .NET CLR 1.1.4322; OfficeLiveConnector.1.3; OfficeLivePatch.0.0; InfoPath.1)"
78.160.158.75 - - [04/May/2009:16:59:30 +0300] "GET /index.php?a=1__r96hqzlauam&k=304722 HTTP/1.1" 200 43 "http://www.buldinle.com/index.php?a=1__R96hqzLauaM&k=304722" "Mozilla/4.0 (compatible; MSIE 6.0; Windows NT 5.1; SV1)"
78.187.8.85 - - [04/May/2009:16:59:33 +0300] "GET /index.php?i=4&a=1__r96hqzlauam&k=304722 HTTP/1.1" 200 43 "http://www.buldinle.com/index.php?i=4&a=1__R96hqzLauaM&k=304722" "Mozilla/5.0 (Windows; U; Windows NT 5.1; tr; rv:1.9.0.10) Gecko/2009042316 Firefox/3.0.10"
78.187.8.85 - - [04/May/2009:16:59:33 +0300] "GET /index.php?i=4&a=1__r96hqzlauam&k=304722 HTTP/1.1" 200 43 "http://www.buldinle.com/index.php?i=4&a=1__R96hqzLauaM&k=304722" "Mozilla/5.0 (Windows; U; Windows NT 5.1; tr; rv:1.9.0.10) Gecko/2009042316 Firefox/3.0.10"
78.182.79.72 - - [04/May/2009:16:59:35 +0300] "GET /info/keyword/0/1/garrard/index.html HTTP/1.1" 200 43 "http://www.buldinle.com/info/keyword/0/1/Garrard/index.html" "Mozilla/4.0 (compatible; MSIE 6.0; Windows NT 5.1; SV1; GTB6; .NET CLR 2.0.50727; OfficeLiveConnector.1.3; OfficeLivePatch.0.0; .NET CLR 3.0.04506.648; .NET CLR 3.5.21022; .NET CLR 1.1.4322)"
78.189.24.110 - - [04/May/2009:16:59:42 +0300] "GET /index.php?a=1__mt7ik_-mrpm&k=5701 HTTP/1.1" 200 43 "http://www.buldinle.com/index.php?a=1__MT7iK_-MrPM&k=5701" "Mozilla/4.0 (compatible; MSIE 6.0; Windows NT 5.1; SV1)"
78.172.220.196 - - [04/May/2009:16:59:43 +0300] "GET /?a=3__x8u7yp&k=6054683 HTTP/1.1" 200 43 "http://www.buldinle.com/?a=3__x8u7yp&k=6054683" "Mozilla/4.0 (compatible; MSIE 6.0; Windows NT 5.1; SV1; .NET CLR 1.1.4322; OfficeLiveConnector.1.3; OfficeLivePatch.0.0; InfoPath.1)"
88.227.173.88 - - [04/May/2009:16:59:46 +0300] "GET /index.php?a=1__o6aps0dpioi&k=536154 HTTP/1.1" 200 43 "http://www.buldinle.com/index.php?a=1__O6aPS0dPIOI&k=536154" "Mozilla/4.0 (compatible; MSIE 6.0; Windows NT 5.1; SV1)"
88.227.173.88 - - [04/May/2009:16:59:48 +0300] "GET /index.php?a=1__o6aps0dpioi&k=536154 HTTP/1.1" 200 43 "http://www.buldinle.com/index.php?a=1__O6aPS0dPIOI&k=536154" "Mozilla/4.0 (compatible; MSIE 6.0; Windows NT 5.1; SV1)"
78.166.7.109 - - [04/May/2009:16:59:49 +0300] "GET /index.php?i=5&a=3__x8g0vi&k=5508310 HTTP/1.1" 200 43 "http://www.buldinle.com/index.php?i=5&a=3__x8g0vi&k=5508310" "Mozilla/4.0 (compatible; MSIE 8.0; Windows NT 6.0; Trident/4.0; SLCC1; .NET CLR 2.0.50727; InfoPath.1; .NET CLR 3.5.30729; .NET CLR 3.0.30618; OfficeLiveConnector.1.3; OfficeLivePatch.0.0)"
78.172.220.196 - - [04/May/2009:16:59:50 +0300] "GET /?a=3__x8u7yp&k=6054683 HTTP/1.1" 200 43 "http://www.buldinle.com/?a=3__x8u7yp&k=6054683" "Mozilla/4.0 (compatible; MSIE 6.0; Windows NT 5.1; SV1; .NET CLR 1.1.4322; OfficeLiveConnector.1.3; OfficeLivePatch.0.0; InfoPath.1)"
78.166.7.109 - - [04/May/2009:16:59:50 +0300] "GET /index.php?i=5&a=3__x8g0vi&k=5508310 HTTP/1.1" 200 43 "http://www.buldinle.com/index.php?i=5&a=3__x8g0vi&k=5508310" "Mozilla/4.0 (compatible; MSIE 8.0; Windows NT 6.0; Trident/4.0; SLCC1; .NET CLR 2.0.50727; InfoPath.1; .NET CLR 3.5.30729; .NET CLR 3.0.30618; OfficeLiveConnector.1.3; OfficeLivePatch.0.0)"
78.161.125.59 - - [04/May/2009:16:59:53 +0300] "GET /index.php?a=1__2-mt9pxtmqu&k=20451 HTTP/1.1" 200 43 "http://www.buldinle.com/index.php?a=1__2-Mt9PxtmqU&k=20451" "Mozilla/4.0 (compatible; MSIE 6.0; Windows NT 5.1; SV1; .NET CLR 2.0.50727)"
78.189.24.110 - - [04/May/2009:16:59:57 +0300] "GET /index.php?a=1__mt7ik_-mrpm&k=5701 HTTP/1.1" 200 43 "http://www.buldinle.com/index.php?a=1__MT7iK_-MrPM&k=5701" "Mozilla/4.0 (compatible; MSIE 6.0; Windows NT 5.1; SV1)"
88.227.173.88 - - [04/May/2009:16:59:59 +0300] "GET /index.php?i=0&a=1__-dwa3ioca0s&k=4821968 HTTP/1.1" 200 43 "http://www.buldinle.com/index.php?i=0&a=1__-dWa3Ioca0s&k=4821968" "Mozilla/4.0 (compatible; MSIE 6.0; Windows NT 5.1; SV1)"
78.161.125.59 - - [04/May/2009:17:00:02 +0300] "GET /index.php?a=1__2-mt9pxtmqu&k=20451 HTTP/1.1" 200 43 "http://www.buldinle.com/index.php?a=1__2-Mt9PxtmqU&k=20451" "Mozilla/4.0 (compatible; MSIE 6.0; Windows NT 5.1; SV1; .NET CLR 2.0.50727)"
78.179.121.108 - - [04/May/2009:17:00:04 +0300] "GET /index.php?a=1__bz1pbdtdebq&k=110250 HTTP/1.1" 200 43 "http://www.buldinle.com/index.php?a=1__BZ1PBdTdEBQ&k=110250" "Mozilla/4.0 (compatible; MSIE 6.0; Windows NT 5.1; SV1; GTB5; SIMBAR={7674948B-9783-4F83-97C1-5B12AE1887F5})"
88.243.55.68 - - [04/May/2009:17:00:09 +0300] "GET /info/keyword/0/1/bsmm/index.html HTTP/1.1" 200 43 "http://www.buldinle.com/info/keyword/0/1/BSMM/index.html" "Mozilla/4.0 (compatible; MSIE 7.0; Windows NT 5.1)"
78.172.220.196 - - [04/May/2009:17:00:15 +0300] "GET /info/3/x8u7yp/6054683/garrard/index.html HTTP/1.1" 200 43 "http://www.buldinle.com/info/3/x8u7yp/6054683/Garrard/index.html" "Mozilla/4.0 (compatible; MSIE 6.0; Windows NT 5.1; SV1; .NET CLR 1.1.4322; OfficeLiveConnector.1.3; OfficeLivePatch.0.0; InfoPath.1)"
78.161.125.59 - - [04/May/2009:17:00:22 +0300] "GET /index.php?a=1__2-mt9pxtmqu&k=20451 HTTP/1.1" 200 43 "http://www.buldinle.com/index.php?a=1__2-Mt9PxtmqU&k=20451" "Mozilla/4.0 (compatible; MSIE 6.0; Windows NT 5.1; SV1; .NET CLR 2.0.50727)"
212.175.136.174 - - [04/May/2009:17:00:25 +0300] "GET /index.php?a=1__rmhchi8ua0k&k=161269 HTTP/1.1" 200 43 "http://www.buldinle.com/index.php?a=1__rmHchi8Ua0k&k=161269" "Mozilla/4.0 (compatible; MSIE 6.0; Windows NT 5.1)"
78.179.100.91 - - [04/May/2009:17:00:26 +0300] "GET /index.php?i=0&a=1__5kf9nvgrzos&k=208773 HTTP/1.1" 200 43 "http://www.buldinle.com/index.php?i=0&a=1__5Kf9nvgRzos&k=208773" "Mozilla/4.0 (compatible; MSIE 7.0; Windows NT 5.1; GTB6; .NET CLR 2.0.50727)"
78.179.100.91 - - [04/May/2009:17:00:26 +0300] "GET /index.php?i=0&a=1__5kf9nvgrzos&k=208773 HTTP/1.1" 200 43 "http://www.buldinle.com/index.php?i=0&a=1__5Kf9nvgRzos&k=208773" "Mozilla/4.0 (compatible; MSIE 7.0; Windows NT 5.1; GTB6; .NET CLR 2.0.50727)"
212.175.136.174 - - [04/May/2009:17:00:27 +0300] "GET /index.php?a=1__rmhchi8ua0k&k=161269 HTTP/1.1" 200 43 "http://www.buldinle.com/index.php?a=1__rmHchi8Ua0k&k=161269" "Mozilla/4.0 (compatible; MSIE 6.0; Windows NT 5.1)"
78.179.100.91 - - [04/May/2009:17:00:27 +0300] "GET /index.php?i=0&a=1__5kf9nvgrzos&k=208773 HTTP/1.1" 200 43 "http://www.buldinle.com/index.php?i=0&a=1__5Kf9nvgRzos&k=208773" "Mozilla/4.0 (compatible; MSIE 7.0; Windows NT 5.1; GTB6; .NET CLR 2.0.50727)"
78.179.121.108 - - [04/May/2009:17:00:29 +0300] "GET /index.php?a=1__bz1pbdtdebq&k=110250 HTTP/1.1" 200 43 "http://www.buldinle.com/index.php?a=1__BZ1PBdTdEBQ&k=110250" "Mozilla/4.0 (compatible; MSIE 6.0; Windows NT 5.1; SV1; GTB5; SIMBAR={7674948B-9783-4F83-97C1-5B12AE1887F5})"
78.163.25.255 - - [04/May/2009:17:00:33 +0300] "GET / HTTP/1.1" 200 43 "http://www.buldinle.com/" "Mozilla/4.0 (compatible; MSIE 6.0; Windows NT 5.1; SV1; GTB5; .NET CLR 1.1.4322; .NET CLR 2.0.50727; .NET CLR 3.0.04506.30)"
78.179.121.108 - - [04/May/2009:17:00:37 +0300] "GET /index.php?a=1__bz1pbdtdebq&k=110250 HTTP/1.1" 200 43 "http://www.buldinle.com/index.php?a=1__BZ1PBdTdEBQ&k=110250" "Mozilla/4.0 (compatible; MSIE 6.0; Windows NT 5.1; SV1; GTB5; SIMBAR={7674948B-9783-4F83-97C1-5B12AE1887F5})"
88.242.252.195 - - [04/May/2009:17:00:43 +0300] "GET /index.php?i=0&a=3__x8zra2&k=6244418 HTTP/1.1" 200 43 "http://www.buldinle.com/index.php?i=0&a=3__x8zra2&k=6244418" "Mozilla/4.0 (compatible; MSIE 7.0; Windows NT 5.1; GTB5; .NET CLR 2.0.50727; OfficeLiveConnector.1.3; OfficeLivePatch.0.0)"
88.242.252.195 - - [04/May/2009:17:00:45 +0300] "GET /index.php?i=0&a=3__x8zra2&k=6244418 HTTP/1.1" 200 43 "http://www.buldinle.com/index.php?i=0&a=3__x8zra2&k=6244418" "Mozilla/4.0 (compatible; MSIE 7.0; Windows NT 5.1; GTB5; .NET CLR 2.0.50727; OfficeLiveConnector.1.3; OfficeLivePatch.0.0)"
78.179.121.108 - - [04/May/2009:17:00:47 +0300] "GET /index.php?a=1__bz1pbdtdebq&k=110250 HTTP/1.1" 200 43 "http://www.buldinle.com/index.php?a=1__BZ1PBdTdEBQ&k=110250" "Mozilla/4.0 (compatible; MSIE 6.0; Windows NT 5.1; SV1; GTB5; SIMBAR={7674948B-9783-4F83-97C1-5B12AE1887F5})"
88.238.79.130 - - [04/May/2009:17:00:51 +0300] "GET / HTTP/1.1" 200 43 "http://www.buldinle.com/" "Mozilla/4.0 (compatible; MSIE 7.0; Windows NT 5.1)"
78.179.121.108 - - [04/May/2009:17:00:57 +0300] "GET /index.php?a=1__bz1pbdtdebq&k=110250 HTTP/1.1" 200 43 "http://www.buldinle.com/index.php?a=1__BZ1PBdTdEBQ&k=110250" "Mozilla/4.0 (compatible; MSIE 6.0; Windows NT 5.1; SV1; GTB5; SIMBAR={7674948B-9783-4F83-97C1-5B12AE1887F5})"
78.163.25.255 - - [04/May/2009:17:00:58 +0300] "GET / HTTP/1.1" 200 43 "http://www.buldinle.com/" "Mozilla/4.0 (compatible; MSIE 6.0; Windows NT 5.1; SV1; GTB5; .NET CLR 1.1.4322; .NET CLR 2.0.50727; .NET CLR 3.0.04506.30)"
78.177.136.240 - - [04/May/2009:17:00:59 +0300] "GET /index.php?a=3__x8qhzu&k=5917831 HTTP/1.1" 200 43 "http://www.buldinle.com/index.php?a=3__x8qhzu&k=5917831" "Mozilla/4.0 (compatible; MSIE 6.0; Windows NT 5.1; SV1)"
78.161.125.59 - - [04/May/2009:17:01:02 +0300] "GET /index.php?a=1__tis_bhgphjq&k=5919214 HTTP/1.1" 200 43 "http://www.buldinle.com/index.php?a=1__tIs_BhGPHjQ&k=5919214" "Mozilla/4.0 (compatible; MSIE 6.0; Windows NT 5.1; SV1; .NET CLR 2.0.50727)"
78.177.136.240 - - [04/May/2009:17:01:02 +0300] "GET /index.php?a=3__x8qhzu&k=5917831 HTTP/1.1" 200 43 "http://www.buldinle.com/index.php?a=3__x8qhzu&k=5917831" "Mozilla/4.0 (compatible; MSIE 6.0; Windows NT 5.1; SV1)"
78.161.125.59 - - [04/May/2009:17:01:05 +0300] "GET /index.php?a=1__tis_bhgphjq&k=5919214 HTTP/1.1" 200 43 "http://www.buldinle.com/index.php?a=1__tIs_BhGPHjQ&k=5919214" "Mozilla/4.0 (compatible; MSIE 6.0; Windows NT 5.1; SV1; .NET CLR 2.0.50727)"
78.163.25.255 - - [04/May/2009:17:01:06 +0300] "GET /index.php?a=3__x8kz6j&k=5711609 HTTP/1.1" 200 43 "http://www.buldinle.com/index.php?a=3__x8kz6j&k=5711609" "Mozilla/4.0 (compatible; MSIE 6.0; Windows NT 5.1; SV1; GTB5; .NET CLR 1.1.4322; .NET CLR 2.0.50727; .NET CLR 3.0.04506.30)"
78.163.25.255 - - [04/May/2009:17:01:08 +0300] "GET /index.php?a=3__x8kz6j&k=5711609 HTTP/1.1" 200 43 "http://www.buldinle.com/index.php?a=3__x8kz6j&k=5711609" "Mozilla/4.0 (compatible; MSIE 6.0; Windows NT 5.1; SV1; GTB5; .NET CLR 1.1.4322; .NET CLR 2.0.50727; .NET CLR 3.0.04506.30)"
78.179.121.108 - - [04/May/2009:17:01:08 +0300] "GET /index.php?a=1__bz1pbdtdebq&k=110250 HTTP/1.1" 200 43 "http://www.buldinle.com/index.php?a=1__BZ1PBdTdEBQ&k=110250" "Mozilla/4.0 (compatible; MSIE 6.0; Windows NT 5.1; SV1; GTB5; SIMBAR={7674948B-9783-4F83-97C1-5B12AE1887F5})"
78.179.121.108 - - [04/May/2009:17:01:10 +0300] "GET /index.php?a=1__swuycowjpp4&k=451903 HTTP/1.1" 200 43 "http://www.buldinle.com/index.php?a=1__SwuycoWjPp4&k=451903" "Mozilla/4.0 (compatible; MSIE 6.0; Windows NT 5.1; SV1; GTB5; SIMBAR={7674948B-9783-4F83-97C1-5B12AE1887F5})"
78.179.121.108 - - [04/May/2009:17:01:12 +0300] "GET /index.php?a=1__swuycowjpp4&k=451903 HTTP/1.1" 200 43 "http://www.buldinle.com/index.php?a=1__SwuycoWjPp4&k=451903" "Mozilla/4.0 (compatible; MSIE 6.0; Windows NT 5.1; SV1; GTB5; SIMBAR={7674948B-9783-4F83-97C1-5B12AE1887F5})"
88.244.185.9 - - [04/May/2009:17:01:20 +0300] "GET / HTTP/1.1" 200 43 "http://www.buldinle.com/" "Mozilla/4.0 (compatible; MSIE 6.0; Windows NT 5.1; SV1; .NET CLR 2.0.50727; OfficeLiveConnector.1.3; OfficeLivePatch.0.0)"
88.238.79.130 - - [04/May/2009:17:01:25 +0300] "GET /index.php?i=4&a=1__r9iuebk8jjq&k=4812276 HTTP/1.1" 200 43 "http://www.buldinle.com/index.php?i=4&a=1__R9IUebK8JjQ&k=4812276" "Mozilla/4.0 (compatible; MSIE 7.0; Windows NT 5.1)"
78.161.125.59 - - [04/May/2009:17:01:29 +0300] "GET /index.php?a=1__tis_bhgphjq&k=5919214 HTTP/1.1" 200 43 "http://www.buldinle.com/index.php?a=1__tIs_BhGPHjQ&k=5919214" "Mozilla/4.0 (compatible; MSIE 6.0; Windows NT 5.1; SV1; .NET CLR 2.0.50727)"
88.238.79.130 - - [04/May/2009:17:01:29 +0300] "GET /index.php?i=4&a=1__r9iuebk8jjq&k=4812276 HTTP/1.1" 200 43 "http://www.buldinle.com/index.php?i=4&a=1__R9IUebK8JjQ&k=4812276" "Mozilla/4.0 (compatible; MSIE 7.0; Windows NT 5.1)"
78.180.46.33 - - [04/May/2009:17:01:33 +0300] "GET /index.php?i=19&a=1__3onqqrqlhp8&k=413799 HTTP/1.1" 200 43 "http://www.buldinle.com/index.php?i=19&a=1__3OnqQrQLHp8&k=413799" "Mozilla/4.0 (compatible; MSIE 6.0; Windows NT 5.1; SV1)"
88.244.185.9 - - [04/May/2009:17:01:35 +0300] "GET / HTTP/1.1" 200 43 "http://www.buldinle.com/" "Mozilla/4.0 (compatible; MSIE 6.0; Windows NT 5.1; SV1; .NET CLR 2.0.50727; OfficeLiveConnector.1.3; OfficeLivePatch.0.0)"
78.180.46.33 - - [04/May/2009:17:01:36 +0300] "GET /index.php?i=19&a=1__3onqqrqlhp8&k=413799 HTTP/1.1" 200 43 "http://www.buldinle.com/index.php?i=19&a=1__3OnqQrQLHp8&k=413799" "Mozilla/4.0 (compatible; MSIE 6.0; Windows NT 5.1; SV1)"
88.227.173.88 - - [04/May/2009:17:01:41 +0300] "GET /index.php?i=0&a=1__-dwa3ioca0s&k=4821968 HTTP/1.1" 200 43 "http://www.buldinle.com/index.php?i=0&a=1__-dWa3Ioca0s&k=4821968" "Mozilla/4.0 (compatible; MSIE 6.0; Windows NT 5.1; SV1)"
78.161.125.59 - - [04/May/2009:17:01:51 +0300] "GET /index.php?a=1__qibpofd5jnc&k=657121 HTTP/1.1" 200 43 "http://www.buldinle.com/index.php?a=1__qIBpOFd5Jnc&k=657121" "Mozilla/4.0 (compatible; MSIE 6.0; Windows NT 5.1; SV1; .NET CLR 2.0.50727)"
78.161.125.59 - - [04/May/2009:17:01:53 +0300] "GET /index.php?a=1__qibpofd5jnc&k=657121 HTTP/1.1" 200 43 "http://www.buldinle.com/index.php?a=1__qIBpOFd5Jnc&k=657121" "Mozilla/4.0 (compatible; MSIE 6.0; Windows NT 5.1; SV1; .NET CLR 2.0.50727)"
81.214.141.84 - - [04/May/2009:17:02:02 +0300] "GET /index.php?i=1&a=3__x8il72&k=5611716 HTTP/1.1" 200 43 "http://www.buldinle.com/index.php?i=1&a=3__x8il72&k=5611716" "Mozilla/4.0 (compatible; MSIE 7.0; Windows NT 5.1; .NET CLR 2.0.50727; .NET CLR 3.0.04506.30)"
78.161.125.59 - - [04/May/2009:17:02:08 +0300] "GET /index.php?a=1__qibpofd5jnc&k=657121 HTTP/1.1" 200 43 "http://www.buldinle.com/index.php?a=1__qIBpOFd5Jnc&k=657121" "Mozilla/4.0 (compatible; MSIE 6.0; Windows NT 5.1; SV1; .NET CLR 2.0.50727)"
81.214.141.84 - - [04/May/2009:17:02:14 +0300] "GET /index.php?i=1&a=3__x8il72&k=5611716 HTTP/1.1" 200 43 "http://www.buldinle.com/index.php?i=1&a=3__x8il72&k=5611716" "Mozilla/4.0 (compatible; MSIE 7.0; Windows NT 5.1; .NET CLR 2.0.50727; .NET CLR 3.0.04506.30)"
78.186.122.192 - - [04/May/2009:17:02:19 +0300] "GET /index.php?a=1__t_nfgx4k8lg&k=98899 HTTP/1.1" 200 43 "http://www.buldinle.com/index.php?a=1__t_nFgx4k8lg&k=98899" "Mozilla/4.0 (compatible; MSIE 6.0; Windows NT 5.1; SV1; .NET CLR 2.0.50727)"
78.161.125.59 - - [04/May/2009:17:02:19 +0300] "GET /index.php?a=1__qwiy50iol2y&k=906326 HTTP/1.1" 200 43 "http://www.buldinle.com/index.php?a=1__qwiY50IOL2Y&k=906326" "Mozilla/4.0 (compatible; MSIE 6.0; Windows NT 5.1; SV1; .NET CLR 2.0.50727)"
78.161.125.59 - - [04/May/2009:17:02:20 +0300] "GET /index.php?a=1__qwiy50iol2y&k=906326 HTTP/1.1" 200 43 "http://www.buldinle.com/index.php?a=1__qwiY50IOL2Y&k=906326" "Mozilla/4.0 (compatible; MSIE 6.0; Windows NT 5.1; SV1; .NET CLR 2.0.50727)"
78.186.122.192 - - [04/May/2009:17:02:22 +0300] "GET /index.php?a=1__t_nfgx4k8lg&k=98899 HTTP/1.1" 200 43 "http://www.buldinle.com/index.php?a=1__t_nFgx4k8lg&k=98899" "Mozilla/4.0 (compatible; MSIE 6.0; Windows NT 5.1; SV1; .NET CLR 2.0.50727)"
88.227.173.88 - - [04/May/2009:17:02:29 +0300] "GET /index.php?a=3__x4yzvv&k=1648851 HTTP/1.1" 200 43 "http://www.buldinle.com/index.php?a=3__x4yzvv&k=1648851" "Mozilla/4.0 (compatible; MSIE 6.0; Windows NT 5.1; SV1)"
88.227.173.88 - - [04/May/2009:17:02:30 +0300] "GET /index.php?a=3__x4yzvv&k=1648851 HTTP/1.1" 200 43 "http://www.buldinle.com/index.php?a=3__x4yzvv&k=1648851" "Mozilla/4.0 (compatible; MSIE 6.0; Windows NT 5.1; SV1)"
81.215.165.221 - - [04/May/2009:17:02:38 +0300] "GET /index.php?i=5&a=1__abowgzop3k0&k=10139 HTTP/1.1" 200 43 "http://www.buldinle.com/index.php?i=5&a=1__ABOWgZoP3K0&k=10139" "Mozilla/4.0 (compatible; MSIE 7.0; Windows NT 5.1; .NET CLR 2.0.50727; OfficeLiveConnector.1.3; OfficeLivePatch.0.0)"
88.252.133.241 - - [04/May/2009:17:02:39 +0300] "GET /index.php?a=1__riscbtjmgm4&k=783472 HTTP/1.1" 200 43 "http://www.buldinle.com/index.php?a=1__RIscbtJMgm4&k=783472" "Mozilla/4.0 (compatible; MSIE 7.0; Windows NT 6.0; Trident/4.0; SLCC1; .NET CLR 2.0.50727; Media Center PC 5.0; .NET CLR 3.0.04506; InfoPath.2; yie8)"
81.215.165.221 - - [04/May/2009:17:02:40 +0300] "GET /index.php?i=5&a=1__abowgzop3k0&k=10139 HTTP/1.1" 200 43 "http://www.buldinle.com/index.php?i=5&a=1__ABOWgZoP3K0&k=10139" "Mozilla/4.0 (compatible; MSIE 7.0; Windows NT 5.1; .NET CLR 2.0.50727; OfficeLiveConnector.1.3; OfficeLivePatch.0.0)"
88.252.133.241 - - [04/May/2009:17:02:41 +0300] "GET /index.php?a=1__4zlcli8zo04&k=498282 HTTP/1.1" 200 43 "http://www.buldinle.com/index.php?a=1__4zlCLI8zO04&k=498282" "Mozilla/4.0 (compatible; MSIE 7.0; Windows NT 6.0; Trident/4.0; SLCC1; .NET CLR 2.0.50727; Media Center PC 5.0; .NET CLR 3.0.04506; InfoPath.2; yie8)"
88.252.133.241 - - [04/May/2009:17:02:44 +0300] "GET /index.php?a=1__4zlcli8zo04&k=498282 HTTP/1.1" 200 43 "http://www.buldinle.com/index.php?a=1__4zlCLI8zO04&k=498282" "Mozilla/4.0 (compatible; MSIE 7.0; Windows NT 6.0; Trident/4.0; SLCC1; .NET CLR 2.0.50727; Media Center PC 5.0; .NET CLR 3.0.04506; InfoPath.2; yie8)"
85.100.31.80 - - [04/May/2009:17:02:48 +0300] "GET /index.php?i=1&a=1__nkzea3wl64q&k=4973309 HTTP/1.1" 200 43 "http://www.buldinle.com/index.php?i=1&a=1__NkzeA3Wl64Q&k=4973309" "Mozilla/4.0 (compatible; MSIE 7.0; Windows NT 5.1; .NET CLR 1.1.4322)"
78.161.125.59 - - [04/May/2009:17:02:50 +0300] "GET /index.php?a=1__qwiy50iol2y&k=906326 HTTP/1.1" 200 43 "http://www.buldinle.com/index.php?a=1__qwiY50IOL2Y&k=906326" "Mozilla/4.0 (compatible; MSIE 6.0; Windows NT 5.1; SV1; .NET CLR 2.0.50727)"
88.227.173.88 - - [04/May/2009:17:02:53 +0300] "GET /index.php?a=1__yzjxgxctxrm&k=6385903 HTTP/1.1" 200 43 "http://www.buldinle.com/index.php?a=1__yzjXGxctXRM&k=6385903" "Mozilla/4.0 (compatible; MSIE 6.0; Windows NT 5.1; SV1)"
81.214.141.84 - - [04/May/2009:17:02:54 +0300] "GET /index.php?i=0&a=3__x8il72&k=5611716 HTTP/1.1" 200 43 "http://www.buldinle.com/index.php?i=0&a=3__x8il72&k=5611716" "Mozilla/4.0 (compatible; MSIE 7.0; Windows NT 5.1; .NET CLR 2.0.50727; .NET CLR 3.0.04506.30)"
88.227.173.88 - - [04/May/2009:17:02:55 +0300] "GET /index.php?a=1__yzjxgxctxrm&k=6385903 HTTP/1.1" 200 43 "http://www.buldinle.com/index.php?a=1__yzjXGxctXRM&k=6385903" "Mozilla/4.0 (compatible; MSIE 6.0; Windows NT 5.1; SV1)"
81.214.141.84 - - [04/May/2009:17:02:56 +0300] "GET /index.php?i=0&a=3__x8il72&k=5611716 HTTP/1.1" 200 43 "http://www.buldinle.com/index.php?i=0&a=3__x8il72&k=5611716" "Mozilla/4.0 (compatible; MSIE 7.0; Windows NT 5.1; .NET CLR 2.0.50727; .NET CLR 3.0.04506.30)"
78.161.125.59 - - [04/May/2009:17:02:59 +0300] "GET /index.php?a=1__0chm4ryqazy&k=875087 HTTP/1.1" 200 43 "http://www.buldinle.com/index.php?a=1__0CHm4ryQaZY&k=875087" "Mozilla/4.0 (compatible; MSIE 6.0; Windows NT 5.1; SV1; .NET CLR 2.0.50727)"
88.244.185.9 - - [04/May/2009:17:03:00 +0300] "GET /index.php?i=11&a=3__x8x6wy&k=6151525 HTTP/1.1" 200 43 "http://www.buldinle.com/index.php?i=11&a=3__x8x6wy&k=6151525" "Mozilla/4.0 (compatible; MSIE 6.0; Windows NT 5.1; SV1; .NET CLR 2.0.50727; OfficeLiveConnector.1.3; OfficeLivePatch.0.0)"
78.161.125.59 - - [04/May/2009:17:03:00 +0300] "GET /index.php?a=1__0chm4ryqazy&k=875087 HTTP/1.1" 200 43 "http://www.buldinle.com/index.php?a=1__0CHm4ryQaZY&k=875087" "Mozilla/4.0 (compatible; MSIE 6.0; Windows NT 5.1; SV1; .NET CLR 2.0.50727)"
78.166.106.239 - - [04/May/2009:17:03:05 +0300] "GET / HTTP/1.1" 200 43 "http://www.buldinle.com/" "Mozilla/4.0 (compatible; MSIE 7.0; Windows NT 5.1; .NET CLR 1.1.4322; .NET CLR 2.0.50727; .NET CLR 3.0.04506.30)"
78.161.125.59 - - [04/May/2009:17:03:12 +0300] "GET /index.php?a=1__0chm4ryqazy&k=875087 HTTP/1.1" 200 43 "http://www.buldinle.com/index.php?a=1__0CHm4ryQaZY&k=875087" "Mozilla/4.0 (compatible; MSIE 6.0; Windows NT 5.1; SV1; .NET CLR 2.0.50727)"
88.244.185.9 - - [04/May/2009:17:03:13 +0300] "GET /index.php?i=11&a=3__x8x6wy&k=6151525 HTTP/1.1" 200 43 "http://www.buldinle.com/index.php?i=11&a=3__x8x6wy&k=6151525" "Mozilla/4.0 (compatible; MSIE 6.0; Windows NT 5.1; SV1; .NET CLR 2.0.50727; OfficeLiveConnector.1.3; OfficeLivePatch.0.0)"
94.123.226.145 - - [04/May/2009:17:03:18 +0300] "GET /index.php?a=1__cynolmyrppm&k=431806 HTTP/1.1" 200 43 "http://www.buldinle.com/index.php?a=1__cynolMYrppM&k=431806" "Mozilla/4.0 (compatible; MSIE 7.0; Windows NT 6.0; GTB6; SLCC1; .NET CLR 2.0.50727; Media Center PC 5.0; eSobiSubscriber 2.0.4.16; .NET CLR 3.5.30729; .NET CLR 3.0.30618)"
94.123.226.145 - - [04/May/2009:17:03:19 +0300] "GET /index.php?a=1__cynolmyrppm&k=431806 HTTP/1.1" 200 43 "http://www.buldinle.com/index.php?a=1__cynolMYrppM&k=431806" "Mozilla/4.0 (compatible; MSIE 7.0; Windows NT 6.0; GTB6; SLCC1; .NET CLR 2.0.50727; Media Center PC 5.0; eSobiSubscriber 2.0.4.16; .NET CLR 3.5.30729; .NET CLR 3.0.30618)"
212.98.223.2 - - [04/May/2009:17:03:22 +0300] "GET / HTTP/1.1" 200 43 "http://www.buldinle.com/" "Mozilla/4.0 (compatible; MSIE 7.0; Windows NT 5.1; .NET CLR 1.1.4322; InfoPath.1)"
85.107.174.56 - - [04/May/2009:17:03:24 +0300] "GET / HTTP/1.1" 200 43 "http://www.buldinle.com/" "Mozilla/5.0 (Windows; U; Windows NT 6.0; tr; rv:1.9.0.10) Gecko/2009042316 Firefox/3.0.10 (.NET CLR 3.5.30729)"
78.161.125.59 - - [04/May/2009:17:03:27 +0300] "GET /index.php?a=1__i53-rmtb2ds&k=244772 HTTP/1.1" 200 43 "http://www.buldinle.com/index.php?a=1__I53-rMTB2Ds&k=244772" "Mozilla/4.0 (compatible; MSIE 6.0; Windows NT 5.1; SV1; .NET CLR 2.0.50727)"
78.161.125.59 - - [04/May/2009:17:03:28 +0300] "GET /index.php?a=1__i53-rmtb2ds&k=244772 HTTP/1.1" 200 43 "http://www.buldinle.com/index.php?a=1__I53-rMTB2Ds&k=244772" "Mozilla/4.0 (compatible; MSIE 6.0; Windows NT 5.1; SV1; .NET CLR 2.0.50727)"
88.254.105.60 - - [04/May/2009:17:03:30 +0300] "GET /index.php?a=1__a7i2xqzpg5m&k=5498747 HTTP/1.1" 200 43 "http://www.buldinle.com/index.php?a=1__A7i2xQzpG5M&k=5498747" "Mozilla/4.0 (compatible; MSIE 7.0; Windows NT 5.1; .NET CLR 2.0.50727; OfficeLiveConnector.1.3; OfficeLivePatch.0.0)"
78.166.7.109 - - [04/May/2009:17:03:30 +0300] "GET /index.php?i=6&a=1__kftmege0mde&k=239323 HTTP/1.1" 200 43 "http://www.buldinle.com/index.php?i=6&a=1__KFtmege0MDE&k=239323" "Mozilla/4.0 (compatible; MSIE 8.0; Windows NT 6.0; Trident/4.0; SLCC1; .NET CLR 2.0.50727; InfoPath.1; .NET CLR 3.5.30729; .NET CLR 3.0.30618; OfficeLiveConnector.1.3; OfficeLivePatch.0.0)"
78.161.125.59 - - [04/May/2009:17:03:38 +0300] "GET /index.php?a=1__i53-rmtb2ds&k=244772 HTTP/1.1" 200 43 "http://www.buldinle.com/index.php?a=1__I53-rMTB2Ds&k=244772" "Mozilla/4.0 (compatible; MSIE 6.0; Windows NT 5.1; SV1; .NET CLR 2.0.50727)"
85.107.174.56 - - [04/May/2009:17:03:40 +0300] "GET /index.php?a=4__-7011994611734951634&k=2208974 HTTP/1.1" 200 43 "http://www.buldinle.com/index.php?a=4__-7011994611734951634&k=2208974" "Mozilla/5.0 (Windows; U; Windows NT 6.0; tr; rv:1.9.0.10) Gecko/2009042316 Firefox/3.0.10 (.NET CLR 3.5.30729)"
85.107.174.56 - - [04/May/2009:17:03:40 +0300] "GET /index.php?a=4__-7011994611734951634&k=2208974 HTTP/1.1" 200 43 "http://www.buldinle.com/index.php?a=4__-7011994611734951634&k=2208974" "Mozilla/5.0 (Windows; U; Windows NT 6.0; tr; rv:1.9.0.10) Gecko/2009042316 Firefox/3.0.10 (.NET CLR 3.5.30729)"
212.98.223.2 - - [04/May/2009:17:03:41 +0300] "GET / HTTP/1.1" 200 43 "http://www.buldinle.com/" "Mozilla/4.0 (compatible; MSIE 7.0; Windows NT 5.1; .NET CLR 1.1.4322; InfoPath.1)"
78.161.125.59 - - [04/May/2009:17:03:49 +0300] "GET /index.php?a=1__i53-rmtb2ds&k=244772 HTTP/1.1" 200 43 "http://www.buldinle.com/index.php?a=1__I53-rMTB2Ds&k=244772" "Mozilla/4.0 (compatible; MSIE 6.0; Windows NT 5.1; SV1; .NET CLR 2.0.50727)"
78.180.46.33 - - [04/May/2009:17:03:57 +0300] "GET /index.php?i=19&a=1__3onqqrqlhp8&k=413799 HTTP/1.1" 200 43 "http://www.buldinle.com/index.php?i=19&a=1__3OnqQrQLHp8&k=413799" "Mozilla/4.0 (compatible; MSIE 6.0; Windows NT 5.1; SV1)"
78.177.136.240 - - [04/May/2009:17:04:01 +0300] "GET /index.php?a=1__svvfjilvjas&k=52948 HTTP/1.1" 200 43 "http://www.buldinle.com/index.php?a=1__SVvFJilvjas&k=52948" "Mozilla/4.0 (compatible; MSIE 6.0; Windows NT 5.1; SV1)"
78.161.125.59 - - [04/May/2009:17:04:03 +0300] "GET /index.php?a=1__cgcnjwheiui&k=605766 HTTP/1.1" 200 43 "http://www.buldinle.com/index.php?a=1__CgCNjWHeiUI&k=605766" "Mozilla/4.0 (compatible; MSIE 6.0; Windows NT 5.1; SV1; .NET CLR 2.0.50727)"
78.177.136.240 - - [04/May/2009:17:04:04 +0300] "GET /index.php?a=1__svvfjilvjas&k=52948 HTTP/1.1" 200 43 "http://www.buldinle.com/index.php?a=1__SVvFJilvjas&k=52948" "Mozilla/4.0 (compatible; MSIE 6.0; Windows NT 5.1; SV1)"
78.161.125.59 - - [04/May/2009:17:04:05 +0300] "GET /index.php?a=1__cgcnjwheiui&k=605766 HTTP/1.1" 200 43 "http://www.buldinle.com/index.php?a=1__CgCNjWHeiUI&k=605766" "Mozilla/4.0 (compatible; MSIE 6.0; Windows NT 5.1; SV1; .NET CLR 2.0.50727)"
78.164.253.46 - - [04/May/2009:17:04:06 +0300] "GET /index.php?i=0&a=4__-1913558543654381307&k=3136585 HTTP/1.1" 200 43 "http://www.buldinle.com/index.php?i=0&a=4__-1913558543654381307&k=3136585" "Mozilla/4.0 (compatible; MSIE 6.0; Windows NT 5.1; SV1; .NET CLR 1.1.4322)"
88.254.105.60 - - [04/May/2009:17:04:08 +0300] "GET /index.php?a=1__a7i2xqzpg5m&k=5498747 HTTP/1.1" 200 43 "http://www.buldinle.com/index.php?a=1__A7i2xQzpG5M&k=5498747" "Mozilla/4.0 (compatible; MSIE 7.0; Windows NT 5.1; .NET CLR 2.0.50727; OfficeLiveConnector.1.3; OfficeLivePatch.0.0)"
78.164.253.46 - - [04/May/2009:17:04:14 +0300] "GET /index.php?i=0&a=4__-1913558543654381307&k=3136585 HTTP/1.1" 200 43 "http://www.buldinle.com/index.php?i=0&a=4__-1913558543654381307&k=3136585" "Mozilla/4.0 (compatible; MSIE 6.0; Windows NT 5.1; SV1; .NET CLR 1.1.4322)"
88.249.61.66 - - [04/May/2009:17:04:15 +0300] "GET /index.php?i=0&a=1__vdp6pyi8jew&k=2056125 HTTP/1.1" 200 43 "http://www.buldinle.com/index.php?i=0&a=1__VDp6PYI8JEw&k=2056125" "Mozilla/4.0 (compatible; MSIE 6.0; Windows NT 5.1; SV1; .NET CLR 2.0.50727)"
78.180.46.33 - - [04/May/2009:17:04:22 +0300] "GET /index.php?i=21&a=1__fptd8-j8nzc&k=6501739 HTTP/1.1" 200 43 "http://www.buldinle.com/index.php?i=21&a=1__FPtD8-j8nzc&k=6501739" "Mozilla/4.0 (compatible; MSIE 6.0; Windows NT 5.1; SV1)"
85.107.174.56 - - [04/May/2009:17:04:22 +0300] "GET /index.php?a=1__c87bf5beefy&k=1504643 HTTP/1.1" 200 43 "http://www.buldinle.com/index.php?a=1__c87bf5BeeFY&k=1504643" "Mozilla/5.0 (Windows; U; Windows NT 6.0; tr; rv:1.9.0.10) Gecko/2009042316 Firefox/3.0.10 (.NET CLR 3.5.30729)"
85.107.174.56 - - [04/May/2009:17:04:22 +0300] "GET /index.php?a=1__c87bf5beefy&k=1504643 HTTP/1.1" 200 43 "http://www.buldinle.com/index.php?a=1__c87bf5BeeFY&k=1504643" "Mozilla/5.0 (Windows; U; Windows NT 6.0; tr; rv:1.9.0.10) Gecko/2009042316 Firefox/3.0.10 (.NET CLR 3.5.30729)"
78.180.46.33 - - [04/May/2009:17:04:24 +0300] "GET /index.php?i=21&a=1__fptd8-j8nzc&k=6501739 HTTP/1.1" 200 43 "http://www.buldinle.com/index.php?i=21&a=1__FPtD8-j8nzc&k=6501739" "Mozilla/4.0 (compatible; MSIE 6.0; Windows NT 5.1; SV1)"
78.161.125.59 - - [04/May/2009:17:04:28 +0300] "GET /index.php?a=1__cgcnjwheiui&k=605766 HTTP/1.1" 200 43 "http://www.buldinle.com/index.php?a=1__CgCNjWHeiUI&k=605766" "Mozilla/4.0 (compatible; MSIE 6.0; Windows NT 5.1; SV1; .NET CLR 2.0.50727)"
88.249.12.96 - - [04/May/2009:17:04:33 +0300] "GET /info/keyword/0/1/sarikiz/index.html HTTP/1.1" 200 43 "http://www.buldinle.com/info/keyword/0/1/sarikiz/index.html" "Mozilla/4.0 (compatible; MSIE 7.0; Windows NT 5.1; .NET CLR 2.0.50727)"
88.227.173.88 - - [04/May/2009:17:04:38 +0300] "GET / HTTP/1.1" 200 43 "http://www.buldinle.com" "Mozilla/4.0 (compatible; MSIE 6.0; Windows NT 5.1; SV1)"
78.161.125.59 - - [04/May/2009:17:04:38 +0300] "GET /index.php?a=1__cgcnjwheiui&k=605766 HTTP/1.1" 200 43 "http://www.buldinle.com/index.php?a=1__CgCNjWHeiUI&k=605766" "Mozilla/4.0 (compatible; MSIE 6.0; Windows NT 5.1; SV1; .NET CLR 2.0.50727)"
88.229.118.187 - - [04/May/2009:17:04:41 +0300] "GET /index.php?i=3&a=1__ddzcf26y7n4&k=345268 HTTP/1.1" 200 43 "http://www.buldinle.com/index.php?i=3&a=1__DDzCF26Y7n4&k=345268" "Mozilla/4.0 (compatible; MSIE 7.0; Windows NT 6.0; GTB5; Mozilla/4.0 (compatible; MSIE 6.0; Windows NT 5.1; SV1) ; SLCC1; .NET CLR 2.0.50727; .NET CLR 3.5.30729; .NET CLR 3.0.30618; OfficeLiveConnector.1.3; OfficeLivePatch.0.0)"
85.96.165.114 - - [04/May/2009:17:04:46 +0300] "GET /index.php?i=4&a=1__lsmwdvdv96g&k=37706 HTTP/1.1" 200 43 "http://www.buldinle.com/index.php?i=4&a=1__LSmWDvdV96g&k=37706" "Mozilla/4.0 (compatible; MSIE 8.0; Windows NT 6.0; Trident/4.0; SLCC1; .NET CLR 2.0.50727; Media Center PC 5.0; .NET CLR 3.5.30729; .NET CLR 3.0.30618)"
78.164.253.46 - - [04/May/2009:17:04:48 +0300] "GET /index.php?i=1&a=1__ncpw-0kxsyo&k=300533 HTTP/1.1" 200 43 "http://www.buldinle.com/index.php?i=1&a=1__nCPw-0kXSYo&k=300533" "Mozilla/4.0 (compatible; MSIE 6.0; Windows NT 5.1; SV1; .NET CLR 1.1.4322)"
78.161.125.59 - - [04/May/2009:17:04:48 +0300] "GET /index.php?a=1__b4ozf_pyr8q&k=262836 HTTP/1.1" 200 43 "http://www.buldinle.com/index.php?a=1__b4OZf_pYr8Q&k=262836" "Mozilla/4.0 (compatible; MSIE 6.0; Windows NT 5.1; SV1; .NET CLR 2.0.50727)"
88.243.55.68 - - [04/May/2009:17:04:49 +0300] "GET /info/keyword/0/1/bsmm/index.html HTTP/1.1" 200 43 "http://www.buldinle.com/info/keyword/0/1/BSMM/index.html" "Mozilla/4.0 (compatible; MSIE 7.0; Windows NT 5.1)"
85.96.165.114 - - [04/May/2009:17:04:49 +0300] "GET /index.php?i=4&a=1__lsmwdvdv96g&k=37706 HTTP/1.1" 200 43 "http://www.buldinle.com/index.php?i=4&a=1__LSmWDvdV96g&k=37706" "Mozilla/4.0 (compatible; MSIE 8.0; Windows NT 6.0; Trident/4.0; SLCC1; .NET CLR 2.0.50727; Media Center PC 5.0; .NET CLR 3.5.30729; .NET CLR 3.0.30618)"
78.179.100.91 - - [04/May/2009:17:04:49 +0300] "GET /index.php?i=2&a=3__x8ngue&k=5810266 HTTP/1.1" 200 43 "http://www.buldinle.com/index.php?i=2&a=3__x8ngue&k=5810266" "Mozilla/4.0 (compatible; MSIE 7.0; Windows NT 5.1; GTB6; .NET CLR 2.0.50727)"
78.161.125.59 - - [04/May/2009:17:04:50 +0300] "GET /index.php?a=1__b4ozf_pyr8q&k=262836 HTTP/1.1" 200 43 "http://www.buldinle.com/index.php?a=1__b4OZf_pYr8Q&k=262836" "Mozilla/4.0 (compatible; MSIE 6.0; Windows NT 5.1; SV1; .NET CLR 2.0.50727)"
88.254.105.60 - - [04/May/2009:17:04:55 +0300] "GET /index.php?a=3__x8srkv&k=6005545 HTTP/1.1" 200 43 "http://www.buldinle.com/index.php?a=3__x8srkv&k=6005545" "Mozilla/4.0 (compatible; MSIE 7.0; Windows NT 5.1; .NET CLR 2.0.50727; OfficeLiveConnector.1.3; OfficeLivePatch.0.0)"
78.164.253.46 - - [04/May/2009:17:04:56 +0300] "GET /index.php?i=1&a=1__ncpw-0kxsyo&k=300533 HTTP/1.1" 200 43 "http://www.buldinle.com/index.php?i=1&a=1__nCPw-0kXSYo&k=300533" "Mozilla/4.0 (compatible; MSIE 6.0; Windows NT 5.1; SV1; .NET CLR 1.1.4322)"
88.227.173.88 - - [04/May/2009:17:04:56 +0300] "GET /index.php?a=1__hqima9_wrq0&k=316031 HTTP/1.1" 200 43 "http://www.buldinle.com/index.php?a=1__hqimA9_WRQ0&k=316031" "Mozilla/4.0 (compatible; MSIE 6.0; Windows NT 5.1; SV1)"
88.254.105.60 - - [04/May/2009:17:04:58 +0300] "GET /index.php?a=3__x8srkv&k=6005545 HTTP/1.1" 200 43 "http://www.buldinle.com/index.php?a=3__x8srkv&k=6005545" "Mozilla/4.0 (compatible; MSIE 7.0; Windows NT 5.1; .NET CLR 2.0.50727; OfficeLiveConnector.1.3; OfficeLivePatch.0.0)"
88.229.118.187 - - [04/May/2009:17:05:03 +0300] "GET /index.php?i=10&a=1__iqyrh4honkm&k=204561 HTTP/1.1" 200 43 "http://www.buldinle.com/index.php?i=10&a=1__IQyRH4HoNkM&k=204561" "Mozilla/4.0 (compatible; MSIE 7.0; Windows NT 6.0; GTB5; Mozilla/4.0 (compatible; MSIE 6.0; Windows NT 5.1; SV1) ; SLCC1; .NET CLR 2.0.50727; .NET CLR 3.5.30729; .NET CLR 3.0.30618; OfficeLiveConnector.1.3; OfficeLivePatch.0.0)"
88.227.173.88 - - [04/May/2009:17:05:05 +0300] "GET /index.php?a=1__hqima9_wrq0&k=316031 HTTP/1.1" 200 43 "http://www.buldinle.com/index.php?a=1__hqimA9_WRQ0&k=316031" "Mozilla/4.0 (compatible; MSIE 6.0; Windows NT 5.1; SV1)"
85.100.31.80 - - [04/May/2009:17:05:06 +0300] "GET /index.php?a=3__x904r6&k=6269958 HTTP/1.1" 200 43 "http://www.buldinle.com/index.php?a=3__x904r6&k=6269958" "Mozilla/4.0 (compatible; MSIE 7.0; Windows NT 5.1; .NET CLR 1.1.4322)"
88.229.118.187 - - [04/May/2009:17:05:06 +0300] "GET /index.php?i=10&a=1__iqyrh4honkm&k=204561 HTTP/1.1" 200 43 "http://www.buldinle.com/index.php?i=10&a=1__IQyRH4HoNkM&k=204561" "Mozilla/4.0 (compatible; MSIE 7.0; Windows NT 6.0; GTB5; Mozilla/4.0 (compatible; MSIE 6.0; Windows NT 5.1; SV1) ; SLCC1; .NET CLR 2.0.50727; .NET CLR 3.5.30729; .NET CLR 3.0.30618; OfficeLiveConnector.1.3; OfficeLivePatch.0.0)"
88.231.73.109 - - [04/May/2009:17:05:07 +0300] "GET / HTTP/1.1" 200 43 "http://www.buldinle.com/" "Mozilla/4.0 (compatible; MSIE 6.0; Windows NT 5.1; SV1; GTB5)"
78.166.106.239 - - [04/May/2009:17:05:14 +0300] "GET /index.php?a=1__xuip5lygcpu&k=4098381 HTTP/1.1" 200 43 "http://www.buldinle.com/index.php?a=1__xUIP5LYgcpU&k=4098381" "Mozilla/4.0 (compatible; MSIE 7.0; Windows NT 5.1; .NET CLR 1.1.4322; .NET CLR 2.0.50727; .NET CLR 3.0.04506.30)"
78.161.125.59 - - [04/May/2009:17:05:16 +0300] "GET /index.php?a=1__b4ozf_pyr8q&k=262836 HTTP/1.1" 200 43 "http://www.buldinle.com/index.php?a=1__b4OZf_pYr8Q&k=262836" "Mozilla/4.0 (compatible; MSIE 6.0; Windows NT 5.1; SV1; .NET CLR 2.0.50727)"
212.98.223.2 - - [04/May/2009:17:05:19 +0300] "GET / HTTP/1.1" 200 43 "http://www.buldinle.com/" "Mozilla/4.0 (compatible; MSIE 7.0; Windows NT 5.1; .NET CLR 1.1.4322; InfoPath.1)"
85.96.165.114 - - [04/May/2009:17:05:23 +0300] "GET /index.php?i=10&a=1__shb53bxpwci&k=82888 HTTP/1.1" 200 43 "http://www.buldinle.com/index.php?i=10&a=1__Shb53bxpwCI&k=82888" "Mozilla/4.0 (compatible; MSIE 8.0; Windows NT 6.0; Trident/4.0; SLCC1; .NET CLR 2.0.50727; Media Center PC 5.0; .NET CLR 3.5.30729; .NET CLR 3.0.30618)"
85.96.165.114 - - [04/May/2009:17:05:24 +0300] "GET /index.php?i=10&a=1__shb53bxpwci&k=82888 HTTP/1.1" 200 43 "http://www.buldinle.com/index.php?i=10&a=1__Shb53bxpwCI&k=82888" "Mozilla/4.0 (compatible; MSIE 8.0; Windows NT 6.0; Trident/4.0; SLCC1; .NET CLR 2.0.50727; Media Center PC 5.0; .NET CLR 3.5.30729; .NET CLR 3.0.30618)"
88.231.73.109 - - [04/May/2009:17:05:36 +0300] "GET /index.php?i=8&a=1__9k7pwgdvoyk&k=80899 HTTP/1.1" 200 43 "http://www.buldinle.com/index.php?i=8&a=1__9K7PWgdvoyk&k=80899" "Mozilla/4.0 (compatible; MSIE 6.0; Windows NT 5.1; SV1; GTB5)"
88.231.73.109 - - [04/May/2009:17:05:37 +0300] "GET /index.php?i=8&a=1__9k7pwgdvoyk&k=80899 HTTP/1.1" 200 43 "http://www.buldinle.com/index.php?i=8&a=1__9K7PWgdvoyk&k=80899" "Mozilla/4.0 (compatible; MSIE 6.0; Windows NT 5.1; SV1; GTB5)"
212.98.223.2 - - [04/May/2009:17:05:37 +0300] "GET / HTTP/1.1" 200 43 "http://www.buldinle.com/" "Mozilla/4.0 (compatible; MSIE 7.0; Windows NT 5.1; .NET CLR 1.1.4322; InfoPath.1)"
212.98.223.2 - - [04/May/2009:17:05:38 +0300] "GET / HTTP/1.1" 200 43 "http://www.buldinle.com/" "Mozilla/4.0 (compatible; MSIE 7.0; Windows NT 5.1; .NET CLR 1.1.4322; InfoPath.1)"
78.166.106.239 - - [04/May/2009:17:05:39 +0300] "GET /index.php?a=1__xuip5lygcpu&k=4098381 HTTP/1.1" 200 43 "http://www.buldinle.com/index.php?a=1__xUIP5LYgcpU&k=4098381" "Mozilla/4.0 (compatible; MSIE 7.0; Windows NT 5.1; .NET CLR 1.1.4322; .NET CLR 2.0.50727; .NET CLR 3.0.04506.30)"
88.242.252.195 - - [04/May/2009:17:05:44 +0300] "GET /index.php?a=1___bisj2zi1zq&k=753377 HTTP/1.1" 200 43 "http://www.buldinle.com/index.php?a=1___bISJ2zi1zQ&k=753377" "Mozilla/4.0 (compatible; MSIE 7.0; Windows NT 5.1; GTB5; .NET CLR 2.0.50727; OfficeLiveConnector.1.3; OfficeLivePatch.0.0)"
88.242.252.195 - - [04/May/2009:17:05:48 +0300] "GET /index.php?a=1___bisj2zi1zq&k=753377 HTTP/1.1" 200 43 "http://www.buldinle.com/index.php?a=1___bISJ2zi1zQ&k=753377" "Mozilla/4.0 (compatible; MSIE 7.0; Windows NT 5.1; GTB5; .NET CLR 2.0.50727; OfficeLiveConnector.1.3; OfficeLivePatch.0.0)"
88.228.206.51 - - [04/May/2009:17:05:49 +0300] "GET /index.php?a=3__x8v4jz&k=6087559 HTTP/1.1" 200 43 "http://www.buldinle.com/index.php?a=3__x8v4jz&k=6087559" "Mozilla/4.0 (compatible; MSIE 6.0; Windows NT 5.1; SV1)"
88.250.24.214 - - [04/May/2009:17:05:50 +0300] "GET / HTTP/1.1" 200 43 "http://www.buldinle.com/" "Mozilla/5.0 (Windows; U; Windows NT 5.1; en-US) AppleWebKit/525.19 (KHTML, like Gecko) Chrome/1.0.154.59 Safari/525.19"
78.161.125.59 - - [04/May/2009:17:05:54 +0300] "GET /index.php?i=1&a=1__rv08kevgoje&k=721214 HTTP/1.1" 200 43 "http://www.buldinle.com/index.php?i=1&a=1__RV08keVgoJE&k=721214" "Mozilla/4.0 (compatible; MSIE 6.0; Windows NT 5.1; SV1; .NET CLR 2.0.50727)"
88.228.206.51 - - [04/May/2009:17:05:55 +0300] "GET /index.php?a=3__x8v4jz&k=6087559 HTTP/1.1" 200 43 "http://www.buldinle.com/index.php?a=3__x8v4jz&k=6087559" "Mozilla/4.0 (compatible; MSIE 6.0; Windows NT 5.1; SV1)"
78.161.125.59 - - [04/May/2009:17:05:55 +0300] "GET /index.php?i=1&a=1__rv08kevgoje&k=721214 HTTP/1.1" 200 43 "http://www.buldinle.com/index.php?i=1&a=1__RV08keVgoJE&k=721214" "Mozilla/4.0 (compatible; MSIE 6.0; Windows NT 5.1; SV1; .NET CLR 2.0.50727)"
88.238.79.130 - - [04/May/2009:17:05:58 +0300] "GET /index.php?i=5&a=3__x8ib4g&k=5602345 HTTP/1.1" 200 43 "http://www.buldinle.com/index.php?i=5&a=3__x8ib4g&k=5602345" "Mozilla/4.0 (compatible; MSIE 7.0; Windows NT 5.1)"
88.250.24.214 - - [04/May/2009:17:05:59 +0300] "GET /index.php?i=5&a=3__x8nhe6&k=5810716 HTTP/1.1" 200 43 "http://www.buldinle.com/index.php?i=5&a=3__x8nhe6&k=5810716" "Mozilla/5.0 (Windows; U; Windows NT 5.1; en-US) AppleWebKit/525.19 (KHTML, like Gecko) Chrome/1.0.154.59 Safari/525.19"
88.250.24.214 - - [04/May/2009:17:06:00 +0300] "GET /index.php?i=5&a=3__x8nhe6&k=5810716 HTTP/1.1" 200 43 "http://www.buldinle.com/index.php?i=5&a=3__x8nhe6&k=5810716" "Mozilla/5.0 (Windows; U; Windows NT 5.1; en-US) AppleWebKit/525.19 (KHTML, like Gecko) Chrome/1.0.154.59 Safari/525.19"
85.100.31.80 - - [04/May/2009:17:06:04 +0300] "GET /index.php?a=3__x904r6&k=6269958 HTTP/1.1" 200 43 "http://www.buldinle.com/index.php?a=3__x904r6&k=6269958" "Mozilla/4.0 (compatible; MSIE 7.0; Windows NT 5.1; .NET CLR 1.1.4322)"
88.242.252.195 - - [04/May/2009:17:06:06 +0300] "GET /index.php?a=1___bisj2zi1zq&k=753377 HTTP/1.1" 200 43 "http://www.buldinle.com/index.php?a=1___bISJ2zi1zQ&k=753377" "Mozilla/4.0 (compatible; MSIE 7.0; Windows NT 5.1; GTB5; .NET CLR 2.0.50727; OfficeLiveConnector.1.3; OfficeLivePatch.0.0)"
78.172.93.196 - - [04/May/2009:17:06:07 +0300] "GET / HTTP/1.1" 200 43 "http://www.buldinle.com/" "Mozilla/4.0 (compatible; MSIE 7.0; Windows NT 5.1; GTB5; .NET CLR 1.1.4322; .NET CLR 2.0.50727; InfoPath.1)"
88.242.252.195 - - [04/May/2009:17:06:10 +0300] "GET /index.php?a=1___bisj2zi1zq&k=753377 HTTP/1.1" 200 43 "http://www.buldinle.com/index.php?a=1___bISJ2zi1zQ&k=753377" "Mozilla/4.0 (compatible; MSIE 7.0; Windows NT 5.1; GTB5; .NET CLR 2.0.50727; OfficeLiveConnector.1.3; OfficeLivePatch.0.0)"
88.238.79.130 - - [04/May/2009:17:06:14 +0300] "GET /index.php?i=5&a=3__x8ib4g&k=5602345 HTTP/1.1" 200 43 "http://www.buldinle.com/index.php?i=5&a=3__x8ib4g&k=5602345" "Mozilla/4.0 (compatible; MSIE 7.0; Windows NT 5.1)"
212.98.223.2 - - [04/May/2009:17:06:24 +0300] "GET /index.php?a=3__x90nqa&k=6314394 HTTP/1.1" 200 43 "http://www.buldinle.com/index.php?a=3__x90nqa&k=6314394" "Mozilla/4.0 (compatible; MSIE 7.0; Windows NT 5.1; .NET CLR 1.1.4322; InfoPath.1)"
212.98.223.2 - - [04/May/2009:17:06:27 +0300] "GET /index.php?a=3__x90nqa&k=6314394 HTTP/1.1" 200 43 "http://www.buldinle.com/index.php?a=3__x90nqa&k=6314394" "Mozilla/4.0 (compatible; MSIE 7.0; Windows NT 5.1; .NET CLR 1.1.4322; InfoPath.1)"
78.172.93.196 - - [04/May/2009:17:06:31 +0300] "GET /index.php?a=3__x8i6z6&k=5596499 HTTP/1.1" 200 43 "http://www.buldinle.com/index.php?a=3__x8i6z6&k=5596499" "Mozilla/4.0 (compatible; MSIE 7.0; Windows NT 5.1; GTB5; .NET CLR 1.1.4322; .NET CLR 2.0.50727; InfoPath.1)"
78.172.93.196 - - [04/May/2009:17:06:35 +0300] "GET /index.php?a=3__x8i6z6&k=5596499 HTTP/1.1" 200 43 "http://www.buldinle.com/index.php?a=3__x8i6z6&k=5596499" "Mozilla/4.0 (compatible; MSIE 7.0; Windows NT 5.1; GTB5; .NET CLR 1.1.4322; .NET CLR 2.0.50727; InfoPath.1)"
78.169.193.220 - - [04/May/2009:17:06:36 +0300] "GET / HTTP/1.1" 200 43 "http://www.buldinle.com/" "Mozilla/4.0 (compatible; MSIE 6.0; Windows NT 5.1; SV1)"
88.227.173.88 - - [04/May/2009:17:06:42 +0300] "GET /index.php?a=1__m13khwexvrc&k=1115029 HTTP/1.1" 200 43 "http://www.buldinle.com/index.php?a=1__m13KhWEXVrc&k=1115029" "Mozilla/4.0 (compatible; MSIE 6.0; Windows NT 5.1; SV1)"
84.150.208.75 - - [04/May/2009:17:06:43 +0300] "GET /info/1/da79hipjcha/6363471/ebdul%20qhar%20zaxoli%20qednedy%20azari%20giani%202009/index.html HTTP/1.1" 200 43 "http://www.buldinle.com/info/1/Da79hipjCHA/6363471/Ebdul%20Qhar%20Zaxoli%20Qednedy%20Azari%20Giani%202009/index.html" "Mozilla/5.0 (Windows; U; Windows NT 5.1; de; rv:1.9.0.1) Gecko/2008070208 Firefox/3.0.1"
88.227.173.88 - - [04/May/2009:17:06:44 +0300] "GET /index.php?a=1__m13khwexvrc&k=1115029 HTTP/1.1" 200 43 "http://www.buldinle.com/index.php?a=1__m13KhWEXVrc&k=1115029" "Mozilla/4.0 (compatible; MSIE 6.0; Windows NT 5.1; SV1)"
212.175.150.167 - - [04/May/2009:17:06:47 +0300] "GET /index.php?i=10&a=1__gttmai4ryww&k=2700489 HTTP/1.1" 200 43 "http://www.buldinle.com/index.php?i=10&a=1__gttMAI4ryWw&k=2700489" "Mozilla/5.0 (Windows; U; Windows NT 5.1; en-US; rv:1.9.0.10) Gecko/2009042316 Firefox/3.0.10"
78.180.46.33 - - [04/May/2009:17:06:47 +0300] "GET /index.php?i=21&a=1__fptd8-j8nzc&k=6501739 HTTP/1.1" 200 43 "http://www.buldinle.com/index.php?i=21&a=1__FPtD8-j8nzc&k=6501739" "Mozilla/4.0 (compatible; MSIE 6.0; Windows NT 5.1; SV1)"
84.150.208.75 - - [04/May/2009:17:06:52 +0300] "GET /info/keyword/0/1/zaxo/index.html HTTP/1.1" 200 43 "http://www.buldinle.com/info/keyword/0/1/zaxo/index.html" "Mozilla/5.0 (Windows; U; Windows NT 5.1; de; rv:1.9.0.1) Gecko/2008070208 Firefox/3.0.1"
212.98.223.2 - - [04/May/2009:17:06:54 +0300] "GET / HTTP/1.1" 200 43 "http://www.buldinle.com/" "Mozilla/4.0 (compatible; MSIE 7.0; Windows NT 5.1; .NET CLR 1.1.4322; InfoPath.1)"
78.169.193.220 - - [04/May/2009:17:06:56 +0300] "GET /index.php?a=1__p_qfjxhr8kk&k=4231530 HTTP/1.1" 200 43 "http://www.buldinle.com/index.php?a=1__P_QfJxhr8Kk&k=4231530" "Mozilla/4.0 (compatible; MSIE 6.0; Windows NT 5.1; SV1)"
78.169.193.220 - - [04/May/2009:17:06:57 +0300] "GET /index.php?a=1__p_qfjxhr8kk&k=4231530 HTTP/1.1" 200 43 "http://www.buldinle.com/index.php?a=1__P_QfJxhr8Kk&k=4231530" "Mozilla/4.0 (compatible; MSIE 6.0; Windows NT 5.1; SV1)"
78.177.136.240 - - [04/May/2009:17:07:01 +0300] "GET /index.php?a=1__svvfjilvjas&k=52948 HTTP/1.1" 200 43 "http://www.buldinle.com/index.php?a=1__SVvFJilvjas&k=52948" "Mozilla/4.0 (compatible; MSIE 6.0; Windows NT 5.1; SV1)"
84.150.208.75 - - [04/May/2009:17:07:02 +0300] "GET /info/keyword/0/1/kurdish/index.html HTTP/1.1" 200 43 "http://www.buldinle.com/info/keyword/0/1/kurdish/index.html" "Mozilla/5.0 (Windows; U; Windows NT 5.1; de; rv:1.9.0.1) Gecko/2008070208 Firefox/3.0.1"
78.180.46.33 - - [04/May/2009:17:07:06 +0300] "GET /index.php?i=21&a=1__fptd8-j8nzc&k=6501739 HTTP/1.1" 200 43 "http://www.buldinle.com/index.php?i=21&a=1__FPtD8-j8nzc&k=6501739" "Mozilla/4.0 (compatible; MSIE 6.0; Windows NT 5.1; SV1)"
78.161.41.167 - - [04/May/2009:17:07:08 +0300] "GET /index.php?i=0&a=1__spa8bv1d6kk&k=3407649 HTTP/1.1" 200 43 "http://www.buldinle.com/index.php?i=0&a=1__SPA8bV1D6kk&k=3407649" "Mozilla/4.0 (compatible; MSIE 6.0; Windows NT 5.1; SV1)"
84.150.208.75 - - [04/May/2009:17:07:09 +0300] "GET /info/1/hd9uzhoapmo/34833/kurdish%20-%20diyar%20-%20live%20hawler/index.html HTTP/1.1" 200 43 "http://www.buldinle.com/info/1/Hd9uzhoapmo/34833/kurdish%20-%20Diyar%20-%20live%20Hawler/index.html" "Mozilla/5.0 (Windows; U; Windows NT 5.1; de; rv:1.9.0.1) Gecko/2008070208 Firefox/3.0.1"
78.177.136.240 - - [04/May/2009:17:07:09 +0300] "GET /index.php?i=0&a=1__a9ye7qt03ge&k=4766501 HTTP/1.1" 200 43 "http://www.buldinle.com/index.php?i=0&a=1__A9ye7qt03gE&k=4766501" "Mozilla/4.0 (compatible; MSIE 6.0; Windows NT 5.1; SV1)"
78.180.46.33 - - [04/May/2009:17:07:09 +0300] "GET /index.php?i=21&a=1__fptd8-j8nzc&k=6501739 HTTP/1.1" 200 43 "http://www.buldinle.com/index.php?i=21&a=1__FPtD8-j8nzc&k=6501739" "Mozilla/4.0 (compatible; MSIE 6.0; Windows NT 5.1; SV1)"
78.177.136.240 - - [04/May/2009:17:07:09 +0300] "GET /index.php?i=0&a=1__a9ye7qt03ge&k=4766501 HTTP/1.1" 200 43 "http://www.buldinle.com/index.php?i=0&a=1__A9ye7qt03gE&k=4766501" "Mozilla/4.0 (compatible; MSIE 6.0; Windows NT 5.1; SV1)"
212.98.223.2 - - [04/May/2009:17:07:10 +0300] "GET / HTTP/1.1" 200 43 "http://www.buldinle.com/" "Mozilla/4.0 (compatible; MSIE 7.0; Windows NT 5.1; .NET CLR 1.1.4322; InfoPath.1)"
78.161.41.167 - - [04/May/2009:17:07:10 +0300] "GET /index.php?i=0&a=1__spa8bv1d6kk&k=3407649 HTTP/1.1" 200 43 "http://www.buldinle.com/index.php?i=0&a=1__SPA8bV1D6kk&k=3407649" "Mozilla/4.0 (compatible; MSIE 6.0; Windows NT 5.1; SV1)"
84.150.208.75 - - [04/May/2009:17:07:11 +0300] "GET /info/keyword/0/1/kurdish/index.html HTTP/1.1" 200 43 "http://www.buldinle.com/info/keyword/0/1/kurdish/index.html" "Mozilla/5.0 (Windows; U; Windows NT 5.1; de; rv:1.9.0.1) Gecko/2008070208 Firefox/3.0.1"
84.150.208.75 - - [04/May/2009:17:07:17 +0300] "GET /info/keyword/0/1/zaxo/index.html HTTP/1.1" 200 43 "http://www.buldinle.com/info/keyword/0/1/zaxo/index.html" "Mozilla/5.0 (Windows; U; Windows NT 5.1; de; rv:1.9.0.1) Gecko/2008070208 Firefox/3.0.1"
212.98.223.2 - - [04/May/2009:17:07:21 +0300] "GET /index.php?a=3__x924o2&k=6411489 HTTP/1.1" 200 43 "http://www.buldinle.com/index.php?a=3__x924o2&k=6411489" "Mozilla/4.0 (compatible; MSIE 7.0; Windows NT 5.1; .NET CLR 1.1.4322; InfoPath.1)"
84.150.208.75 - - [04/May/2009:17:07:21 +0300] "GET /info/1/da79hipjcha/6363471/ebdul%20qhar%20zaxoli%20qednedy%20azari%20giani%202009/index.html HTTP/1.1" 200 43 "http://www.buldinle.com/info/1/Da79hipjCHA/6363471/Ebdul%20Qhar%20Zaxoli%20Qednedy%20Azari%20Giani%202009/index.html" "Mozilla/5.0 (Windows; U; Windows NT 5.1; de; rv:1.9.0.1) Gecko/2008070208 Firefox/3.0.1"
212.98.223.2 - - [04/May/2009:17:07:24 +0300] "GET /index.php?a=3__x924o2&k=6411489 HTTP/1.1" 200 43 "http://www.buldinle.com/index.php?a=3__x924o2&k=6411489" "Mozilla/4.0 (compatible; MSIE 7.0; Windows NT 5.1; .NET CLR 1.1.4322; InfoPath.1)"
78.180.46.33 - - [04/May/2009:17:07:27 +0300] "GET /index.php?i=21&a=1__fptd8-j8nzc&k=6501739 HTTP/1.1" 200 43 "http://www.buldinle.com/index.php?i=21&a=1__FPtD8-j8nzc&k=6501739" "Mozilla/4.0 (compatible; MSIE 6.0; Windows NT 5.1; SV1)"
78.180.46.33 - - [04/May/2009:17:07:28 +0300] "GET /index.php?i=21&a=1__fptd8-j8nzc&k=6501739 HTTP/1.1" 200 43 "http://www.buldinle.com/index.php?i=21&a=1__FPtD8-j8nzc&k=6501739" "Mozilla/4.0 (compatible; MSIE 6.0; Windows NT 5.1; SV1)"
78.177.136.240 - - [04/May/2009:17:07:33 +0300] "GET /index.php?i=1&a=1__ot4xsdbamzc&k=377383 HTTP/1.1" 200 43 "http://www.buldinle.com/index.php?i=1&a=1__Ot4XSDBAmZc&k=377383" "Mozilla/4.0 (compatible; MSIE 6.0; Windows NT 5.1; SV1)"
78.177.136.240 - - [04/May/2009:17:07:35 +0300] "GET /index.php?i=1&a=1__ot4xsdbamzc&k=377383 HTTP/1.1" 200 43 "http://www.buldinle.com/index.php?i=1&a=1__Ot4XSDBAmZc&k=377383" "Mozilla/4.0 (compatible; MSIE 6.0; Windows NT 5.1; SV1)"
88.224.45.61 - - [04/May/2009:17:07:37 +0300] "GET / HTTP/1.1" 200 43 "http://www.buldinle.com/" "Mozilla/4.0 (compatible; MSIE 6.0; Windows NT 5.1; SV1; Seekmo 10.0.431.0)"
88.249.61.66 - - [04/May/2009:17:07:38 +0300] "GET /index.php?i=1&a=1__svnb-otzkva&k=124104 HTTP/1.1" 200 43 "http://www.buldinle.com/index.php?i=1&a=1__SVnB-otzkVA&k=124104" "Mozilla/4.0 (compatible; MSIE 6.0; Windows NT 5.1; SV1; .NET CLR 2.0.50727)"
212.175.150.167 - - [04/May/2009:17:07:39 +0300] "GET /index.php?i=15&a=1__r8fktdxj1so&k=2702505 HTTP/1.1" 200 43 "http://www.buldinle.com/index.php?i=15&a=1__R8FkTDxJ1So&k=2702505" "Mozilla/5.0 (Windows; U; Windows NT 5.1; en-US; rv:1.9.0.10) Gecko/2009042316 Firefox/3.0.10"
212.175.150.167 - - [04/May/2009:17:07:50 +0300] "GET /index.php?i=15&a=1__r8fktdxj1so&k=2702505 HTTP/1.1" 200 43 "http://www.buldinle.com/index.php?i=15&a=1__R8FkTDxJ1So&k=2702505" "Mozilla/5.0 (Windows; U; Windows NT 5.1; en-US; rv:1.9.0.10) Gecko/2009042316 Firefox/3.0.10"
78.180.46.33 - - [04/May/2009:17:07:55 +0300] "GET /index.php?i=21&a=1__fptd8-j8nzc&k=6501739 HTTP/1.1" 200 43 "http://www.buldinle.com/index.php?i=21&a=1__FPtD8-j8nzc&k=6501739" "Mozilla/4.0 (compatible; MSIE 6.0; Windows NT 5.1; SV1)"
212.98.223.2 - - [04/May/2009:17:08:01 +0300] "GET / HTTP/1.1" 200 43 "http://www.buldinle.com/" "Mozilla/4.0 (compatible; MSIE 7.0; Windows NT 5.1; .NET CLR 1.1.4322; InfoPath.1)"
88.252.133.241 - - [04/May/2009:17:08:01 +0300] "GET /index.php?a=1__4-zpujv0toc&k=4915985 HTTP/1.1" 200 43 "http://www.buldinle.com/index.php?a=1__4-zPUjV0tOc&k=4915985" "Mozilla/4.0 (compatible; MSIE 7.0; Windows NT 6.0; Trident/4.0; SLCC1; .NET CLR 2.0.50727; Media Center PC 5.0; .NET CLR 3.0.04506; InfoPath.2; yie8)"
88.252.133.241 - - [04/May/2009:17:08:02 +0300] "GET /index.php?a=1__4-zpujv0toc&k=4915985 HTTP/1.1" 200 43 "http://www.buldinle.com/index.php?a=1__4-zPUjV0tOc&k=4915985" "Mozilla/4.0 (compatible; MSIE 7.0; Windows NT 6.0; Trident/4.0; SLCC1; .NET CLR 2.0.50727; Media Center PC 5.0; .NET CLR 3.0.04506; InfoPath.2; yie8)"
78.180.46.33 - - [04/May/2009:17:08:03 +0300] "GET /index.php?i=21&a=1__fptd8-j8nzc&k=6501739 HTTP/1.1" 200 43 "http://www.buldinle.com/index.php?i=21&a=1__FPtD8-j8nzc&k=6501739" "Mozilla/4.0 (compatible; MSIE 6.0; Windows NT 5.1; SV1)"
212.98.223.2 - - [04/May/2009:17:08:10 +0300] "GET / HTTP/1.1" 200 43 "http://www.buldinle.com/" "Mozilla/4.0 (compatible; MSIE 7.0; Windows NT 5.1; .NET CLR 1.1.4322; InfoPath.1)"
