88.240.129.183 - - [10/Mar/2009:20:39:14 +0200] "GET /index.php?a=1__wwv40pdxdpo&k=218978 HTTP/1.1" 200 43 "http://www.buldinle.com/index.php?a=1__WWV40pdxdpo&k=218978" "Mozilla/4.0 (compatible; MSIE 6.0; Windows NT 5.1)"
78.182.145.168 - - [10/Mar/2009:20:39:23 +0200] "GET /index.php?a=1__g3a8nao_0vc&k=322911 HTTP/1.1" 200 43 "http://www.buldinle.com/index.php?a=1__G3A8NaO_0vc&k=322911" "Mozilla/4.0 (compatible; MSIE 6.0; Windows NT 5.1; SV1; .NET CLR 2.0.50727)"
78.182.134.25 - - [10/Mar/2009:20:39:27 +0200] "GET / HTTP/1.1" 200 43 "http://www.buldinle.com/" "Mozilla/4.0 (compatible; MSIE 7.0; Windows NT 5.1; .NET CLR 2.0.50727; .NET CLR 3.0.04506.648; .NET CLR 3.5.21022; .NET CLR 1.1.4322)"
85.100.108.215 - - [10/Mar/2009:20:39:41 +0200] "GET /index.php?a=1__shuhlvz-9d0&k=71481 HTTP/1.1" 200 43 "http://www.buldinle.com/index.php?a=1__shUhLVz-9D0&k=71481" "Mozilla/4.0 (compatible; MSIE 6.0; Windows NT 5.1; SV1)"
85.98.144.107 - - [10/Mar/2009:20:39:53 +0200] "GET /index.php?i=1&a=1__men_ofpim44&k=304721 HTTP/1.1" 200 43 "http://www.buldinle.com/index.php?i=1&a=1__MEN_OFpIM44&k=304721" "Mozilla/4.0 (compatible; MSIE 6.0; Windows NT 5.1; SV1; .NET CLR 2.0.50727; InfoPath.2)"
91.188.201.162 - - [10/Mar/2009:20:39:53 +0200] "GET /index.php?i=4&a=1__heowqzs6ovs&k=5499064 HTTP/1.1" 200 43 "http://www.buldinle.com/index.php?i=4&a=1__HEOwQzS6oVs&k=5499064" "Mozilla/4.0 (compatible; MSIE 6.0; Windows NT 5.1; SV1)"
78.174.194.14 - - [10/Mar/2009:20:40:16 +0200] "GET /index.php?i=5&a=3__x8g0vi&k=5508310 HTTP/1.1" 200 43 "http://www.buldinle.com/index.php?i=5&a=3__x8g0vi&k=5508310" "Mozilla/4.0 (compatible; MSIE 6.0; Windows NT 5.1; SV1; GTB5; .NET CLR 2.0.50727; OfficeLiveConnector.1.3; OfficeLivePatch.0.0)"
78.182.145.168 - - [10/Mar/2009:20:40:19 +0200] "GET / HTTP/1.1" 200 43 "http://www.buldinle.com" "Mozilla/4.0 (compatible; MSIE 6.0; Windows NT 5.1; SV1; .NET CLR 2.0.50727)"
78.160.95.147 - - [10/Mar/2009:20:40:23 +0200] "GET /index.php?a=1__svgcxredkme&k=4851048 HTTP/1.1" 200 43 "http://www.buldinle.com/index.php?a=1__SVGcXrEdKmE&k=4851048" "Mozilla/4.0 (compatible; MSIE 7.0; Windows NT 5.1; .NET CLR 2.0.50727; .NET CLR 3.0.04506.648; .NET CLR 3.5.21022; .NET CLR 1.1.4322; InfoPath.1)"
88.254.190.73 - - [10/Mar/2009:20:40:26 +0200] "GET / HTTP/1.1" 200 43 "http://www.buldinle.com/" "Mozilla/4.0 (compatible; MSIE 6.0; Windows NT 5.1; SV1; GTB5; .NET CLR 2.0.50727; InfoPath.2)"
144.122.180.55 - - [10/Mar/2009:20:40:42 +0200] "GET / HTTP/1.1" 200 43 "http://buldinle.com/" "Mozilla/5.0 (X11; U; Linux x86_64; en-US; rv:1.9.0.6) Gecko/2009020911 Ubuntu/8.10 (intrepid) Firefox/3.0.6"
85.100.75.104 - - [10/Mar/2009:20:40:53 +0200] "GET /index.php?i=7&a=1__gefuumyhl5c&k=5143555 HTTP/1.1" 200 43 "http://www.buldinle.com/index.php?i=7&a=1__GeFUuMyHl5c&k=5143555" "Mozilla/5.0 (Windows; U; Windows NT 5.1; tr; rv:1.9.0.7) Gecko/2009021910 Firefox/3.0.7"
88.230.49.190 - - [10/Mar/2009:20:40:58 +0200] "GET /index.php?i=31&a=3__x8lnxj&k=5741681 HTTP/1.1" 200 43 "http://www.buldinle.com/index.php?i=31&a=3__x8lnxj&k=5741681" "Mozilla/5.0 (Windows; U; Windows NT 6.0; tr; rv:1.9.0.7) Gecko/2009021910 Firefox/3.0.7"
88.238.80.212 - - [10/Mar/2009:20:41:04 +0200] "GET /index.php?i=3&a=1__nylwwgyggwe&k=5413732 HTTP/1.1" 200 43 "http://www.buldinle.com/index.php?i=3&a=1__nyLWWgYGGWE&k=5413732" "Mozilla/4.0 (compatible; MSIE 7.0; Windows NT 5.1)"
88.230.49.190 - - [10/Mar/2009:20:41:08 +0200] "GET /index.php?i=29&a=3__x8lnkk&k=5741280 HTTP/1.1" 200 43 "http://www.buldinle.com/index.php?i=29&a=3__x8lnkk&k=5741280" "Mozilla/5.0 (Windows; U; Windows NT 6.0; tr; rv:1.9.0.7) Gecko/2009021910 Firefox/3.0.7"
85.100.75.104 - - [10/Mar/2009:20:41:15 +0200] "GET /index.php?i=5&a=1__yxxzf0rohrw&k=411230 HTTP/1.1" 200 43 "http://www.buldinle.com/index.php?i=5&a=1__YXXZf0rohrw&k=411230" "Mozilla/5.0 (Windows; U; Windows NT 5.1; tr; rv:1.9.0.7) Gecko/2009021910 Firefox/3.0.7"
88.234.155.242 - - [10/Mar/2009:20:41:15 +0200] "GET /index.php?i=0&a=3__x8g0vi&k=5508310 HTTP/1.1" 200 43 "http://www.buldinle.com/index.php?i=0&a=3__x8g0vi&k=5508310" "Mozilla/4.0 (compatible; MSIE 6.0; Windows NT 5.1; SV1; .NET CLR 2.0.50727)"
85.100.75.104 - - [10/Mar/2009:20:41:17 +0200] "GET /index.php?i=7&a=3__x8i6z6&k=5596499 HTTP/1.1" 200 43 "http://www.buldinle.com/index.php?i=7&a=3__x8i6z6&k=5596499" "Mozilla/5.0 (Windows; U; Windows NT 5.1; tr; rv:1.9.0.7) Gecko/2009021910 Firefox/3.0.7"
85.100.75.104 - - [10/Mar/2009:20:41:27 +0200] "GET /index.php?i=4&a=1__yxxzf0rohrw&k=411230 HTTP/1.1" 200 43 "http://www.buldinle.com/index.php?i=4&a=1__YXXZf0rohrw&k=411230" "Mozilla/5.0 (Windows; U; Windows NT 5.1; tr; rv:1.9.0.7) Gecko/2009021910 Firefox/3.0.7"
88.230.190.64 - - [10/Mar/2009:20:41:27 +0200] "GET /index.php?a=3__x8g0vi&k=5508310 HTTP/1.1" 200 43 "http://www.buldinle.com/index.php?a=3__x8g0vi&k=5508310" "Mozilla/4.0 (compatible; MSIE 7.0; Windows NT 6.0; GTB5; Mozilla/4.0 (compatible; MSIE 6.0; Windows NT 5.1; SV1) ; SLCC1; .NET CLR 2.0.50727; .NET CLR 3.5.30729; .NET CLR 3.0.30618; OfficeLiveConnector.1.3; OfficeLivePatch.0.0)"
85.100.75.104 - - [10/Mar/2009:20:41:30 +0200] "GET /index.php?a=1__gefuumyhl5c&k=5143555 HTTP/1.1" 200 43 "http://www.buldinle.com/index.php?a=1__GeFUuMyHl5c&k=5143555" "Mozilla/5.0 (Windows; U; Windows NT 5.1; tr; rv:1.9.0.7) Gecko/2009021910 Firefox/3.0.7"
88.235.147.67 - - [10/Mar/2009:20:41:31 +0200] "GET /index.php?a=1__smiqd6hrbdg&k=6893 HTTP/1.1" 200 43 "http://www.buldinle.com/index.php?a=1__sMiqd6HrBdg&k=6893" "Mozilla/4.0 (compatible; MSIE 6.0; Windows NT 5.1; SV1; GTB5)"
78.182.145.168 - - [10/Mar/2009:20:41:35 +0200] "GET /index.php?a=1__unpzyxrx9b0&k=998853 HTTP/1.1" 200 43 "http://www.buldinle.com/index.php?a=1__UnPzyXRX9b0&k=998853" "Mozilla/4.0 (compatible; MSIE 6.0; Windows NT 5.1; SV1; .NET CLR 2.0.50727)"
88.254.190.73 - - [10/Mar/2009:20:41:49 +0200] "GET /index.php?a=1__men_ofpim44&k=304721 HTTP/1.1" 200 43 "http://www.buldinle.com/index.php?a=1__MEN_OFpIM44&k=304721" "Mozilla/4.0 (compatible; MSIE 6.0; Windows NT 5.1; SV1; GTB5; .NET CLR 2.0.50727; InfoPath.2)"
88.229.38.205 - - [10/Mar/2009:20:41:52 +0200] "GET /index.php?a=1__men_ofpim44&k=304721 HTTP/1.1" 200 43 "http://www.buldinle.com/index.php?a=1__MEN_OFpIM44&k=304721" "Mozilla/4.0 (compatible; MSIE 7.0; Windows NT 6.0; SLCC1; .NET CLR 2.0.50727; .NET CLR 3.0.04506; InfoPath.2; OfficeLiveConnector.1.3; OfficeLivePatch.0.0)"
88.252.92.144 - - [10/Mar/2009:20:41:58 +0200] "GET / HTTP/1.1" 200 43 "http://www.buldinle.com/" "Mozilla/5.0 (Windows; U; Windows NT 5.1; tr; rv:1.9.0.7) Gecko/2009021910 Firefox/3.0.7"
88.234.57.227 - - [10/Mar/2009:20:41:58 +0200] "GET / HTTP/1.1" 200 43 "http://www.buldinle.com/" "Mozilla/5.0 (Windows; U; Windows NT 6.0; tr; rv:1.9.0.5) Gecko/2008120122 Firefox/3.0.5"
88.252.92.144 - - [10/Mar/2009:20:42:01 +0200] "GET /index.php?i=3&a=1__tbkv6stymds&k=219737 HTTP/1.1" 200 43 "http://www.buldinle.com/index.php?i=3&a=1__TbkV6stYMds&k=219737" "Mozilla/5.0 (Windows; U; Windows NT 5.1; tr; rv:1.9.0.7) Gecko/2009021910 Firefox/3.0.7"
88.226.10.171 - - [10/Mar/2009:20:42:06 +0200] "GET /index.php?a=1__jxoctxuo9f8&k=721953 HTTP/1.1" 200 43 "http://www.buldinle.com/index.php?a=1__jxOcTxuo9F8&k=721953" "Mozilla/4.0 (compatible; MSIE 6.0; Windows NT 5.1)"
85.98.144.107 - - [10/Mar/2009:20:42:30 +0200] "GET /index.php?i=2&a=1__epe6nrkv8p8&k=304724 HTTP/1.1" 200 43 "http://www.buldinle.com/index.php?i=2&a=1__ePe6NRKV8P8&k=304724" "Mozilla/4.0 (compatible; MSIE 6.0; Windows NT 5.1; SV1; .NET CLR 2.0.50727; InfoPath.2)"
94.120.60.191 - - [10/Mar/2009:20:42:54 +0200] "GET /index.php?i=6&a=1__zdrbwedxzk8&k=379397 HTTP/1.1" 200 43 "http://www.buldinle.com/index.php?i=6&a=1__ZDRbwEDXZk8&k=379397" "Mozilla/4.0 (compatible; MSIE 7.0; Windows NT 5.1)"
78.182.145.168 - - [10/Mar/2009:20:43:00 +0200] "GET / HTTP/1.1" 200 43 "http://www.buldinle.com" "Mozilla/4.0 (compatible; MSIE 6.0; Windows NT 5.1; SV1; .NET CLR 2.0.50727)"
88.226.10.171 - - [10/Mar/2009:20:43:07 +0200] "GET /index.php?a=1__r74sqh4ohta&k=78118 HTTP/1.1" 200 43 "http://www.buldinle.com/index.php?a=1__R74SQh4OHTA&k=78118" "Mozilla/4.0 (compatible; MSIE 6.0; Windows NT 5.1)"
78.172.158.227 - - [10/Mar/2009:20:43:12 +0200] "GET /index.php?a=1__s7su5cdycb0&k=438800 HTTP/1.1" 200 43 "http://www.buldinle.com/index.php?a=1__S7SU5CdYcB0&k=438800" "Mozilla/4.0 (compatible; MSIE 7.0; Windows NT 5.1; .NET CLR 2.0.50727)"
78.174.194.14 - - [10/Mar/2009:20:43:16 +0200] "GET /index.php?a=3__x8i6z6&k=5596499 HTTP/1.1" 200 43 "http://www.buldinle.com/index.php?a=3__x8i6z6&k=5596499" "Mozilla/4.0 (compatible; MSIE 6.0; Windows NT 5.1; SV1; GTB5; .NET CLR 2.0.50727; OfficeLiveConnector.1.3; OfficeLivePatch.0.0)"
88.234.155.242 - - [10/Mar/2009:20:43:19 +0200] "GET /index.php?i=4&a=1__gefuumyhl5c&k=5143555 HTTP/1.1" 200 43 "http://www.buldinle.com/index.php?i=4&a=1__GeFUuMyHl5c&k=5143555" "Mozilla/4.0 (compatible; MSIE 6.0; Windows NT 5.1; SV1; .NET CLR 2.0.50727)"
78.182.145.168 - - [10/Mar/2009:20:43:32 +0200] "GET /index.php?a=1__ybziugzgxfw&k=628470 HTTP/1.1" 200 43 "http://www.buldinle.com/index.php?a=1__YBzIugZGXFw&k=628470" "Mozilla/4.0 (compatible; MSIE 6.0; Windows NT 5.1; SV1; .NET CLR 2.0.50727)"
88.224.103.40 - - [10/Mar/2009:20:43:34 +0200] "GET / HTTP/1.1" 200 43 "-" "Mozilla/4.0 (compatible; MSIE 7.0; Windows NT 5.1; .NET CLR 2.0.50727; .NET CLR 3.0.04506.30)"
85.100.108.215 - - [10/Mar/2009:20:43:40 +0200] "GET /index.php?a=1__jwkvkerkvs4&k=59589 HTTP/1.1" 200 43 "http://www.buldinle.com/index.php?a=1__JwKvKeRKvS4&k=59589" "Mozilla/4.0 (compatible; MSIE 6.0; Windows NT 5.1; SV1)"
88.252.201.245 - - [10/Mar/2009:20:43:53 +0200] "GET /index.php?i=1&a=1__5kf9nvgrzos&k=208773 HTTP/1.1" 200 43 "http://www.buldinle.com/index.php?i=1&a=1__5Kf9nvgRzos&k=208773" "Mozilla/4.0 (compatible; MSIE 7.0; Windows NT 5.1; .NET CLR 2.0.50727)"
88.252.201.245 - - [10/Mar/2009:20:43:55 +0200] "GET /index.php?i=0&a=1__wzvksiq7tbq&k=4803741 HTTP/1.1" 200 43 "http://www.buldinle.com/index.php?i=0&a=1__WzVksIq7TbQ&k=4803741" "Mozilla/4.0 (compatible; MSIE 7.0; Windows NT 5.1; .NET CLR 2.0.50727)"
91.188.201.162 - - [10/Mar/2009:20:44:07 +0200] "GET /index.php?i=5&a=3__x8g0vi&k=5508310 HTTP/1.1" 200 43 "http://www.buldinle.com/index.php?i=5&a=3__x8g0vi&k=5508310" "Mozilla/4.0 (compatible; MSIE 6.0; Windows NT 5.1; SV1)"
88.240.129.183 - - [10/Mar/2009:20:44:09 +0200] "GET /index.php?i=0&a=1__rntjt9z0q9w&k=398179 HTTP/1.1" 200 43 "http://www.buldinle.com/index.php?i=0&a=1__RnTjT9z0Q9w&k=398179" "Mozilla/4.0 (compatible; MSIE 6.0; Windows NT 5.1)"
78.186.20.172 - - [10/Mar/2009:20:44:32 +0200] "GET /index.php?i=6&a=1__8aqqqcntqig&k=698082 HTTP/1.1" 200 43 "http://www.buldinle.com/index.php?i=6&a=1__8AqqQCNTqig&k=698082" "Mozilla/4.0 (compatible; MSIE 7.0; Windows NT 5.1; GTB5)"
88.254.190.73 - - [10/Mar/2009:20:44:40 +0200] "GET /index.php?i=0&a=1__3mozigmnatw&k=396920 HTTP/1.1" 200 43 "http://www.buldinle.com/index.php?i=0&a=1__3MOzigMnatw&k=396920" "Mozilla/4.0 (compatible; MSIE 6.0; Windows NT 5.1; SV1; GTB5; .NET CLR 2.0.50727; InfoPath.2)"
88.229.38.205 - - [10/Mar/2009:20:44:49 +0200] "GET /index.php?i=0&a=1__r96hqzlauam&k=304722 HTTP/1.1" 200 43 "http://www.buldinle.com/index.php?i=0&a=1__R96hqzLauaM&k=304722" "Mozilla/4.0 (compatible; MSIE 7.0; Windows NT 6.0; SLCC1; .NET CLR 2.0.50727; .NET CLR 3.0.04506; InfoPath.2; OfficeLiveConnector.1.3; OfficeLivePatch.0.0)"
88.253.152.96 - - [10/Mar/2009:20:44:50 +0200] "GET / HTTP/1.1" 200 43 "http://www.buldinle.com/" "Mozilla/4.0 (compatible; MSIE 7.0; Windows NT 6.0; SLCC1; .NET CLR 2.0.50727; Media Center PC 5.0; .NET CLR 3.0.04506; InfoPath.2)"
94.122.131.255 - - [10/Mar/2009:20:44:50 +0200] "GET /index.php?a=1__wgfnrjydegy&k=495862 HTTP/1.1" 200 43 "http://www.buldinle.com/index.php?a=1__wGfNrjYDEgY&k=495862" "Mozilla/4.0 (compatible; MSIE 6.0; Windows NT 5.1; SV1; .NET CLR 1.1.4322)"
88.224.103.40 - - [10/Mar/2009:20:44:53 +0200] "GET /index.php?i=11&a=1__bae49b4-ckk&k=110289 HTTP/1.1" 200 43 "-" "Mozilla/4.0 (compatible; MSIE 7.0; Windows NT 5.1; .NET CLR 2.0.50727; .NET CLR 3.0.04506.30)"
88.240.129.183 - - [10/Mar/2009:20:45:00 +0200] "GET /index.php?i=4&a=1__sv6m5jkkgky&k=320974 HTTP/1.1" 200 43 "http://www.buldinle.com/index.php?i=4&a=1__SV6M5JkkGKY&k=320974" "Mozilla/4.0 (compatible; MSIE 6.0; Windows NT 5.1)"
88.228.87.122 - - [10/Mar/2009:20:45:04 +0200] "GET /index.php?i=5&a=3__x4s0i6&k=1699612 HTTP/1.1" 200 43 "http://www.buldinle.com/index.php?i=5&a=3__x4s0i6&k=1699612" "Mozilla/4.0 (compatible; MSIE 7.0; Windows NT 6.0; SLCC1; .NET CLR 2.0.50727; Media Center PC 5.0; InfoPath.1; .NET CLR 3.5.30729; .NET CLR 3.0.30618)"
85.98.188.85 - - [10/Mar/2009:20:45:10 +0200] "GET / HTTP/1.1" 200 43 "http://www.buldinle.com/" "Mozilla/4.0 (compatible; MSIE 6.0; Windows NT 5.1; SV1; GTB5; InfoPath.1)"
88.229.38.205 - - [10/Mar/2009:20:45:11 +0200] "GET /index.php?a=1__men_ofpim44&k=304721 HTTP/1.1" 200 43 "http://www.buldinle.com/index.php?a=1__MEN_OFpIM44&k=304721" "Mozilla/4.0 (compatible; MSIE 7.0; Windows NT 6.0; SLCC1; .NET CLR 2.0.50727; .NET CLR 3.0.04506; InfoPath.2; OfficeLiveConnector.1.3; OfficeLivePatch.0.0)"
88.253.152.96 - - [10/Mar/2009:20:45:13 +0200] "GET /index.php?a=4__4103294790814643862&k=3665264 HTTP/1.1" 200 43 "http://www.buldinle.com/index.php?a=4__4103294790814643862&k=3665264" "Mozilla/4.0 (compatible; MSIE 7.0; Windows NT 6.0; SLCC1; .NET CLR 2.0.50727; Media Center PC 5.0; .NET CLR 3.0.04506; InfoPath.2)"
78.172.158.227 - - [10/Mar/2009:20:45:15 +0200] "GET /index.php?a=1__a7i2xqzpg5m&k=5498747 HTTP/1.1" 200 43 "http://www.buldinle.com/index.php?a=1__A7i2xQzpG5M&k=5498747" "Mozilla/4.0 (compatible; MSIE 7.0; Windows NT 5.1; .NET CLR 2.0.50727)"
88.226.10.171 - - [10/Mar/2009:20:45:20 +0200] "GET /index.php?a=1__jiosaxh2j28&k=243586 HTTP/1.1" 200 43 "http://www.buldinle.com/index.php?a=1__jIOsaXH2J28&k=243586" "Mozilla/4.0 (compatible; MSIE 6.0; Windows NT 5.1)"
85.102.255.74 - - [10/Mar/2009:20:45:24 +0200] "GET /index.php?i=0&a=1__1mwucaxgdlg&k=355554 HTTP/1.1" 200 43 "http://www.buldinle.com/index.php?i=0&a=1__1mwUCaXgDLg&k=355554" "Mozilla/4.0 (compatible; MSIE 7.0; Windows NT 6.0; SLCC1; .NET CLR 2.0.50727; .NET CLR 3.0.04506; OfficeLiveConnector.1.3; OfficeLivePatch.0.0)"
88.238.80.212 - - [10/Mar/2009:20:45:34 +0200] "GET /index.php?i=4&a=1__nylwwgyggwe&k=5413732 HTTP/1.1" 200 43 "http://www.buldinle.com/index.php?i=4&a=1__nyLWWgYGGWE&k=5413732" "Mozilla/4.0 (compatible; MSIE 7.0; Windows NT 5.1)"
78.162.192.181 - - [10/Mar/2009:20:45:40 +0200] "GET / HTTP/1.1" 200 43 "http://www.buldinle.com/" "Mozilla/4.0 (compatible; MSIE 7.0; Windows NT 5.1; InfoPath.1)"
85.100.75.104 - - [10/Mar/2009:20:45:42 +0200] "GET /index.php?i=0&a=1__r9iuebk8jjq&k=4812276 HTTP/1.1" 200 43 "http://www.buldinle.com/index.php?i=0&a=1__R9IUebK8JjQ&k=4812276" "Mozilla/5.0 (Windows; U; Windows NT 5.1; tr; rv:1.9.0.7) Gecko/2009021910 Firefox/3.0.7"
88.230.49.190 - - [10/Mar/2009:20:45:44 +0200] "GET /index.php?i=30&a=3__x8lnq8&k=5741551 HTTP/1.1" 200 43 "http://www.buldinle.com/index.php?i=30&a=3__x8lnq8&k=5741551" "Mozilla/5.0 (Windows; U; Windows NT 6.0; tr; rv:1.9.0.7) Gecko/2009021910 Firefox/3.0.7"
78.172.158.227 - - [10/Mar/2009:20:45:54 +0200] "GET /index.php?i=0&a=3__x8g0vi&k=5508310 HTTP/1.1" 200 43 "http://www.buldinle.com/index.php?i=0&a=3__x8g0vi&k=5508310" "Mozilla/4.0 (compatible; MSIE 7.0; Windows NT 5.1; .NET CLR 2.0.50727)"
88.253.152.96 - - [10/Mar/2009:20:45:59 +0200] "GET /index.php?a=1__dgmguyenac8&k=5476186 HTTP/1.1" 200 43 "http://www.buldinle.com/index.php?a=1__DGmguyenac8&k=5476186" "Mozilla/4.0 (compatible; MSIE 7.0; Windows NT 6.0; SLCC1; .NET CLR 2.0.50727; Media Center PC 5.0; .NET CLR 3.0.04506; InfoPath.2)"
85.98.188.85 - - [10/Mar/2009:20:46:07 +0200] "GET /index.php?a=3__x8i6z6&k=5596499 HTTP/1.1" 200 43 "http://www.buldinle.com/index.php?a=3__x8i6z6&k=5596499" "Mozilla/4.0 (compatible; MSIE 6.0; Windows NT 5.1; SV1; GTB5; InfoPath.1)"
88.226.10.171 - - [10/Mar/2009:20:46:11 +0200] "GET /index.php?a=1__a3-v4_p_6hs&k=3682191 HTTP/1.1" 200 43 "http://www.buldinle.com/index.php?a=1__a3-V4_P_6hs&k=3682191" "Mozilla/4.0 (compatible; MSIE 6.0; Windows NT 5.1)"
88.230.49.190 - - [10/Mar/2009:20:46:20 +0200] "GET /index.php?i=28&a=3__x8lasx&k=5726073 HTTP/1.1" 200 43 "http://www.buldinle.com/index.php?i=28&a=3__x8lasx&k=5726073" "Mozilla/5.0 (Windows; U; Windows NT 6.0; tr; rv:1.9.0.7) Gecko/2009021910 Firefox/3.0.7"
85.98.144.107 - - [10/Mar/2009:20:46:31 +0200] "GET /index.php?i=3&a=1__ylgizoktulm&k=304727 HTTP/1.1" 200 43 "http://www.buldinle.com/index.php?i=3&a=1__ylGizoKtUlM&k=304727" "Mozilla/4.0 (compatible; MSIE 6.0; Windows NT 5.1; SV1; .NET CLR 2.0.50727; InfoPath.2)"
88.252.92.144 - - [10/Mar/2009:20:46:49 +0200] "GET /index.php?i=4&a=1__ymxqea7yoyu&k=879303 HTTP/1.1" 200 43 "http://www.buldinle.com/index.php?i=4&a=1__yMXqEA7yoYU&k=879303" "Mozilla/5.0 (Windows; U; Windows NT 5.1; tr; rv:1.9.0.7) Gecko/2009021910 Firefox/3.0.7"
85.100.75.104 - - [10/Mar/2009:20:47:00 +0200] "GET /index.php?i=2&a=1__z_nccylulyu&k=238241 HTTP/1.1" 200 43 "http://www.buldinle.com/index.php?i=2&a=1__Z_nccYlULyU&k=238241" "Mozilla/5.0 (Windows; U; Windows NT 5.1; tr; rv:1.9.0.7) Gecko/2009021910 Firefox/3.0.7"
85.100.75.104 - - [10/Mar/2009:20:47:14 +0200] "GET /index.php?i=7&a=1__yxs0vome9p8&k=4924961 HTTP/1.1" 200 43 "http://www.buldinle.com/index.php?i=7&a=1__YxS0VoME9P8&k=4924961" "Mozilla/5.0 (Windows; U; Windows NT 5.1; tr; rv:1.9.0.7) Gecko/2009021910 Firefox/3.0.7"
78.162.159.82 - - [10/Mar/2009:20:47:27 +0200] "GET /index.php?a=3__x8m2ez&k=5757451 HTTP/1.1" 200 43 "http://www.buldinle.com/index.php?a=3__x8m2ez&k=5757451" "Mozilla/4.0 (compatible; MSIE 6.0; Windows NT 5.1; SV1; InfoPath.2)"
85.105.11.79 - - [10/Mar/2009:20:47:28 +0200] "GET / HTTP/1.1" 200 43 "http://www.buldinle.com/" "Mozilla/4.0 (compatible; MSIE 8.0; Windows NT 5.1; Trident/4.0)"
88.230.106.150 - - [10/Mar/2009:20:47:32 +0200] "GET /index.php?i=0&a=1__gmwkwjgmhvm&k=2716841 HTTP/1.1" 200 43 "http://www.buldinle.com/index.php?i=0&a=1__GmwkWJgMHvM&k=2716841" "Mozilla/4.0 (compatible; MSIE 6.0; Windows NT 5.1; SV1; .NET CLR 2.0.50727; OfficeLiveConnector.1.3; OfficeLivePatch.0.0)"
85.105.11.79 - - [10/Mar/2009:20:47:33 +0200] "GET /index.php?a=1__gefuumyhl5c&k=5143555 HTTP/1.1" 200 43 "http://www.buldinle.com/index.php?a=1__GeFUuMyHl5c&k=5143555" "Mozilla/4.0 (compatible; MSIE 8.0; Windows NT 5.1; Trident/4.0)"
85.107.15.139 - - [10/Mar/2009:20:47:40 +0200] "GET / HTTP/1.1" 200 43 "http://www.buldinle.com/" "Mozilla/4.0 (compatible; MSIE 6.0; Windows NT 5.1; SV1; InfoPath.1)"
78.182.145.168 - - [10/Mar/2009:20:47:49 +0200] "GET / HTTP/1.1" 200 43 "http://www.buldinle.com" "Mozilla/4.0 (compatible; MSIE 6.0; Windows NT 5.1; SV1; .NET CLR 2.0.50727)"
88.253.152.96 - - [10/Mar/2009:20:47:50 +0200] "GET /index.php?a=3__x8ij1n&k=5609840 HTTP/1.1" 200 43 "http://www.buldinle.com/index.php?a=3__x8ij1n&k=5609840" "Mozilla/4.0 (compatible; MSIE 7.0; Windows NT 6.0; SLCC1; .NET CLR 2.0.50727; Media Center PC 5.0; .NET CLR 3.0.04506; InfoPath.2)"
85.107.15.139 - - [10/Mar/2009:20:47:56 +0200] "GET /index.php?a=3__x8g0vi&k=5508310 HTTP/1.1" 200 43 "http://www.buldinle.com/index.php?a=3__x8g0vi&k=5508310" "Mozilla/4.0 (compatible; MSIE 6.0; Windows NT 5.1; SV1; InfoPath.1)"
91.188.201.162 - - [10/Mar/2009:20:48:04 +0200] "GET /index.php?i=6&a=1___podbysroce&k=5586270 HTTP/1.1" 200 43 "http://www.buldinle.com/index.php?i=6&a=1___PODBYsROCE&k=5586270" "Mozilla/4.0 (compatible; MSIE 6.0; Windows NT 5.1; SV1)"
88.252.201.245 - - [10/Mar/2009:20:48:08 +0200] "GET /index.php?i=1&a=1__5kf9nvgrzos&k=208773 HTTP/1.1" 200 43 "http://www.buldinle.com/index.php?i=1&a=1__5Kf9nvgRzos&k=208773" "Mozilla/4.0 (compatible; MSIE 7.0; Windows NT 5.1; .NET CLR 2.0.50727)"
88.229.38.205 - - [10/Mar/2009:20:48:08 +0200] "GET /index.php?i=0&a=1__r96hqzlauam&k=304722 HTTP/1.1" 200 43 "http://www.buldinle.com/index.php?i=0&a=1__R96hqzLauaM&k=304722" "Mozilla/4.0 (compatible; MSIE 7.0; Windows NT 6.0; SLCC1; .NET CLR 2.0.50727; .NET CLR 3.0.04506; InfoPath.2; OfficeLiveConnector.1.3; OfficeLivePatch.0.0)"
85.107.15.139 - - [10/Mar/2009:20:48:10 +0200] "GET /index.php?i=1&a=1__svgcxredkme&k=4851048 HTTP/1.1" 200 43 "http://www.buldinle.com/index.php?i=1&a=1__SVGcXrEdKmE&k=4851048" "Mozilla/4.0 (compatible; MSIE 6.0; Windows NT 5.1; SV1; InfoPath.1)"
88.234.155.242 - - [10/Mar/2009:20:48:20 +0200] "GET /index.php?i=2&a=1__svgcxredkme&k=4851048 HTTP/1.1" 200 43 "http://www.buldinle.com/index.php?i=2&a=1__SVGcXrEdKmE&k=4851048" "Mozilla/4.0 (compatible; MSIE 6.0; Windows NT 5.1; SV1; .NET CLR 2.0.50727)"
85.105.11.79 - - [10/Mar/2009:20:48:26 +0200] "GET /index.php?a=1__gefuumyhl5c&k=5143555 HTTP/1.1" 200 43 "http://www.buldinle.com/index.php?a=1__GeFUuMyHl5c&k=5143555" "Mozilla/4.0 (compatible; MSIE 8.0; Windows NT 5.1; Trident/4.0)"
88.234.155.242 - - [10/Mar/2009:20:48:35 +0200] "GET /index.php?i=4&a=1__gefuumyhl5c&k=5143555 HTTP/1.1" 200 43 "http://www.buldinle.com/index.php?i=4&a=1__GeFUuMyHl5c&k=5143555" "Mozilla/4.0 (compatible; MSIE 6.0; Windows NT 5.1; SV1; .NET CLR 2.0.50727)"
88.229.38.205 - - [10/Mar/2009:20:48:45 +0200] "GET /index.php?a=1__men_ofpim44&k=304721 HTTP/1.1" 200 43 "http://www.buldinle.com/index.php?a=1__MEN_OFpIM44&k=304721" "Mozilla/4.0 (compatible; MSIE 7.0; Windows NT 6.0; SLCC1; .NET CLR 2.0.50727; .NET CLR 3.0.04506; InfoPath.2; OfficeLiveConnector.1.3; OfficeLivePatch.0.0)"
96.250.133.226 - - [10/Mar/2009:20:48:49 +0200] "GET /info/1/7erobeu06y4/5235469/leci%20me%20femen-www.mitrovica.se/index.html HTTP/1.1" 200 43 "http://www.buldinle.com/info/1/7eRobeu06Y4/5235469/Leci%20me%20Femen-www.mitrovica.se/index.html" "Mozilla/4.0 (compatible; MSIE 7.0; Windows NT 5.1; .NET CLR 2.0.50727; InfoPath.1)"
85.105.11.79 - - [10/Mar/2009:20:49:04 +0200] "GET /index.php?a=3__x7e10q&k=4224968 HTTP/1.1" 200 43 "http://www.buldinle.com/index.php?a=3__x7e10q&k=4224968" "Mozilla/4.0 (compatible; MSIE 8.0; Windows NT 5.1; Trident/4.0)"
96.250.133.226 - - [10/Mar/2009:20:49:05 +0200] "GET /info/keyword/0/1/%22adelina/index.html HTTP/1.1" 200 43 "http://www.buldinle.com/info/keyword/0/1/%22Adelina/index.html" "Mozilla/4.0 (compatible; MSIE 7.0; Windows NT 5.1; .NET CLR 2.0.50727; InfoPath.1)"
88.244.171.220 - - [10/Mar/2009:20:49:05 +0200] "GET /index.php?a=3__x66ral&k=2927932 HTTP/1.1" 200 43 "http://www.buldinle.com/index.php?a=3__x66ral&k=2927932" "Mozilla/4.0 (compatible; MSIE 7.0; Windows NT 5.1; .NET CLR 2.0.50727)"
96.250.133.226 - - [10/Mar/2009:20:49:12 +0200] "GET /info/1/7erobeu06y4/5235469/leci%20me%20femen-www.mitrovica.se/index.html HTTP/1.1" 200 43 "http://www.buldinle.com/info/1/7eRobeu06Y4/5235469/Leci%20me%20Femen-www.mitrovica.se/index.html" "Mozilla/4.0 (compatible; MSIE 7.0; Windows NT 5.1; .NET CLR 2.0.50727; InfoPath.1)"
78.164.194.57 - - [10/Mar/2009:20:49:21 +0200] "GET /index.php?a=1__avyqqax_zuy&k=3401446 HTTP/1.1" 200 43 "http://www.buldinle.com/index.php?a=1__AVYqQax_ZuY&k=3401446" "Mozilla/4.0 (compatible; MSIE 7.0; Windows NT 6.0; WOW64; GTB5; SLCC1; .NET CLR 2.0.50727; .NET CLR 3.0.04506; OfficeLiveConnector.1.3; OfficeLivePatch.0.0)"
96.250.133.226 - - [10/Mar/2009:20:49:27 +0200] "GET /?a=1__7erobeu06y4&k=5235469 HTTP/1.1" 200 43 "http://www.buldinle.com/?a=1__7eRobeu06Y4&k=5235469" "Mozilla/4.0 (compatible; MSIE 7.0; Windows NT 5.1; .NET CLR 2.0.50727; InfoPath.1)"
78.172.158.227 - - [10/Mar/2009:20:49:36 +0200] "GET /index.php?i=1&a=1__plh9ldrwnpg&k=303349 HTTP/1.1" 200 43 "http://www.buldinle.com/index.php?i=1&a=1__plh9LDRWNPg&k=303349" "Mozilla/4.0 (compatible; MSIE 7.0; Windows NT 5.1; .NET CLR 2.0.50727)"
78.162.159.82 - - [10/Mar/2009:20:49:46 +0200] "GET /index.php?a=1__tcflqgm8yvu&k=694355 HTTP/1.1" 200 43 "http://www.buldinle.com/index.php?a=1__TCFlqgM8yVU&k=694355" "Mozilla/4.0 (compatible; MSIE 6.0; Windows NT 5.1; SV1; InfoPath.2)"
88.252.92.144 - - [10/Mar/2009:20:49:53 +0200] "GET /index.php?i=6&a=1__f71t2hkinl8&k=2054800 HTTP/1.1" 200 43 "http://www.buldinle.com/index.php?i=6&a=1__f71t2HKiNl8&k=2054800" "Mozilla/5.0 (Windows; U; Windows NT 5.1; tr; rv:1.9.0.7) Gecko/2009021910 Firefox/3.0.7"
88.254.190.73 - - [10/Mar/2009:20:50:03 +0200] "GET /index.php?i=1&a=1__e2numq6miv8&k=115852 HTTP/1.1" 200 43 "http://www.buldinle.com/index.php?i=1&a=1__E2NuMQ6MIV8&k=115852" "Mozilla/4.0 (compatible; MSIE 6.0; Windows NT 5.1; SV1; GTB5; .NET CLR 2.0.50727; InfoPath.2)"
88.238.80.212 - - [10/Mar/2009:20:50:04 +0200] "GET /index.php?i=5&a=1__nylwwgyggwe&k=5413732 HTTP/1.1" 200 43 "http://www.buldinle.com/index.php?i=5&a=1__nyLWWgYGGWE&k=5413732" "Mozilla/4.0 (compatible; MSIE 7.0; Windows NT 5.1)"
88.252.92.144 - - [10/Mar/2009:20:50:07 +0200] "GET /index.php?i=7&a=1__ghbzdbi446y&k=4324953 HTTP/1.1" 200 43 "http://www.buldinle.com/index.php?i=7&a=1__GhbzDBI446Y&k=4324953" "Mozilla/5.0 (Windows; U; Windows NT 5.1; tr; rv:1.9.0.7) Gecko/2009021910 Firefox/3.0.7"
88.224.103.40 - - [10/Mar/2009:20:50:10 +0200] "GET /index.php?i=8&a=1__vh0gu1atvic&k=110247 HTTP/1.1" 200 43 "-" "Mozilla/4.0 (compatible; MSIE 7.0; Windows NT 5.1; .NET CLR 2.0.50727; .NET CLR 3.0.04506.30)"
85.98.188.85 - - [10/Mar/2009:20:50:10 +0200] "GET /index.php?i=0&a=1__vc2zrlkhsja&k=3812051 HTTP/1.1" 200 43 "http://www.buldinle.com/index.php?i=0&a=1__VC2zRlkhsjA&k=3812051" "Mozilla/4.0 (compatible; MSIE 6.0; Windows NT 5.1; SV1; GTB5; InfoPath.1)"
85.98.144.107 - - [10/Mar/2009:20:50:15 +0200] "GET /index.php?i=4&a=1__4kiatpdxuti&k=304711 HTTP/1.1" 200 43 "http://www.buldinle.com/index.php?i=4&a=1__4kIaTPDXUtI&k=304711" "Mozilla/4.0 (compatible; MSIE 6.0; Windows NT 5.1; SV1; .NET CLR 2.0.50727; InfoPath.2)"
78.182.145.168 - - [10/Mar/2009:20:50:18 +0200] "GET / HTTP/1.1" 200 43 "http://www.buldinle.com" "Mozilla/4.0 (compatible; MSIE 6.0; Windows NT 5.1; SV1; .NET CLR 2.0.50727)"
88.226.10.171 - - [10/Mar/2009:20:50:25 +0200] "GET /index.php?a=4__4909897387150629973&k=2152348 HTTP/1.1" 200 43 "http://www.buldinle.com/index.php?a=4__4909897387150629973&k=2152348" "Mozilla/4.0 (compatible; MSIE 6.0; Windows NT 5.1)"
88.252.92.144 - - [10/Mar/2009:20:50:34 +0200] "GET /index.php?i=0&a=1__h4whrho5h8s&k=3493636 HTTP/1.1" 200 43 "http://www.buldinle.com/index.php?i=0&a=1__h4Whrho5H8s&k=3493636" "Mozilla/5.0 (Windows; U; Windows NT 5.1; tr; rv:1.9.0.7) Gecko/2009021910 Firefox/3.0.7"
88.229.38.205 - - [10/Mar/2009:20:50:41 +0200] "GET /index.php?a=1__4kiatpdxuti&k=304711 HTTP/1.1" 200 43 "http://www.buldinle.com/index.php?a=1__4kIaTPDXUtI&k=304711" "Mozilla/4.0 (compatible; MSIE 7.0; Windows NT 6.0; SLCC1; .NET CLR 2.0.50727; .NET CLR 3.0.04506; InfoPath.2; OfficeLiveConnector.1.3; OfficeLivePatch.0.0)"
78.182.145.168 - - [10/Mar/2009:20:50:42 +0200] "GET /index.php?a=3__x85f0y&k=5172508 HTTP/1.1" 200 43 "http://www.buldinle.com/index.php?a=3__x85f0y&k=5172508" "Mozilla/4.0 (compatible; MSIE 6.0; Windows NT 5.1; SV1; .NET CLR 2.0.50727)"
88.230.49.190 - - [10/Mar/2009:20:50:46 +0200] "GET /index.php?i=27&a=3__x8l6xh&k=5719012 HTTP/1.1" 200 43 "http://www.buldinle.com/index.php?i=27&a=3__x8l6xh&k=5719012" "Mozilla/5.0 (Windows; U; Windows NT 6.0; tr; rv:1.9.0.7) Gecko/2009021910 Firefox/3.0.7"
78.186.20.172 - - [10/Mar/2009:20:50:49 +0200] "GET /index.php?i=7&a=1__oc83h8sst40&k=605874 HTTP/1.1" 200 43 "http://www.buldinle.com/index.php?i=7&a=1__oc83h8SST40&k=605874" "Mozilla/4.0 (compatible; MSIE 7.0; Windows NT 5.1; GTB5)"
78.172.158.227 - - [10/Mar/2009:20:50:56 +0200] "GET /index.php?i=0&a=3__x8g0vi&k=5508310 HTTP/1.1" 200 43 "http://www.buldinle.com/index.php?i=0&a=3__x8g0vi&k=5508310" "Mozilla/4.0 (compatible; MSIE 7.0; Windows NT 5.1; .NET CLR 2.0.50727)"
88.238.100.124 - - [10/Mar/2009:20:50:59 +0200] "GET /info/1/-hislo-0may/445751/yeni%20türkücü%20alican.../index.html HTTP/1.1" 200 43 "http://www.buldinle.com/info/1/-HisLO-0maY/445751/yeni%20t%C3%BCrk%C3%BCc%C3%BC%20alican.../index.html" "Mozilla/5.0 (Windows; U; Windows NT 5.1; tr; rv:1.9.0.7) Gecko/2009021910 Firefox/3.0.7"
78.182.145.168 - - [10/Mar/2009:20:51:04 +0200] "GET /index.php?a=3__x85q8p&k=5183943 HTTP/1.1" 200 43 "http://www.buldinle.com/index.php?a=3__x85q8p&k=5183943" "Mozilla/4.0 (compatible; MSIE 6.0; Windows NT 5.1; SV1; .NET CLR 2.0.50727)"
88.235.147.67 - - [10/Mar/2009:20:51:14 +0200] "GET /index.php?a=3__x8lpao&k=5743397 HTTP/1.1" 200 43 "http://www.buldinle.com/index.php?a=3__x8lpao&k=5743397" "Mozilla/4.0 (compatible; MSIE 6.0; Windows NT 5.1; SV1; GTB5)"
88.252.92.144 - - [10/Mar/2009:20:51:19 +0200] "GET / HTTP/1.1" 200 43 "http://www.buldinle.com/" "Mozilla/5.0 (Windows; U; Windows NT 5.1; tr; rv:1.9.0.7) Gecko/2009021910 Firefox/3.0.7"
85.107.15.139 - - [10/Mar/2009:20:51:22 +0200] "GET /index.php?i=2&a=3__x8i6z6&k=5596499 HTTP/1.1" 200 43 "http://www.buldinle.com/index.php?i=2&a=3__x8i6z6&k=5596499" "Mozilla/4.0 (compatible; MSIE 6.0; Windows NT 5.1; SV1; InfoPath.1)"
85.99.62.151 - - [10/Mar/2009:20:51:26 +0200] "GET / HTTP/1.1" 200 43 "http://www.buldinle.com/" "Mozilla/4.0 (compatible; MSIE 7.0; Windows NT 6.0; SLCC1; .NET CLR 2.0.50727; Media Center PC 5.0; .NET CLR 3.0.04506)"
78.182.145.168 - - [10/Mar/2009:20:51:27 +0200] "GET /index.php?a=1__cvoqzbpq88q&k=5537570 HTTP/1.1" 200 43 "http://www.buldinle.com/index.php?a=1__cvOQzbpQ88Q&k=5537570" "Mozilla/4.0 (compatible; MSIE 6.0; Windows NT 5.1; SV1; .NET CLR 2.0.50727)"
85.98.188.85 - - [10/Mar/2009:20:51:38 +0200] "GET /index.php?i=0&a=3__x8ki9j&k=5688644 HTTP/1.1" 200 43 "http://www.buldinle.com/index.php?i=0&a=3__x8ki9j&k=5688644" "Mozilla/4.0 (compatible; MSIE 6.0; Windows NT 5.1; SV1; GTB5; InfoPath.1)"
85.107.15.139 - - [10/Mar/2009:20:51:38 +0200] "GET /index.php?i=0&a=3__x8g0vi&k=5508310 HTTP/1.1" 200 43 "http://www.buldinle.com/index.php?i=0&a=3__x8g0vi&k=5508310" "Mozilla/4.0 (compatible; MSIE 6.0; Windows NT 5.1; SV1; InfoPath.1)"
88.249.57.221 - - [10/Mar/2009:20:51:51 +0200] "GET / HTTP/1.1" 200 43 "http://www.buldinle.com/" "Mozilla/4.0 (compatible; MSIE 6.0; Windows NT 5.1; GTB5)"
85.97.199.195 - - [10/Mar/2009:20:51:53 +0200] "GET / HTTP/1.1" 200 43 "http://www.buldinle.com/" "Mozilla/4.0 (compatible; MSIE 6.0; Windows NT 5.1; SV1; .NET CLR 2.0.50727; .NET CLR 1.1.4322)"
88.243.8.194 - - [10/Mar/2009:20:51:54 +0200] "GET / HTTP/1.1" 200 43 "http://www.buldinle.com/" "Mozilla/4.0 (compatible; MSIE 7.0; Windows NT 5.1; .NET CLR 1.1.4322; .NET CLR 2.0.50727; InfoPath.1)"
88.234.57.227 - - [10/Mar/2009:20:51:57 +0200] "GET / HTTP/1.1" 200 43 "http://www.buldinle.com/" "Mozilla/5.0 (Windows; U; Windows NT 6.0; tr; rv:1.9.0.5) Gecko/2008120122 Firefox/3.0.5"
85.97.199.195 - - [10/Mar/2009:20:52:07 +0200] "GET /index.php?a=3__x8g0vi&k=5508310 HTTP/1.1" 200 43 "http://www.buldinle.com/index.php?a=3__x8g0vi&k=5508310" "Mozilla/4.0 (compatible; MSIE 6.0; Windows NT 5.1; SV1; .NET CLR 2.0.50727; .NET CLR 1.1.4322)"
85.105.90.130 - - [10/Mar/2009:20:52:51 +0200] "GET /?a=3__x8i6z6&k=5596499&from_mail=osmantoraman@hotmail.com HTTP/1.1" 200 43 "http://www.buldinle.com/?a=3__x8i6z6&k=5596499&from_mail=osmantoraman@hotmail.com" "Mozilla/4.0 (compatible; MSIE 6.0; Windows NT 5.1; SV1; .NET CLR 2.0.50727)"
88.226.10.171 - - [10/Mar/2009:20:53:10 +0200] "GET /index.php?a=3__x7wwka&k=4885177 HTTP/1.1" 200 43 "http://www.buldinle.com/index.php?a=3__x7wwka&k=4885177" "Mozilla/4.0 (compatible; MSIE 6.0; Windows NT 5.1)"
88.230.106.150 - - [10/Mar/2009:20:53:17 +0200] "GET /index.php?i=1&a=3__x7e10q&k=4224968 HTTP/1.1" 200 43 "http://www.buldinle.com/index.php?i=1&a=3__x7e10q&k=4224968" "Mozilla/4.0 (compatible; MSIE 6.0; Windows NT 5.1; SV1; .NET CLR 2.0.50727; OfficeLiveConnector.1.3; OfficeLivePatch.0.0)"
91.188.201.162 - - [10/Mar/2009:20:53:23 +0200] "GET /index.php?i=7&a=3__x86skm&k=5220722 HTTP/1.1" 200 43 "http://www.buldinle.com/index.php?i=7&a=3__x86skm&k=5220722" "Mozilla/4.0 (compatible; MSIE 6.0; Windows NT 5.1; SV1)"
85.98.144.107 - - [10/Mar/2009:20:53:37 +0200] "GET /index.php?i=9&a=1__jblkdxr32sq&k=304730 HTTP/1.1" 200 43 "http://www.buldinle.com/index.php?i=9&a=1__jBLKDxr32sQ&k=304730" "Mozilla/4.0 (compatible; MSIE 6.0; Windows NT 5.1; SV1; .NET CLR 2.0.50727; InfoPath.2)"
78.162.159.82 - - [10/Mar/2009:20:53:38 +0200] "GET /index.php?i=0&a=1__qzbua6eukl4&k=154604 HTTP/1.1" 200 43 "http://www.buldinle.com/index.php?i=0&a=1__qzbUA6EukL4&k=154604" "Mozilla/4.0 (compatible; MSIE 6.0; Windows NT 5.1; SV1; InfoPath.2)"
85.98.202.123 - - [10/Mar/2009:20:54:01 +0200] "GET / HTTP/1.1" 200 43 "http://www.buldinle.com/" "Mozilla/4.0 (compatible; MSIE 6.0; Windows NT 5.1)"
88.230.106.150 - - [10/Mar/2009:20:54:11 +0200] "GET /index.php?i=14&a=1__dpnclcxoaoq&k=3778 HTTP/1.1" 200 43 "http://www.buldinle.com/index.php?i=14&a=1__DPNcLcxoaoQ&k=3778" "Mozilla/4.0 (compatible; MSIE 6.0; Windows NT 5.1; SV1; .NET CLR 2.0.50727; OfficeLiveConnector.1.3; OfficeLivePatch.0.0)"
88.224.103.40 - - [10/Mar/2009:20:54:11 +0200] "GET /index.php?i=12&a=1__l0qdp4ufz3s&k=110253 HTTP/1.1" 200 43 "-" "Mozilla/4.0 (compatible; MSIE 7.0; Windows NT 5.1; .NET CLR 2.0.50727; .NET CLR 3.0.04506.30)"
85.105.90.130 - - [10/Mar/2009:20:54:20 +0200] "GET /?a=1__xgkpnjaqyry&k=3483605&from_mail=osmantoraman@hotmail.com HTTP/1.1" 200 43 "http://www.buldinle.com/?a=1__xgKPNJaqYRY&k=3483605&from_mail=osmantoraman@hotmail.com" "Mozilla/4.0 (compatible; MSIE 6.0; Windows NT 5.1; SV1; .NET CLR 2.0.50727)"
88.243.8.194 - - [10/Mar/2009:20:54:24 +0200] "GET /index.php?a=1__jrhqkavqovi&k=673950 HTTP/1.1" 200 43 "http://www.buldinle.com/index.php?a=1__jrhqKAvQovI&k=673950" "Mozilla/4.0 (compatible; MSIE 7.0; Windows NT 5.1; .NET CLR 1.1.4322; .NET CLR 2.0.50727; InfoPath.1)"
85.98.202.123 - - [10/Mar/2009:20:54:25 +0200] "GET /index.php?i=7&a=1__qz0catbtnii&k=1612671 HTTP/1.1" 200 43 "http://www.buldinle.com/index.php?i=7&a=1__qz0catBTNII&k=1612671" "Mozilla/4.0 (compatible; MSIE 6.0; Windows NT 5.1)"
88.229.38.205 - - [10/Mar/2009:20:54:25 +0200] "GET /index.php?i=0&a=1__r96hqzlauam&k=304722 HTTP/1.1" 200 43 "http://www.buldinle.com/index.php?i=0&a=1__R96hqzLauaM&k=304722" "Mozilla/4.0 (compatible; MSIE 7.0; Windows NT 6.0; SLCC1; .NET CLR 2.0.50727; .NET CLR 3.0.04506; InfoPath.2; OfficeLiveConnector.1.3; OfficeLivePatch.0.0)"
85.110.128.211 - - [10/Mar/2009:20:54:32 +0200] "GET /info/4/3833199759869914763/3924020/adıyaman%20grup%20ravza/index.html HTTP/1.1" 200 43 "http://www.buldinle.com/info/4/3833199759869914763/3924020/Ad%C4%B1yaman%20Grup%20Ravza/index.html" "Mozilla/4.0 (compatible; MSIE 6.0; Windows NT 5.1; SV1; .NET CLR 2.0.50727)"
88.238.80.212 - - [10/Mar/2009:20:54:34 +0200] "GET /index.php?i=7&a=3__x8i6z6&k=5596499 HTTP/1.1" 200 43 "http://www.buldinle.com/index.php?i=7&a=3__x8i6z6&k=5596499" "Mozilla/4.0 (compatible; MSIE 7.0; Windows NT 5.1)"
85.110.128.211 - - [10/Mar/2009:20:54:40 +0200] "GET /?a=4__3833199759869914763&k=3924020 HTTP/1.1" 200 43 "http://www.buldinle.com/?a=4__3833199759869914763&k=3924020" "Mozilla/4.0 (compatible; MSIE 6.0; Windows NT 5.1; SV1; .NET CLR 2.0.50727)"
78.186.20.172 - - [10/Mar/2009:20:54:43 +0200] "GET /index.php?i=8&a=1__nylwwgyggwe&k=5413732 HTTP/1.1" 200 43 "http://www.buldinle.com/index.php?i=8&a=1__nyLWWgYGGWE&k=5413732" "Mozilla/4.0 (compatible; MSIE 7.0; Windows NT 5.1; GTB5)"
88.235.147.67 - - [10/Mar/2009:20:54:45 +0200] "GET /index.php?a=1__5kf9nvgrzos&k=208773 HTTP/1.1" 200 43 "http://www.buldinle.com/index.php?a=1__5Kf9nvgRzos&k=208773" "Mozilla/4.0 (compatible; MSIE 6.0; Windows NT 5.1; SV1; GTB5)"
88.230.49.190 - - [10/Mar/2009:20:54:50 +0200] "GET /index.php?i=28&a=3__x8lasx&k=5726073 HTTP/1.1" 200 43 "http://www.buldinle.com/index.php?i=28&a=3__x8lasx&k=5726073" "Mozilla/5.0 (Windows; U; Windows NT 6.0; tr; rv:1.9.0.7) Gecko/2009021910 Firefox/3.0.7"
88.252.92.144 - - [10/Mar/2009:20:54:55 +0200] "GET /index.php?i=1&a=3__x8j52h&k=5638571 HTTP/1.1" 200 43 "http://www.buldinle.com/index.php?i=1&a=3__x8j52h&k=5638571" "Mozilla/5.0 (Windows; U; Windows NT 5.1; tr; rv:1.9.0.7) Gecko/2009021910 Firefox/3.0.7"
88.229.38.205 - - [10/Mar/2009:20:54:56 +0200] "GET /index.php?a=1__4kiatpdxuti&k=304711 HTTP/1.1" 200 43 "http://www.buldinle.com/index.php?a=1__4kIaTPDXUtI&k=304711" "Mozilla/4.0 (compatible; MSIE 7.0; Windows NT 6.0; SLCC1; .NET CLR 2.0.50727; .NET CLR 3.0.04506; InfoPath.2; OfficeLiveConnector.1.3; OfficeLivePatch.0.0)"
78.185.140.253 - - [10/Mar/2009:20:55:02 +0200] "GET / HTTP/1.1" 200 43 "http://www.buldinle.com/" "Mozilla/4.0 (compatible; MSIE 6.0; Windows NT 5.1; SV1; GTB5)"
88.230.106.150 - - [10/Mar/2009:20:55:05 +0200] "GET /index.php?i=0&a=1__gmwkwjgmhvm&k=2716841 HTTP/1.1" 200 43 "http://www.buldinle.com/index.php?i=0&a=1__GmwkWJgMHvM&k=2716841" "Mozilla/4.0 (compatible; MSIE 6.0; Windows NT 5.1; SV1; .NET CLR 2.0.50727; OfficeLiveConnector.1.3; OfficeLivePatch.0.0)"
88.249.57.221 - - [10/Mar/2009:20:55:07 +0200] "GET /index.php?a=1__-9svgoqtkh0&k=316051 HTTP/1.1" 200 43 "http://www.buldinle.com/index.php?a=1__-9SVgOQTKH0&k=316051" "Mozilla/4.0 (compatible; MSIE 6.0; Windows NT 5.1; GTB5)"
85.110.128.211 - - [10/Mar/2009:20:55:08 +0200] "GET /info/4/3833199759869914763/3924020/adıyaman%20grup%20ravza/index.html HTTP/1.1" 200 43 "http://www.buldinle.com/info/4/3833199759869914763/3924020/Ad%C4%B1yaman%20Grup%20Ravza/index.html" "Mozilla/4.0 (compatible; MSIE 6.0; Windows NT 5.1; SV1; .NET CLR 2.0.50727)"
88.226.10.171 - - [10/Mar/2009:20:55:10 +0200] "GET /index.php?a=1__jivf8vpavbe&k=652749 HTTP/1.1" 200 43 "http://www.buldinle.com/index.php?a=1__jIvF8VpavBE&k=652749" "Mozilla/4.0 (compatible; MSIE 6.0; Windows NT 5.1)"
88.254.190.73 - - [10/Mar/2009:20:55:18 +0200] "GET /index.php?i=2&a=1__w6ypegw4rki&k=170551 HTTP/1.1" 200 43 "http://www.buldinle.com/index.php?i=2&a=1__w6yPEGw4rKI&k=170551" "Mozilla/4.0 (compatible; MSIE 6.0; Windows NT 5.1; SV1; GTB5; .NET CLR 2.0.50727; InfoPath.2)"
85.98.188.85 - - [10/Mar/2009:20:55:22 +0200] "GET /index.php?i=1&a=1__gefuumyhl5c&k=5143555 HTTP/1.1" 200 43 "http://www.buldinle.com/index.php?i=1&a=1__GeFUuMyHl5c&k=5143555" "Mozilla/4.0 (compatible; MSIE 6.0; Windows NT 5.1; SV1; GTB5; InfoPath.1)"
78.177.233.164 - - [10/Mar/2009:20:55:29 +0200] "GET / HTTP/1.1" 200 43 "http://www.buldinle.com/" "Mozilla/4.0 (compatible; MSIE 6.0; Windows NT 5.1; SV1)"
85.110.128.211 - - [10/Mar/2009:20:55:32 +0200] "GET /info/4/3833199759869914763/3924020/adıyaman%20grup%20ravza/index.html HTTP/1.1" 200 43 "http://www.buldinle.com/info/4/3833199759869914763/3924020/Ad%C4%B1yaman%20Grup%20Ravza/index.html" "Mozilla/4.0 (compatible; MSIE 6.0; Windows NT 5.1; SV1; .NET CLR 2.0.50727)"
85.107.15.139 - - [10/Mar/2009:20:55:33 +0200] "GET /index.php?i=4&a=1__yeop9w-pcb4&k=4809143 HTTP/1.1" 200 43 "http://www.buldinle.com/index.php?i=4&a=1__yeOP9W-PcB4&k=4809143" "Mozilla/4.0 (compatible; MSIE 6.0; Windows NT 5.1; SV1; InfoPath.1)"
85.99.62.151 - - [10/Mar/2009:20:55:36 +0200] "GET /index.php?i=10&a=1__yp2zcr1f9a0&k=219741 HTTP/1.1" 200 43 "http://www.buldinle.com/index.php?i=10&a=1__yp2zCR1f9A0&k=219741" "Mozilla/4.0 (compatible; MSIE 7.0; Windows NT 6.0; SLCC1; .NET CLR 2.0.50727; Media Center PC 5.0; .NET CLR 3.0.04506)"
88.230.49.190 - - [10/Mar/2009:20:55:37 +0200] "GET /index.php?i=29&a=3__x8lnkk&k=5741280 HTTP/1.1" 200 43 "http://www.buldinle.com/index.php?i=29&a=3__x8lnkk&k=5741280" "Mozilla/5.0 (Windows; U; Windows NT 6.0; tr; rv:1.9.0.7) Gecko/2009021910 Firefox/3.0.7"
85.110.128.211 - - [10/Mar/2009:20:55:43 +0200] "GET /?a=4__3833199759869914763&k=3924020 HTTP/1.1" 200 43 "http://www.buldinle.com/?a=4__3833199759869914763&k=3924020" "Mozilla/4.0 (compatible; MSIE 6.0; Windows NT 5.1; SV1; .NET CLR 2.0.50727)"
88.230.106.150 - - [10/Mar/2009:20:55:44 +0200] "GET /index.php?i=14&a=1__omhfiudnngo&k=2047993 HTTP/1.1" 200 43 "http://www.buldinle.com/index.php?i=14&a=1__OMhFiudnngo&k=2047993" "Mozilla/4.0 (compatible; MSIE 6.0; Windows NT 5.1; SV1; .NET CLR 2.0.50727; OfficeLiveConnector.1.3; OfficeLivePatch.0.0)"
88.230.49.190 - - [10/Mar/2009:20:55:48 +0200] "GET /index.php?i=28&a=3__x8lasx&k=5726073 HTTP/1.1" 200 43 "http://www.buldinle.com/index.php?i=28&a=3__x8lasx&k=5726073" "Mozilla/5.0 (Windows; U; Windows NT 6.0; tr; rv:1.9.0.7) Gecko/2009021910 Firefox/3.0.7"
78.185.140.253 - - [10/Mar/2009:20:55:54 +0200] "GET /index.php?a=1__nq84btbhq9k&k=355829 HTTP/1.1" 200 43 "http://www.buldinle.com/index.php?a=1__nq84btbHQ9k&k=355829" "Mozilla/4.0 (compatible; MSIE 6.0; Windows NT 5.1; SV1; GTB5)"
85.105.90.130 - - [10/Mar/2009:20:55:59 +0200] "GET /index.php?i=1&a=3__x7e10q&k=4224968 HTTP/1.1" 200 43 "http://www.buldinle.com/index.php?i=1&a=3__x7e10q&k=4224968" "Mozilla/4.0 (compatible; MSIE 6.0; Windows NT 5.1; SV1; .NET CLR 2.0.50727)"
78.182.134.25 - - [10/Mar/2009:20:56:13 +0200] "GET / HTTP/1.1" 200 43 "http://www.buldinle.com/" "Mozilla/4.0 (compatible; MSIE 7.0; Windows NT 5.1; .NET CLR 2.0.50727; .NET CLR 3.0.04506.648; .NET CLR 3.5.21022; .NET CLR 1.1.4322)"
85.110.128.211 - - [10/Mar/2009:20:56:26 +0200] "GET /info/4/3833199759869914763/3924020/adıyaman%20grup%20ravza/index.html HTTP/1.1" 200 43 "http://www.buldinle.com/info/4/3833199759869914763/3924020/Ad%C4%B1yaman%20Grup%20Ravza/index.html" "Mozilla/4.0 (compatible; MSIE 6.0; Windows NT 5.1; SV1; .NET CLR 2.0.50727)"
78.177.233.164 - - [10/Mar/2009:20:56:34 +0200] "GET /index.php?a=4__-421523626961319792&k=2324581 HTTP/1.1" 200 43 "http://www.buldinle.com/index.php?a=4__-421523626961319792&k=2324581" "Mozilla/4.0 (compatible; MSIE 6.0; Windows NT 5.1; SV1)"
88.243.8.194 - - [10/Mar/2009:20:56:55 +0200] "GET /index.php?a=1__ggxwakom_no&k=5609307 HTTP/1.1" 200 43 "http://www.buldinle.com/index.php?a=1__gGXwaKOm_No&k=5609307" "Mozilla/4.0 (compatible; MSIE 7.0; Windows NT 5.1; .NET CLR 1.1.4322; .NET CLR 2.0.50727; InfoPath.1)"
94.122.131.255 - - [10/Mar/2009:20:57:15 +0200] "GET /index.php?i=0&a=1__sifw3ngt2ji&k=132644 HTTP/1.1" 200 43 "http://www.buldinle.com/index.php?i=0&a=1__SIfW3ngT2JI&k=132644" "Mozilla/4.0 (compatible; MSIE 6.0; Windows NT 5.1; SV1; .NET CLR 1.1.4322)"
88.254.190.73 - - [10/Mar/2009:20:57:23 +0200] "GET /index.php?a=1__u5rzmvct3wq&k=4823102 HTTP/1.1" 200 43 "http://www.buldinle.com/index.php?a=1__u5rzmVCt3wQ&k=4823102" "Mozilla/4.0 (compatible; MSIE 6.0; Windows NT 5.1; SV1; GTB5; .NET CLR 2.0.50727; InfoPath.2)"
85.105.90.130 - - [10/Mar/2009:20:57:43 +0200] "GET /index.php?i=1&a=1__vjorcfl4ugu&k=3240868 HTTP/1.1" 200 43 "http://www.buldinle.com/index.php?i=1&a=1__vjOrCfl4uGU&k=3240868" "Mozilla/4.0 (compatible; MSIE 6.0; Windows NT 5.1; SV1; .NET CLR 2.0.50727)"
88.226.10.171 - - [10/Mar/2009:20:57:49 +0200] "GET /index.php?i=5&a=1__kczdeagen8a&k=80586 HTTP/1.1" 200 43 "http://www.buldinle.com/index.php?i=5&a=1__kczDEaGen8A&k=80586" "Mozilla/4.0 (compatible; MSIE 6.0; Windows NT 5.1)"
88.224.103.40 - - [10/Mar/2009:20:57:50 +0200] "GET / HTTP/1.1" 200 43 "-" "Mozilla/4.0 (compatible; MSIE 7.0; Windows NT 5.1; .NET CLR 2.0.50727; .NET CLR 3.0.04506.30)"
88.249.247.20 - - [10/Mar/2009:20:58:00 +0200] "GET / HTTP/1.1" 200 43 "http://www.buldinle.com/" "Mozilla/4.0 (compatible; MSIE 7.0; Windows NT 5.1; .NET CLR 2.0.50727; InfoPath.1; OfficeLiveConnector.1.3; OfficeLivePatch.0.0)"
88.229.38.205 - - [10/Mar/2009:20:58:04 +0200] "GET /index.php?a=1__4kiatpdxuti&k=304711 HTTP/1.1" 200 43 "http://www.buldinle.com/index.php?a=1__4kIaTPDXUtI&k=304711" "Mozilla/4.0 (compatible; MSIE 7.0; Windows NT 6.0; SLCC1; .NET CLR 2.0.50727; .NET CLR 3.0.04506; InfoPath.2; OfficeLiveConnector.1.3; OfficeLivePatch.0.0)"
85.102.255.74 - - [10/Mar/2009:20:58:04 +0200] "GET /index.php?i=1&a=3__x3xqzg&k=1901795 HTTP/1.1" 200 43 "http://www.buldinle.com/index.php?i=1&a=3__x3xqzg&k=1901795" "Mozilla/4.0 (compatible; MSIE 7.0; Windows NT 6.0; SLCC1; .NET CLR 2.0.50727; .NET CLR 3.0.04506; OfficeLiveConnector.1.3; OfficeLivePatch.0.0)"
85.105.90.130 - - [10/Mar/2009:20:58:05 +0200] "GET /index.php?i=0&a=1__svgcxredkme&k=4851048 HTTP/1.1" 200 43 "http://www.buldinle.com/index.php?i=0&a=1__SVGcXrEdKmE&k=4851048" "Mozilla/4.0 (compatible; MSIE 6.0; Windows NT 5.1; SV1; .NET CLR 2.0.50727)"
88.238.80.212 - - [10/Mar/2009:20:58:19 +0200] "GET /index.php?i=8&a=3__x8i6z6&k=5596499 HTTP/1.1" 200 43 "http://www.buldinle.com/index.php?i=8&a=3__x8i6z6&k=5596499" "Mozilla/4.0 (compatible; MSIE 7.0; Windows NT 5.1)"
88.249.247.20 - - [10/Mar/2009:20:58:23 +0200] "GET /index.php?a=3__x85sn7&k=5185741 HTTP/1.1" 200 43 "http://www.buldinle.com/index.php?a=3__x85sn7&k=5185741" "Mozilla/4.0 (compatible; MSIE 7.0; Windows NT 5.1; .NET CLR 2.0.50727; InfoPath.1; OfficeLiveConnector.1.3; OfficeLivePatch.0.0)"
88.226.10.171 - - [10/Mar/2009:20:58:28 +0200] "GET /index.php?a=1__vpwjf5kvuiy&k=634101 HTTP/1.1" 200 43 "http://www.buldinle.com/index.php?a=1__VpwJF5kVuIY&k=634101" "Mozilla/4.0 (compatible; MSIE 6.0; Windows NT 5.1)"
88.243.8.194 - - [10/Mar/2009:20:58:37 +0200] "GET /index.php?a=1__ggxwakom_no&k=5609307 HTTP/1.1" 200 43 "http://www.buldinle.com/index.php?a=1__gGXwaKOm_No&k=5609307" "Mozilla/4.0 (compatible; MSIE 7.0; Windows NT 5.1; .NET CLR 1.1.4322; .NET CLR 2.0.50727; InfoPath.1)"
88.251.225.178 - - [10/Mar/2009:20:58:42 +0200] "GET / HTTP/1.1" 200 43 "http://www.buldinle.com/" "Mozilla/4.0 (compatible; MSIE 7.0; Windows NT 5.1)"
88.251.225.178 - - [10/Mar/2009:20:58:49 +0200] "GET /index.php?a=1__ggxwakom_no&k=5609307 HTTP/1.1" 200 43 "http://www.buldinle.com/index.php?a=1__gGXwaKOm_No&k=5609307" "Mozilla/4.0 (compatible; MSIE 7.0; Windows NT 5.1)"
78.166.163.98 - - [10/Mar/2009:20:58:50 +0200] "GET / HTTP/1.1" 200 43 "http://www.buldinle.com/" "Mozilla/4.0 (compatible; MSIE 7.0; Windows NT 5.1)"
78.177.233.164 - - [10/Mar/2009:20:58:57 +0200] "GET /index.php?a=1__zqgyk3tj9jq&k=5181136 HTTP/1.1" 200 43 "http://www.buldinle.com/index.php?a=1__ZqGYK3Tj9jQ&k=5181136" "Mozilla/4.0 (compatible; MSIE 6.0; Windows NT 5.1; SV1)"
78.162.159.82 - - [10/Mar/2009:20:58:58 +0200] "GET /index.php?i=1&a=3__x7e10q&k=4224968 HTTP/1.1" 200 43 "http://www.buldinle.com/index.php?i=1&a=3__x7e10q&k=4224968" "Mozilla/4.0 (compatible; MSIE 6.0; Windows NT 5.1; SV1; InfoPath.2)"
78.169.98.144 - - [10/Mar/2009:20:59:08 +0200] "GET / HTTP/1.1" 200 43 "http://www.buldinle.com/" "Mozilla/5.0 (Windows; U; Windows NT 5.1; tr; rv:1.9.0.6) Gecko/2009011913 Firefox/3.0.6"
85.98.144.107 - - [10/Mar/2009:20:59:13 +0200] "GET /index.php?i=1&a=1__men_ofpim44&k=304721 HTTP/1.1" 200 43 "http://www.buldinle.com/index.php?i=1&a=1__MEN_OFpIM44&k=304721" "Mozilla/4.0 (compatible; MSIE 6.0; Windows NT 5.1; SV1; .NET CLR 2.0.50727; InfoPath.2)"
78.169.98.144 - - [10/Mar/2009:20:59:25 +0200] "GET /index.php?a=1__r96hqzlauam&k=304722 HTTP/1.1" 200 43 "http://www.buldinle.com/index.php?a=1__R96hqzLauaM&k=304722" "Mozilla/5.0 (Windows; U; Windows NT 5.1; tr; rv:1.9.0.6) Gecko/2009011913 Firefox/3.0.6"
88.230.106.150 - - [10/Mar/2009:20:59:30 +0200] "GET /index.php?i=15&a=1__qr5gto3prxs&k=3094598 HTTP/1.1" 200 43 "http://www.buldinle.com/index.php?i=15&a=1__qr5GTO3PrXs&k=3094598" "Mozilla/4.0 (compatible; MSIE 6.0; Windows NT 5.1; SV1; .NET CLR 2.0.50727; OfficeLiveConnector.1.3; OfficeLivePatch.0.0)"
78.186.20.172 - - [10/Mar/2009:20:59:32 +0200] "GET /index.php?i=9&a=1__it-schkwddg&k=5496909 HTTP/1.1" 200 43 "http://www.buldinle.com/index.php?i=9&a=1__iT-sChKwdDg&k=5496909" "Mozilla/4.0 (compatible; MSIE 7.0; Windows NT 5.1; GTB5)"
94.120.60.191 - - [10/Mar/2009:20:59:38 +0200] "GET /index.php?a=1__4x5keid4_tw&k=7723 HTTP/1.1" 200 43 "http://www.buldinle.com/index.php?a=1__4X5keiD4_Tw&k=7723" "Mozilla/4.0 (compatible; MSIE 7.0; Windows NT 5.1)"
78.175.76.10 - - [10/Mar/2009:20:59:38 +0200] "GET / HTTP/1.1" 200 43 "http://www.buldinle.com/" "Mozilla/4.0 (compatible; MSIE 7.0; Windows NT 6.0; GTB5; SLCC1; .NET CLR 2.0.50727; .NET CLR 3.0.04506; InfoPath.1)"
85.98.188.85 - - [10/Mar/2009:20:59:51 +0200] "GET /index.php?i=2&a=3__x8i6z6&k=5596499 HTTP/1.1" 200 43 "http://www.buldinle.com/index.php?i=2&a=3__x8i6z6&k=5596499" "Mozilla/4.0 (compatible; MSIE 6.0; Windows NT 5.1; SV1; GTB5; InfoPath.1)"
78.166.163.98 - - [10/Mar/2009:20:59:54 +0200] "GET /index.php?a=1__svgcxredkme&k=4851048 HTTP/1.1" 200 43 "http://www.buldinle.com/index.php?a=1__SVGcXrEdKmE&k=4851048" "Mozilla/4.0 (compatible; MSIE 7.0; Windows NT 5.1)"
78.175.76.10 - - [10/Mar/2009:20:59:55 +0200] "GET /index.php?a=3__x8g0vi&k=5508310 HTTP/1.1" 200 43 "http://www.buldinle.com/index.php?a=3__x8g0vi&k=5508310" "Mozilla/4.0 (compatible; MSIE 7.0; Windows NT 6.0; GTB5; SLCC1; .NET CLR 2.0.50727; .NET CLR 3.0.04506; InfoPath.1)"
85.102.183.237 - - [10/Mar/2009:23:00:32 +0200] "GET /index.php?a=1__0nua9yywtoc&k=3803883 HTTP/1.1" 200 43 "http://www.buldinle.com/index.php?a=1__0nUa9YywToc&k=3803883" "Mozilla/4.0 (compatible; MSIE 7.0; Windows NT 5.1; GTB5)"
85.102.183.237 - - [10/Mar/2009:23:00:34 +0200] "GET /index.php?a=1__0nua9yywtoc&k=3803883 HTTP/1.1" 200 43 "http://www.buldinle.com/index.php?a=1__0nUa9YywToc&k=3803883" "Mozilla/4.0 (compatible; MSIE 7.0; Windows NT 5.1; GTB5)"
85.98.116.181 - - [10/Mar/2009:23:00:57 +0200] "GET / HTTP/1.1" 200 43 "http://www.buldinle.com/" "Mozilla/4.0 (compatible; MSIE 7.0; Windows NT 5.1; GTB5; .NET CLR 2.0.50727; InfoPath.2; OfficeLiveConnector.1.3; OfficeLivePatch.0.0)"
88.224.35.113 - - [10/Mar/2009:23:01:01 +0200] "GET / HTTP/1.1" 200 43 "http://www.buldinle.com/" "Mozilla/5.0 (Windows; U; Windows NT 5.1; tr; rv:1.8.1.14) Gecko/20080404 Firefox/2.0.0.14"
85.98.116.181 - - [10/Mar/2009:23:01:12 +0200] "GET / HTTP/1.1" 200 43 "http://www.buldinle.com/" "Mozilla/4.0 (compatible; MSIE 7.0; Windows NT 5.1; GTB5; .NET CLR 2.0.50727; InfoPath.2; OfficeLiveConnector.1.3; OfficeLivePatch.0.0)"
88.224.35.113 - - [10/Mar/2009:23:01:14 +0200] "GET /index.php?a=1__r96hqzlauam&k=304722 HTTP/1.1" 200 43 "http://www.buldinle.com/index.php?a=1__R96hqzLauaM&k=304722" "Mozilla/5.0 (Windows; U; Windows NT 5.1; tr; rv:1.8.1.14) Gecko/20080404 Firefox/2.0.0.14"
88.224.35.113 - - [10/Mar/2009:23:01:14 +0200] "GET /index.php?a=1__r96hqzlauam&k=304722 HTTP/1.1" 200 43 "http://www.buldinle.com/index.php?a=1__R96hqzLauaM&k=304722" "Mozilla/5.0 (Windows; U; Windows NT 5.1; tr; rv:1.8.1.14) Gecko/20080404 Firefox/2.0.0.14"
