78.162.229.181 - - [10/Mar/2009:23:41:25 +0200] "GET /index.php?a=3__x8i6z6&k=5596499 HTTP/1.1" 200 43 "http://www.buldinle.com/index.php?a=3__x8i6z6&k=5596499" "Mozilla/4.0 (compatible; MSIE 6.0; Windows NT 5.1; SV1; .NET CLR 1.1.4322; .NET CLR 2.0.50727)"
85.102.183.237 - - [10/Mar/2009:23:42:14 +0200] "GET /index.php?i=2&a=1__vjorcfl4ugu&k=3240868 HTTP/1.1" 200 43 "http://www.buldinle.com/index.php?i=2&a=1__vjOrCfl4uGU&k=3240868" "Mozilla/4.0 (compatible; MSIE 7.0; Windows NT 5.1; GTB5)"
85.102.183.237 - - [10/Mar/2009:23:42:15 +0200] "GET /index.php?i=2&a=1__vjorcfl4ugu&k=3240868 HTTP/1.1" 200 43 "http://www.buldinle.com/index.php?i=2&a=1__vjOrCfl4uGU&k=3240868" "Mozilla/4.0 (compatible; MSIE 7.0; Windows NT 5.1; GTB5)"
78.164.150.28 - - [10/Mar/2009:23:42:17 +0200] "GET /index.php?a=1__qcqmnxo-kae&k=4810967 HTTP/1.1" 200 43 "http://www.buldinle.com/index.php?a=1__QcqMNXO-KAE&k=4810967" "Mozilla/4.0 (compatible; MSIE 7.0; Windows NT 6.0; SLCC1; .NET CLR 2.0.50727; Media Center PC 5.0; .NET CLR 3.0.04506; InfoPath.2)"
78.164.150.28 - - [10/Mar/2009:23:42:19 +0200] "GET /index.php?a=1__qcqmnxo-kae&k=4810967 HTTP/1.1" 200 43 "http://www.buldinle.com/index.php?a=1__QcqMNXO-KAE&k=4810967" "Mozilla/4.0 (compatible; MSIE 7.0; Windows NT 6.0; SLCC1; .NET CLR 2.0.50727; Media Center PC 5.0; .NET CLR 3.0.04506; InfoPath.2)"
78.181.111.242 - - [10/Mar/2009:23:42:37 +0200] "GET /index.php?i=0&a=1__vc2zrlkhsja&k=3812051 HTTP/1.1" 200 43 "http://www.buldinle.com/index.php?i=0&a=1__VC2zRlkhsjA&k=3812051" "Mozilla/4.0 (compatible; MSIE 7.0; Windows NT 6.0; GTB5; SLCC1; .NET CLR 2.0.50727; .NET CLR 3.0.04506)"
78.181.111.242 - - [10/Mar/2009:23:42:39 +0200] "GET /index.php?i=0&a=1__vc2zrlkhsja&k=3812051 HTTP/1.1" 200 43 "http://www.buldinle.com/index.php?i=0&a=1__VC2zRlkhsjA&k=3812051" "Mozilla/4.0 (compatible; MSIE 7.0; Windows NT 6.0; GTB5; SLCC1; .NET CLR 2.0.50727; .NET CLR 3.0.04506)"
85.96.44.152 - - [10/Mar/2009:23:43:19 +0200] "GET /index.php?i=12&a=1__k32lppkwqyu&k=127296 HTTP/1.1" 200 43 "http://www.buldinle.com/index.php?i=12&a=1__k32LPPkWQyU&k=127296" "Mozilla/5.0 (Windows; U; Windows NT 6.0; tr; rv:1.8.1.20) Gecko/20081217 Firefox/2.0.0.20"
85.96.44.152 - - [10/Mar/2009:23:43:20 +0200] "GET /index.php?i=12&a=1__k32lppkwqyu&k=127296 HTTP/1.1" 200 43 "http://www.buldinle.com/index.php?i=12&a=1__k32LPPkWQyU&k=127296" "Mozilla/5.0 (Windows; U; Windows NT 6.0; tr; rv:1.8.1.20) Gecko/20081217 Firefox/2.0.0.20"
85.110.182.111 - - [10/Mar/2009:23:44:13 +0200] "GET / HTTP/1.1" 200 43 "http://www.buldinle.com/" "Mozilla/4.0 (compatible; MSIE 6.0; Windows NT 5.1; SV1; .NET CLR 2.0.50727)"
41.250.112.120 - - [10/Mar/2009:23:44:20 +0200] "GET /info/3/x6cgxz/3067266/mimone%20al%20wajdi/index.html HTTP/1.1" 200 43 "http://www.buldinle.com/info/3/x6cgxz/3067266/mimone%20al%20wajdi/index.html" "Mozilla/4.0 (compatible; MSIE 7.0; Windows NT 5.1)"
85.110.182.111 - - [10/Mar/2009:23:44:26 +0200] "GET /index.php?a=3__x8i6z6&k=5596499 HTTP/1.1" 200 43 "http://www.buldinle.com/index.php?a=3__x8i6z6&k=5596499" "Mozilla/4.0 (compatible; MSIE 6.0; Windows NT 5.1; SV1; .NET CLR 2.0.50727)"
85.110.182.111 - - [10/Mar/2009:23:44:27 +0200] "GET /index.php?a=3__x8i6z6&k=5596499 HTTP/1.1" 200 43 "http://www.buldinle.com/index.php?a=3__x8i6z6&k=5596499" "Mozilla/4.0 (compatible; MSIE 6.0; Windows NT 5.1; SV1; .NET CLR 2.0.50727)"
88.252.180.78 - - [10/Mar/2009:23:44:32 +0200] "GET /index.php?i=0&a=1__zeikeqem6nq&k=424113 HTTP/1.1" 200 43 "http://www.buldinle.com/index.php?i=0&a=1__zEIkEqem6NQ&k=424113" "Mozilla/5.0 (Windows; U; Windows NT 5.1; tr; rv:1.9.0.7) Gecko/2009021910 Firefox/3.0.7"
88.252.180.78 - - [10/Mar/2009:23:44:32 +0200] "GET /index.php?i=0&a=1__zeikeqem6nq&k=424113 HTTP/1.1" 200 43 "http://www.buldinle.com/index.php?i=0&a=1__zEIkEqem6NQ&k=424113" "Mozilla/5.0 (Windows; U; Windows NT 5.1; tr; rv:1.9.0.7) Gecko/2009021910 Firefox/3.0.7"
85.98.188.85 - - [10/Mar/2009:23:44:33 +0200] "GET /index.php?i=4&a=1__e-2em7giywg&k=145827 HTTP/1.1" 200 43 "http://www.buldinle.com/index.php?i=4&a=1__E-2eM7GIYWg&k=145827" "Mozilla/4.0 (compatible; MSIE 6.0; Windows NT 5.1; SV1; GTB5; InfoPath.1)"
85.98.188.85 - - [10/Mar/2009:23:44:35 +0200] "GET /index.php?i=4&a=1__e-2em7giywg&k=145827 HTTP/1.1" 200 43 "http://www.buldinle.com/index.php?i=4&a=1__E-2eM7GIYWg&k=145827" "Mozilla/4.0 (compatible; MSIE 6.0; Windows NT 5.1; SV1; GTB5; InfoPath.1)"
91.188.201.162 - - [10/Mar/2009:23:44:52 +0200] "GET /index.php?i=8&a=1__heowqzs6ovs&k=5499064 HTTP/1.1" 200 43 "http://www.buldinle.com/index.php?i=8&a=1__HEOwQzS6oVs&k=5499064" "Mozilla/4.0 (compatible; MSIE 6.0; Windows NT 5.1; SV1)"
91.188.201.162 - - [10/Mar/2009:23:44:57 +0200] "GET /index.php?i=8&a=1__heowqzs6ovs&k=5499064 HTTP/1.1" 200 43 "http://www.buldinle.com/index.php?i=8&a=1__HEOwQzS6oVs&k=5499064" "Mozilla/4.0 (compatible; MSIE 6.0; Windows NT 5.1; SV1)"
88.227.126.163 - - [10/Mar/2009:23:45:16 +0200] "GET /index.php?i=9&a=1__ot4xsdbamzc&k=377383 HTTP/1.1" 200 43 "http://www.buldinle.com/index.php?i=9&a=1__Ot4XSDBAmZc&k=377383" "Mozilla/4.0 (compatible; MSIE 7.0; Windows NT 6.0; SLCC1; .NET CLR 2.0.50727; .NET CLR 3.0.04506)"
88.227.126.163 - - [10/Mar/2009:23:45:18 +0200] "GET /index.php?i=9&a=1__ot4xsdbamzc&k=377383 HTTP/1.1" 200 43 "http://www.buldinle.com/index.php?i=9&a=1__Ot4XSDBAmZc&k=377383" "Mozilla/4.0 (compatible; MSIE 7.0; Windows NT 6.0; SLCC1; .NET CLR 2.0.50727; .NET CLR 3.0.04506)"
78.162.229.181 - - [10/Mar/2009:23:45:27 +0200] "GET /index.php?a=1__heowqzs6ovs&k=5499064 HTTP/1.1" 200 43 "http://www.buldinle.com/index.php?a=1__HEOwQzS6oVs&k=5499064" "Mozilla/4.0 (compatible; MSIE 6.0; Windows NT 5.1; SV1; .NET CLR 1.1.4322; .NET CLR 2.0.50727)"
78.162.229.181 - - [10/Mar/2009:23:45:28 +0200] "GET /index.php?a=1__heowqzs6ovs&k=5499064 HTTP/1.1" 200 43 "http://www.buldinle.com/index.php?a=1__HEOwQzS6oVs&k=5499064" "Mozilla/4.0 (compatible; MSIE 6.0; Windows NT 5.1; SV1; .NET CLR 1.1.4322; .NET CLR 2.0.50727)"
78.166.141.202 - - [10/Mar/2009:23:45:46 +0200] "GET / HTTP/1.1" 200 43 "http://www.buldinle.com/" "Mozilla/4.0 (compatible; MSIE 7.0; Windows NT 5.1; InfoPath.1)"
88.227.131.131 - - [10/Mar/2009:23:45:54 +0200] "GET /index.php?i=8&a=1__quynmscfxpk&k=303333 HTTP/1.1" 200 43 "http://www.buldinle.com/index.php?i=8&a=1__QUynMScfxPk&k=303333" "Mozilla/4.0 (compatible; MSIE 7.0; Windows NT 6.0; SLCC1; .NET CLR 2.0.50727; Media Center PC 5.0; .NET CLR 3.0.04506; OfficeLiveConnector.1.3; OfficeLivePatch.0.0)"
88.227.131.131 - - [10/Mar/2009:23:45:56 +0200] "GET /index.php?i=8&a=1__quynmscfxpk&k=303333 HTTP/1.1" 200 43 "http://www.buldinle.com/index.php?i=8&a=1__QUynMScfxPk&k=303333" "Mozilla/4.0 (compatible; MSIE 7.0; Windows NT 6.0; SLCC1; .NET CLR 2.0.50727; Media Center PC 5.0; .NET CLR 3.0.04506; OfficeLiveConnector.1.3; OfficeLivePatch.0.0)"
78.181.111.242 - - [10/Mar/2009:23:46:03 +0200] "GET /index.php?i=7&a=1__svgcxredkme&k=4851048 HTTP/1.1" 200 43 "http://www.buldinle.com/index.php?i=7&a=1__SVGcXrEdKmE&k=4851048" "Mozilla/4.0 (compatible; MSIE 7.0; Windows NT 6.0; GTB5; SLCC1; .NET CLR 2.0.50727; .NET CLR 3.0.04506)"
78.181.111.242 - - [10/Mar/2009:23:46:05 +0200] "GET /index.php?i=7&a=1__svgcxredkme&k=4851048 HTTP/1.1" 200 43 "http://www.buldinle.com/index.php?i=7&a=1__SVGcXrEdKmE&k=4851048" "Mozilla/4.0 (compatible; MSIE 7.0; Windows NT 6.0; GTB5; SLCC1; .NET CLR 2.0.50727; .NET CLR 3.0.04506)"
85.102.183.237 - - [10/Mar/2009:23:46:27 +0200] "GET /index.php?i=3&a=1__oxilnyaaou0&k=70436 HTTP/1.1" 200 43 "http://www.buldinle.com/index.php?i=3&a=1__oxiLNYaAoU0&k=70436" "Mozilla/4.0 (compatible; MSIE 7.0; Windows NT 5.1; GTB5)"
85.102.183.237 - - [10/Mar/2009:23:46:28 +0200] "GET /index.php?i=3&a=1__oxilnyaaou0&k=70436 HTTP/1.1" 200 43 "http://www.buldinle.com/index.php?i=3&a=1__oxiLNYaAoU0&k=70436" "Mozilla/4.0 (compatible; MSIE 7.0; Windows NT 5.1; GTB5)"
78.175.76.10 - - [10/Mar/2009:23:46:39 +0200] "GET / HTTP/1.1" 200 43 "http://www.buldinle.com/" "Mozilla/4.0 (compatible; MSIE 7.0; Windows NT 6.0; GTB5; SLCC1; .NET CLR 2.0.50727; .NET CLR 3.0.04506; InfoPath.1)"
78.164.150.28 - - [10/Mar/2009:23:46:54 +0200] "GET /index.php?i=0&a=1__vltsjw_fkdm&k=115851 HTTP/1.1" 200 43 "http://www.buldinle.com/index.php?i=0&a=1__VlTSJw_FkDM&k=115851" "Mozilla/4.0 (compatible; MSIE 7.0; Windows NT 6.0; SLCC1; .NET CLR 2.0.50727; Media Center PC 5.0; .NET CLR 3.0.04506; InfoPath.2)"
78.164.150.28 - - [10/Mar/2009:23:46:55 +0200] "GET /index.php?i=0&a=1__vltsjw_fkdm&k=115851 HTTP/1.1" 200 43 "http://www.buldinle.com/index.php?i=0&a=1__VlTSJw_FkDM&k=115851" "Mozilla/4.0 (compatible; MSIE 7.0; Windows NT 6.0; SLCC1; .NET CLR 2.0.50727; Media Center PC 5.0; .NET CLR 3.0.04506; InfoPath.2)"
78.175.76.10 - - [10/Mar/2009:23:46:56 +0200] "GET /index.php?a=1___podbysroce&k=5586270 HTTP/1.1" 200 43 "http://www.buldinle.com/index.php?a=1___PODBYsROCE&k=5586270" "Mozilla/4.0 (compatible; MSIE 7.0; Windows NT 6.0; GTB5; SLCC1; .NET CLR 2.0.50727; .NET CLR 3.0.04506; InfoPath.1)"
78.175.76.10 - - [10/Mar/2009:23:46:57 +0200] "GET /index.php?a=1___podbysroce&k=5586270 HTTP/1.1" 200 43 "http://www.buldinle.com/index.php?a=1___PODBYsROCE&k=5586270" "Mozilla/4.0 (compatible; MSIE 7.0; Windows NT 6.0; GTB5; SLCC1; .NET CLR 2.0.50727; .NET CLR 3.0.04506; InfoPath.1)"
85.96.44.152 - - [10/Mar/2009:23:47:10 +0200] "GET /index.php?i=11&a=1__hwmj-8phep4&k=764733 HTTP/1.1" 200 43 "http://www.buldinle.com/index.php?i=11&a=1__hwMj-8PheP4&k=764733" "Mozilla/5.0 (Windows; U; Windows NT 6.0; tr; rv:1.8.1.20) Gecko/20081217 Firefox/2.0.0.20"
85.96.44.152 - - [10/Mar/2009:23:47:14 +0200] "GET /index.php?i=11&a=1__hwmj-8phep4&k=764733 HTTP/1.1" 200 43 "http://www.buldinle.com/index.php?i=11&a=1__hwMj-8PheP4&k=764733" "Mozilla/5.0 (Windows; U; Windows NT 6.0; tr; rv:1.8.1.20) Gecko/20081217 Firefox/2.0.0.20"
78.164.150.28 - - [10/Mar/2009:23:47:17 +0200] "GET /index.php?a=1__uzsifwhi4tc&k=451085 HTTP/1.1" 200 43 "http://www.buldinle.com/index.php?a=1__UzsIfwhi4Tc&k=451085" "Mozilla/4.0 (compatible; MSIE 7.0; Windows NT 6.0; SLCC1; .NET CLR 2.0.50727; Media Center PC 5.0; .NET CLR 3.0.04506; InfoPath.2)"
78.164.150.28 - - [10/Mar/2009:23:47:18 +0200] "GET /index.php?a=1__uzsifwhi4tc&k=451085 HTTP/1.1" 200 43 "http://www.buldinle.com/index.php?a=1__UzsIfwhi4Tc&k=451085" "Mozilla/4.0 (compatible; MSIE 7.0; Windows NT 6.0; SLCC1; .NET CLR 2.0.50727; Media Center PC 5.0; .NET CLR 3.0.04506; InfoPath.2)"
85.96.91.169 - - [10/Mar/2009:23:47:25 +0200] "GET / HTTP/1.1" 200 43 "http://www.buldinle.com/" "Mozilla/4.0 (compatible; MSIE 6.0; Windows NT 5.1; SV1; .NET CLR 1.1.4322; .NET CLR 2.0.50727)"
85.96.91.169 - - [10/Mar/2009:23:47:44 +0200] "GET /index.php?a=1__i53-rmtb2ds&k=244772 HTTP/1.1" 200 43 "http://www.buldinle.com/index.php?a=1__I53-rMTB2Ds&k=244772" "Mozilla/4.0 (compatible; MSIE 6.0; Windows NT 5.1; SV1; .NET CLR 1.1.4322; .NET CLR 2.0.50727)"
85.96.91.169 - - [10/Mar/2009:23:47:45 +0200] "GET /index.php?a=1__i53-rmtb2ds&k=244772 HTTP/1.1" 200 43 "http://www.buldinle.com/index.php?a=1__I53-rMTB2Ds&k=244772" "Mozilla/4.0 (compatible; MSIE 6.0; Windows NT 5.1; SV1; .NET CLR 1.1.4322; .NET CLR 2.0.50727)"
85.96.44.152 - - [10/Mar/2009:23:48:06 +0200] "GET /index.php?i=4&a=3__x69u8j&k=3007772 HTTP/1.1" 200 43 "http://www.buldinle.com/index.php?i=4&a=3__x69u8j&k=3007772" "Mozilla/5.0 (Windows; U; Windows NT 6.0; tr; rv:1.8.1.20) Gecko/20081217 Firefox/2.0.0.20"
85.96.44.152 - - [10/Mar/2009:23:48:12 +0200] "GET /index.php?i=4&a=3__x69u8j&k=3007772 HTTP/1.1" 200 43 "http://www.buldinle.com/index.php?i=4&a=3__x69u8j&k=3007772" "Mozilla/5.0 (Windows; U; Windows NT 6.0; tr; rv:1.8.1.20) Gecko/20081217 Firefox/2.0.0.20"
78.160.235.228 - - [10/Mar/2009:23:48:14 +0200] "GET /index.php?a=3__x7e10q&k=4224968 HTTP/1.1" 200 43 "http://www.buldinle.com/index.php?a=3__x7e10q&k=4224968" "Mozilla/4.0 (compatible; MSIE 6.0; Windows NT 5.1)"
78.160.235.228 - - [10/Mar/2009:23:48:15 +0200] "GET /index.php?a=3__x7e10q&k=4224968 HTTP/1.1" 200 43 "http://www.buldinle.com/index.php?a=3__x7e10q&k=4224968" "Mozilla/4.0 (compatible; MSIE 6.0; Windows NT 5.1)"
85.96.91.169 - - [10/Mar/2009:23:48:33 +0200] "GET /index.php?a=1__crxqyuidhh4&k=273927 HTTP/1.1" 200 43 "http://www.buldinle.com/index.php?a=1__CrxqyuIdHh4&k=273927" "Mozilla/4.0 (compatible; MSIE 6.0; Windows NT 5.1; SV1; .NET CLR 1.1.4322; .NET CLR 2.0.50727)"
85.96.91.169 - - [10/Mar/2009:23:48:42 +0200] "GET /index.php?a=1__crxqyuidhh4&k=273927 HTTP/1.1" 200 43 "http://www.buldinle.com/index.php?a=1__CrxqyuIdHh4&k=273927" "Mozilla/4.0 (compatible; MSIE 6.0; Windows NT 5.1; SV1; .NET CLR 1.1.4322; .NET CLR 2.0.50727)"
85.96.44.152 - - [10/Mar/2009:23:48:48 +0200] "GET /index.php?i=9&a=1__nkzea3wl64q&k=4973309 HTTP/1.1" 200 43 "http://www.buldinle.com/index.php?i=9&a=1__NkzeA3Wl64Q&k=4973309" "Mozilla/5.0 (Windows; U; Windows NT 6.0; tr; rv:1.8.1.20) Gecko/20081217 Firefox/2.0.0.20"
85.96.44.152 - - [10/Mar/2009:23:48:53 +0200] "GET /index.php?i=9&a=1__nkzea3wl64q&k=4973309 HTTP/1.1" 200 43 "http://www.buldinle.com/index.php?i=9&a=1__NkzeA3Wl64Q&k=4973309" "Mozilla/5.0 (Windows; U; Windows NT 6.0; tr; rv:1.8.1.20) Gecko/20081217 Firefox/2.0.0.20"
78.166.141.202 - - [10/Mar/2009:23:49:09 +0200] "GET /index.php?a=1__jjbpq-nekbw&k=279003 HTTP/1.1" 200 43 "http://www.buldinle.com/index.php?a=1__jjBPQ-NekBw&k=279003" "Mozilla/4.0 (compatible; MSIE 7.0; Windows NT 5.1; InfoPath.1)"
78.166.141.202 - - [10/Mar/2009:23:49:11 +0200] "GET /index.php?a=1__jjbpq-nekbw&k=279003 HTTP/1.1" 200 43 "http://www.buldinle.com/index.php?a=1__jjBPQ-NekBw&k=279003" "Mozilla/4.0 (compatible; MSIE 7.0; Windows NT 5.1; InfoPath.1)"
78.181.111.242 - - [10/Mar/2009:23:49:12 +0200] "GET /index.php?i=8&a=1__ot4xsdbamzc&k=377383 HTTP/1.1" 200 43 "http://www.buldinle.com/index.php?i=8&a=1__Ot4XSDBAmZc&k=377383" "Mozilla/4.0 (compatible; MSIE 7.0; Windows NT 6.0; GTB5; SLCC1; .NET CLR 2.0.50727; .NET CLR 3.0.04506)"
78.181.111.242 - - [10/Mar/2009:23:49:15 +0200] "GET /index.php?i=8&a=1__ot4xsdbamzc&k=377383 HTTP/1.1" 200 43 "http://www.buldinle.com/index.php?i=8&a=1__Ot4XSDBAmZc&k=377383" "Mozilla/4.0 (compatible; MSIE 7.0; Windows NT 6.0; GTB5; SLCC1; .NET CLR 2.0.50727; .NET CLR 3.0.04506)"
85.96.91.169 - - [10/Mar/2009:23:49:23 +0200] "GET /index.php?a=1__qwiy50iol2y&k=906326 HTTP/1.1" 200 43 "http://www.buldinle.com/index.php?a=1__qwiY50IOL2Y&k=906326" "Mozilla/4.0 (compatible; MSIE 6.0; Windows NT 5.1; SV1; .NET CLR 1.1.4322; .NET CLR 2.0.50727)"
85.96.91.169 - - [10/Mar/2009:23:49:24 +0200] "GET /index.php?a=1__qwiy50iol2y&k=906326 HTTP/1.1" 200 43 "http://www.buldinle.com/index.php?a=1__qwiY50IOL2Y&k=906326" "Mozilla/4.0 (compatible; MSIE 6.0; Windows NT 5.1; SV1; .NET CLR 1.1.4322; .NET CLR 2.0.50727)"
85.96.91.169 - - [10/Mar/2009:23:49:31 +0200] "GET /index.php?a=1__crxqyuidhh4&k=273927 HTTP/1.1" 200 43 "http://www.buldinle.com/index.php?a=1__CrxqyuIdHh4&k=273927" "Mozilla/4.0 (compatible; MSIE 6.0; Windows NT 5.1; SV1; .NET CLR 1.1.4322; .NET CLR 2.0.50727)"
85.96.91.169 - - [10/Mar/2009:23:49:31 +0200] "GET /index.php?a=1__i53-rmtb2ds&k=244772 HTTP/1.1" 200 43 "http://www.buldinle.com/index.php?a=1__I53-rMTB2Ds&k=244772" "Mozilla/4.0 (compatible; MSIE 6.0; Windows NT 5.1; SV1; .NET CLR 1.1.4322; .NET CLR 2.0.50727)"
85.98.188.85 - - [10/Mar/2009:23:49:51 +0200] "GET /index.php?i=5&a=1__slu0_t0qx9o&k=594209 HTTP/1.1" 200 43 "http://www.buldinle.com/index.php?i=5&a=1__slU0_t0Qx9o&k=594209" "Mozilla/4.0 (compatible; MSIE 6.0; Windows NT 5.1; SV1; GTB5; InfoPath.1)"
85.98.188.85 - - [10/Mar/2009:23:49:53 +0200] "GET /index.php?i=5&a=1__slu0_t0qx9o&k=594209 HTTP/1.1" 200 43 "http://www.buldinle.com/index.php?i=5&a=1__slU0_t0Qx9o&k=594209" "Mozilla/4.0 (compatible; MSIE 6.0; Windows NT 5.1; SV1; GTB5; InfoPath.1)"
88.227.126.163 - - [10/Mar/2009:23:50:12 +0200] "GET /index.php?i=10&a=1__oxilnyaaou0&k=70436 HTTP/1.1" 200 43 "http://www.buldinle.com/index.php?i=10&a=1__oxiLNYaAoU0&k=70436" "Mozilla/4.0 (compatible; MSIE 7.0; Windows NT 6.0; SLCC1; .NET CLR 2.0.50727; .NET CLR 3.0.04506)"
88.227.126.163 - - [10/Mar/2009:23:50:15 +0200] "GET /index.php?i=10&a=1__oxilnyaaou0&k=70436 HTTP/1.1" 200 43 "http://www.buldinle.com/index.php?i=10&a=1__oxiLNYaAoU0&k=70436" "Mozilla/4.0 (compatible; MSIE 7.0; Windows NT 6.0; SLCC1; .NET CLR 2.0.50727; .NET CLR 3.0.04506)"
85.102.183.237 - - [10/Mar/2009:23:50:53 +0200] "GET /index.php?i=4&a=1__xzkes6knoi8&k=2162817 HTTP/1.1" 200 43 "http://www.buldinle.com/index.php?i=4&a=1__xZKEs6knOi8&k=2162817" "Mozilla/4.0 (compatible; MSIE 7.0; Windows NT 5.1; GTB5)"
85.102.183.237 - - [10/Mar/2009:23:50:54 +0200] "GET /index.php?i=4&a=1__xzkes6knoi8&k=2162817 HTTP/1.1" 200 43 "http://www.buldinle.com/index.php?i=4&a=1__xZKEs6knOi8&k=2162817" "Mozilla/4.0 (compatible; MSIE 7.0; Windows NT 5.1; GTB5)"
78.164.150.28 - - [10/Mar/2009:23:50:55 +0200] "GET /index.php?i=0&a=1__vltsjw_fkdm&k=115851 HTTP/1.1" 200 43 "http://www.buldinle.com/index.php?i=0&a=1__VlTSJw_FkDM&k=115851" "Mozilla/4.0 (compatible; MSIE 7.0; Windows NT 6.0; SLCC1; .NET CLR 2.0.50727; Media Center PC 5.0; .NET CLR 3.0.04506; InfoPath.2)"
78.164.150.28 - - [10/Mar/2009:23:50:55 +0200] "GET /index.php?i=0&a=1__vltsjw_fkdm&k=115851 HTTP/1.1" 200 43 "http://www.buldinle.com/index.php?i=0&a=1__VlTSJw_FkDM&k=115851" "Mozilla/4.0 (compatible; MSIE 7.0; Windows NT 6.0; SLCC1; .NET CLR 2.0.50727; Media Center PC 5.0; .NET CLR 3.0.04506; InfoPath.2)"
85.101.211.92 - - [10/Mar/2009:23:51:02 +0200] "GET / HTTP/1.1" 200 43 "http://www.buldinle.com/" "Mozilla/4.0 (compatible; MSIE 7.0; Windows NT 5.1; Trident/4.0; .NET CLR 2.0.50727; InfoPath.1)"
94.122.131.255 - - [10/Mar/2009:23:51:31 +0200] "GET /index.php?a=1__yfpncn_f8_c&k=27142 HTTP/1.1" 200 43 "http://www.buldinle.com/index.php?a=1__yFpNcN_F8_c&k=27142" "Mozilla/4.0 (compatible; MSIE 6.0; Windows NT 5.1; SV1; .NET CLR 1.1.4322)"
94.122.131.255 - - [10/Mar/2009:23:51:32 +0200] "GET /index.php?a=1__yfpncn_f8_c&k=27142 HTTP/1.1" 200 43 "http://www.buldinle.com/index.php?a=1__yFpNcN_F8_c&k=27142" "Mozilla/4.0 (compatible; MSIE 6.0; Windows NT 5.1; SV1; .NET CLR 1.1.4322)"
85.101.211.92 - - [10/Mar/2009:23:51:34 +0200] "GET /index.php?a=1__whglyxgwylg&k=469770 HTTP/1.1" 200 43 "http://www.buldinle.com/index.php?a=1__whgLYxGWYLg&k=469770" "Mozilla/4.0 (compatible; MSIE 7.0; Windows NT 5.1; Trident/4.0; .NET CLR 2.0.50727; InfoPath.1)"
85.101.211.92 - - [10/Mar/2009:23:51:37 +0200] "GET /index.php?a=1__whglyxgwylg&k=469770 HTTP/1.1" 200 43 "http://www.buldinle.com/index.php?a=1__whgLYxGWYLg&k=469770" "Mozilla/4.0 (compatible; MSIE 7.0; Windows NT 5.1; Trident/4.0; .NET CLR 2.0.50727; InfoPath.1)"
88.227.131.131 - - [10/Mar/2009:23:51:43 +0200] "GET /index.php?i=9&a=3__x84sti&k=5153499 HTTP/1.1" 200 43 "http://www.buldinle.com/index.php?i=9&a=3__x84sti&k=5153499" "Mozilla/4.0 (compatible; MSIE 7.0; Windows NT 6.0; SLCC1; .NET CLR 2.0.50727; Media Center PC 5.0; .NET CLR 3.0.04506; OfficeLiveConnector.1.3; OfficeLivePatch.0.0)"
88.227.131.131 - - [10/Mar/2009:23:51:44 +0200] "GET /index.php?i=9&a=3__x84sti&k=5153499 HTTP/1.1" 200 43 "http://www.buldinle.com/index.php?i=9&a=3__x84sti&k=5153499" "Mozilla/4.0 (compatible; MSIE 7.0; Windows NT 6.0; SLCC1; .NET CLR 2.0.50727; Media Center PC 5.0; .NET CLR 3.0.04506; OfficeLiveConnector.1.3; OfficeLivePatch.0.0)"
78.160.235.228 - - [10/Mar/2009:23:51:56 +0200] "GET /index.php?a=3__x8g0vi&k=5508310 HTTP/1.1" 200 43 "http://www.buldinle.com/index.php?a=3__x8g0vi&k=5508310" "Mozilla/4.0 (compatible; MSIE 6.0; Windows NT 5.1)"
81.215.89.102 - - [10/Mar/2009:23:52:27 +0200] "GET / HTTP/1.1" 200 43 "http://www.buldinle.com/" "Mozilla/4.0 (compatible; MSIE 6.0; Windows NT 5.1; SV1; .NET CLR 1.1.4322)"
78.160.235.228 - - [10/Mar/2009:23:52:30 +0200] "GET /index.php?a=3__x8g0vi&k=5508310 HTTP/1.1" 200 43 "http://www.buldinle.com/index.php?a=3__x8g0vi&k=5508310" "Mozilla/4.0 (compatible; MSIE 6.0; Windows NT 5.1)"
85.98.171.74 - - [10/Mar/2009:23:53:14 +0200] "GET / HTTP/1.1" 200 43 "http://www.buldinle.com/" "Mozilla/4.0 (compatible; MSIE 7.0; Windows NT 5.1; .NET CLR 2.0.50727; .NET CLR 3.0.04506.648; .NET CLR 3.5.21022; .NET CLR 1.1.4322)"
81.215.89.102 - - [10/Mar/2009:23:53:21 +0200] "GET /index.php?a=3__x8fw7x&k=5501539 HTTP/1.1" 200 43 "http://www.buldinle.com/index.php?a=3__x8fw7x&k=5501539" "Mozilla/4.0 (compatible; MSIE 6.0; Windows NT 5.1; SV1; .NET CLR 1.1.4322)"
81.215.89.102 - - [10/Mar/2009:23:53:28 +0200] "GET /index.php?a=3__x8fw7x&k=5501539 HTTP/1.1" 200 43 "http://www.buldinle.com/index.php?a=3__x8fw7x&k=5501539" "Mozilla/4.0 (compatible; MSIE 6.0; Windows NT 5.1; SV1; .NET CLR 1.1.4322)"
85.98.171.74 - - [10/Mar/2009:23:53:33 +0200] "GET /index.php?a=4__-5562185310997570284&k=3298703 HTTP/1.1" 200 43 "http://www.buldinle.com/index.php?a=4__-5562185310997570284&k=3298703" "Mozilla/4.0 (compatible; MSIE 7.0; Windows NT 5.1; .NET CLR 2.0.50727; .NET CLR 3.0.04506.648; .NET CLR 3.5.21022; .NET CLR 1.1.4322)"
85.98.171.74 - - [10/Mar/2009:23:53:34 +0200] "GET /index.php?a=4__-5562185310997570284&k=3298703 HTTP/1.1" 200 43 "http://www.buldinle.com/index.php?a=4__-5562185310997570284&k=3298703" "Mozilla/4.0 (compatible; MSIE 7.0; Windows NT 5.1; .NET CLR 2.0.50727; .NET CLR 3.0.04506.648; .NET CLR 3.5.21022; .NET CLR 1.1.4322)"
85.96.44.152 - - [10/Mar/2009:23:53:39 +0200] "GET /index.php?i=10&a=1__pcbbiqc1za0&k=384789 HTTP/1.1" 200 43 "http://www.buldinle.com/index.php?i=10&a=1__PCBbiqc1Za0&k=384789" "Mozilla/5.0 (Windows; U; Windows NT 6.0; tr; rv:1.8.1.20) Gecko/20081217 Firefox/2.0.0.20"
85.96.44.152 - - [10/Mar/2009:23:53:39 +0200] "GET /index.php?i=10&a=1__pcbbiqc1za0&k=384789 HTTP/1.1" 200 43 "http://www.buldinle.com/index.php?i=10&a=1__PCBbiqc1Za0&k=384789" "Mozilla/5.0 (Windows; U; Windows NT 6.0; tr; rv:1.8.1.20) Gecko/20081217 Firefox/2.0.0.20"
85.101.211.92 - - [10/Mar/2009:23:53:44 +0200] "GET /index.php?a=1__whglyxgwylg&k=469770 HTTP/1.1" 200 43 "http://www.buldinle.com/index.php?a=1__whgLYxGWYLg&k=469770" "Mozilla/4.0 (compatible; MSIE 7.0; Windows NT 5.1; Trident/4.0; .NET CLR 2.0.50727; InfoPath.1)"
85.98.171.74 - - [10/Mar/2009:23:53:50 +0200] "GET /index.php?a=1___lqguux46tu&k=542883 HTTP/1.1" 200 43 "http://www.buldinle.com/index.php?a=1___LQGuUX46TU&k=542883" "Mozilla/4.0 (compatible; MSIE 7.0; Windows NT 5.1; .NET CLR 2.0.50727; .NET CLR 3.0.04506.648; .NET CLR 3.5.21022; .NET CLR 1.1.4322)"
88.241.173.88 - - [10/Mar/2009:23:53:56 +0200] "GET /index.php?i=1&a=1__nkzea3wl64q&k=4973309 HTTP/1.1" 200 43 "http://www.buldinle.com/index.php?i=1&a=1__NkzeA3Wl64Q&k=4973309" "Mozilla/4.0 (compatible; MSIE 7.0; Windows NT 5.1; .NET CLR 1.1.4322)"
85.98.171.74 - - [10/Mar/2009:23:53:56 +0200] "GET /index.php?a=1___lqguux46tu&k=542883 HTTP/1.1" 200 43 "http://www.buldinle.com/index.php?a=1___LQGuUX46TU&k=542883" "Mozilla/4.0 (compatible; MSIE 7.0; Windows NT 5.1; .NET CLR 2.0.50727; .NET CLR 3.0.04506.648; .NET CLR 3.5.21022; .NET CLR 1.1.4322)"
85.101.211.92 - - [10/Mar/2009:23:53:57 +0200] "GET /index.php?a=1__whglyxgwylg&k=469770 HTTP/1.1" 200 43 "http://www.buldinle.com/index.php?a=1__whgLYxGWYLg&k=469770" "Mozilla/4.0 (compatible; MSIE 7.0; Windows NT 5.1; Trident/4.0; .NET CLR 2.0.50727; InfoPath.1)"
85.106.211.55 - - [10/Mar/2009:23:53:59 +0200] "GET /index.php?i=1&a=3__x7hrxl&k=4359857 HTTP/1.1" 200 43 "http://www.buldinle.com/index.php?i=1&a=3__x7hrxl&k=4359857" "Mozilla/4.0 (compatible; MSIE 7.0; Windows NT 6.0; GTB5; SLCC1; .NET CLR 2.0.50727; Media Center PC 5.0; .NET CLR 3.0.04506; InfoPath.1; OfficeLiveConnector.1.3; OfficeLivePatch.0.0)"
85.101.211.92 - - [10/Mar/2009:23:54:01 +0200] "GET /index.php?a=1__whglyxgwylg&k=469770 HTTP/1.1" 200 43 "http://www.buldinle.com/index.php?a=1__whgLYxGWYLg&k=469770" "Mozilla/4.0 (compatible; MSIE 7.0; Windows NT 5.1; Trident/4.0; .NET CLR 2.0.50727; InfoPath.1)"
78.181.111.242 - - [10/Mar/2009:23:54:01 +0200] "GET /index.php?i=9&a=1__vjorcfl4ugu&k=3240868 HTTP/1.1" 200 43 "http://www.buldinle.com/index.php?i=9&a=1__vjOrCfl4uGU&k=3240868" "Mozilla/4.0 (compatible; MSIE 7.0; Windows NT 6.0; GTB5; SLCC1; .NET CLR 2.0.50727; .NET CLR 3.0.04506)"
78.181.111.242 - - [10/Mar/2009:23:54:04 +0200] "GET /index.php?i=9&a=1__vjorcfl4ugu&k=3240868 HTTP/1.1" 200 43 "http://www.buldinle.com/index.php?i=9&a=1__vjOrCfl4uGU&k=3240868" "Mozilla/4.0 (compatible; MSIE 7.0; Windows NT 6.0; GTB5; SLCC1; .NET CLR 2.0.50727; .NET CLR 3.0.04506)"
85.101.211.92 - - [10/Mar/2009:23:54:05 +0200] "GET /index.php?a=1__whglyxgwylg&k=469770 HTTP/1.1" 200 43 "http://www.buldinle.com/index.php?a=1__whgLYxGWYLg&k=469770" "Mozilla/4.0 (compatible; MSIE 7.0; Windows NT 5.1; Trident/4.0; .NET CLR 2.0.50727; InfoPath.1)"
85.101.211.92 - - [10/Mar/2009:23:54:18 +0200] "GET /index.php?a=1__whglyxgwylg&k=469770 HTTP/1.1" 200 43 "http://www.buldinle.com/index.php?a=1__whgLYxGWYLg&k=469770" "Mozilla/4.0 (compatible; MSIE 7.0; Windows NT 5.1; Trident/4.0; .NET CLR 2.0.50727; InfoPath.1)"
85.106.211.55 - - [10/Mar/2009:23:54:26 +0200] "GET /index.php?i=2&a=3__x68xy7&k=2986130 HTTP/1.1" 200 43 "http://www.buldinle.com/index.php?i=2&a=3__x68xy7&k=2986130" "Mozilla/4.0 (compatible; MSIE 7.0; Windows NT 6.0; GTB5; SLCC1; .NET CLR 2.0.50727; Media Center PC 5.0; .NET CLR 3.0.04506; InfoPath.1; OfficeLiveConnector.1.3; OfficeLivePatch.0.0)"
88.241.173.88 - - [10/Mar/2009:23:54:31 +0200] "GET /index.php?i=1&a=1__nkzea3wl64q&k=4973309 HTTP/1.1" 200 43 "http://www.buldinle.com/index.php?i=1&a=1__NkzeA3Wl64Q&k=4973309" "Mozilla/4.0 (compatible; MSIE 7.0; Windows NT 5.1; .NET CLR 1.1.4322)"
85.101.82.70 - - [10/Mar/2009:23:54:37 +0200] "GET / HTTP/1.1" 200 43 "http://www.buldinle.com/" "Mozilla/4.0 (compatible; MSIE 6.0; Windows NT 5.1; SV1)"
88.227.126.163 - - [10/Mar/2009:23:54:45 +0200] "GET /index.php?i=11&a=1__nkzea3wl64q&k=4973309 HTTP/1.1" 200 43 "http://www.buldinle.com/index.php?i=11&a=1__NkzeA3Wl64Q&k=4973309" "Mozilla/4.0 (compatible; MSIE 7.0; Windows NT 6.0; SLCC1; .NET CLR 2.0.50727; .NET CLR 3.0.04506)"
88.227.126.163 - - [10/Mar/2009:23:54:47 +0200] "GET /index.php?i=11&a=1__nkzea3wl64q&k=4973309 HTTP/1.1" 200 43 "http://www.buldinle.com/index.php?i=11&a=1__NkzeA3Wl64Q&k=4973309" "Mozilla/4.0 (compatible; MSIE 7.0; Windows NT 6.0; SLCC1; .NET CLR 2.0.50727; .NET CLR 3.0.04506)"
85.102.183.237 - - [10/Mar/2009:23:55:11 +0200] "GET /index.php?i=5&a=3__x7e10q&k=4224968 HTTP/1.1" 200 43 "http://www.buldinle.com/index.php?i=5&a=3__x7e10q&k=4224968" "Mozilla/4.0 (compatible; MSIE 7.0; Windows NT 5.1; GTB5)"
85.102.183.237 - - [10/Mar/2009:23:55:11 +0200] "GET /index.php?i=5&a=3__x7e10q&k=4224968 HTTP/1.1" 200 43 "http://www.buldinle.com/index.php?i=5&a=3__x7e10q&k=4224968" "Mozilla/4.0 (compatible; MSIE 7.0; Windows NT 5.1; GTB5)"
85.106.211.55 - - [10/Mar/2009:23:55:18 +0200] "GET /index.php?i=2&a=3__x68xy7&k=2986130 HTTP/1.1" 200 43 "http://www.buldinle.com/index.php?i=2&a=3__x68xy7&k=2986130" "Mozilla/4.0 (compatible; MSIE 7.0; Windows NT 6.0; GTB5; SLCC1; .NET CLR 2.0.50727; Media Center PC 5.0; .NET CLR 3.0.04506; InfoPath.1; OfficeLiveConnector.1.3; OfficeLivePatch.0.0)"
88.231.210.149 - - [10/Mar/2009:23:55:55 +0200] "GET / HTTP/1.1" 200 43 "http://www.buldinle.com/" "Mozilla/5.0 (Windows; U; Windows NT 5.1; tr; rv:1.9.0.7) Gecko/2009021910 Firefox/3.0.7"
85.101.82.70 - - [10/Mar/2009:23:56:04 +0200] "GET /index.php?a=3__x3t4bw&k=1930656 HTTP/1.1" 200 43 "http://www.buldinle.com/index.php?a=3__x3t4bw&k=1930656" "Mozilla/4.0 (compatible; MSIE 6.0; Windows NT 5.1; SV1)"
85.101.82.70 - - [10/Mar/2009:23:56:05 +0200] "GET /index.php?a=3__x3t4bw&k=1930656 HTTP/1.1" 200 43 "http://www.buldinle.com/index.php?a=3__x3t4bw&k=1930656" "Mozilla/4.0 (compatible; MSIE 6.0; Windows NT 5.1; SV1)"
85.100.108.10 - - [10/Mar/2009:23:56:25 +0200] "GET / HTTP/1.1" 200 43 "http://www.buldinle.com/" "Mozilla/4.0 (compatible; MSIE 6.0; Windows NT 5.1; SV1)"
88.241.173.88 - - [10/Mar/2009:23:56:30 +0200] "GET /index.php?i=10&a=1__f_gomzy4hvm&k=498288 HTTP/1.1" 200 43 "http://www.buldinle.com/index.php?i=10&a=1__f_GoMZy4HVM&k=498288" "Mozilla/4.0 (compatible; MSIE 7.0; Windows NT 5.1; .NET CLR 1.1.4322)"
85.101.211.92 - - [10/Mar/2009:23:56:41 +0200] "GET /index.php?i=16&a=1__xcc2sn1dffe&k=605879 HTTP/1.1" 200 43 "http://www.buldinle.com/index.php?i=16&a=1__xcc2SN1DFfE&k=605879" "Mozilla/4.0 (compatible; MSIE 7.0; Windows NT 5.1; Trident/4.0; .NET CLR 2.0.50727; InfoPath.1)"
85.101.211.92 - - [10/Mar/2009:23:56:43 +0200] "GET /index.php?i=16&a=1__xcc2sn1dffe&k=605879 HTTP/1.1" 200 43 "http://www.buldinle.com/index.php?i=16&a=1__xcc2SN1DFfE&k=605879" "Mozilla/4.0 (compatible; MSIE 7.0; Windows NT 5.1; Trident/4.0; .NET CLR 2.0.50727; InfoPath.1)"
85.101.211.92 - - [10/Mar/2009:23:57:08 +0200] "GET /index.php?i=16&a=1__xcc2sn1dffe&k=605879 HTTP/1.1" 200 43 "http://www.buldinle.com/index.php?i=16&a=1__xcc2SN1DFfE&k=605879" "Mozilla/4.0 (compatible; MSIE 7.0; Windows NT 5.1; Trident/4.0; .NET CLR 2.0.50727; InfoPath.1)"
85.100.108.10 - - [10/Mar/2009:23:57:12 +0200] "GET /index.php?a=1__mcszu7udl5i&k=4867562 HTTP/1.1" 200 43 "http://www.buldinle.com/index.php?a=1__McsZU7UDL5I&k=4867562" "Mozilla/4.0 (compatible; MSIE 6.0; Windows NT 5.1; SV1)"
85.101.211.92 - - [10/Mar/2009:23:57:13 +0200] "GET /index.php?i=16&a=1__xcc2sn1dffe&k=605879 HTTP/1.1" 200 43 "http://www.buldinle.com/index.php?i=16&a=1__xcc2SN1DFfE&k=605879" "Mozilla/4.0 (compatible; MSIE 7.0; Windows NT 5.1; Trident/4.0; .NET CLR 2.0.50727; InfoPath.1)"
85.100.108.10 - - [10/Mar/2009:23:57:13 +0200] "GET /index.php?a=1__mcszu7udl5i&k=4867562 HTTP/1.1" 200 43 "http://www.buldinle.com/index.php?a=1__McsZU7UDL5I&k=4867562" "Mozilla/4.0 (compatible; MSIE 6.0; Windows NT 5.1; SV1)"
85.101.211.92 - - [10/Mar/2009:23:57:18 +0200] "GET /index.php?i=16&a=1__xcc2sn1dffe&k=605879 HTTP/1.1" 200 43 "http://www.buldinle.com/index.php?i=16&a=1__xcc2SN1DFfE&k=605879" "Mozilla/4.0 (compatible; MSIE 7.0; Windows NT 5.1; Trident/4.0; .NET CLR 2.0.50727; InfoPath.1)"
85.100.108.10 - - [10/Mar/2009:23:57:29 +0200] "GET / HTTP/1.1" 200 43 "http://www.buldinle.com/" "Mozilla/4.0 (compatible; MSIE 6.0; Windows NT 5.1; SV1)"
85.98.171.74 - - [10/Mar/2009:23:57:29 +0200] "GET /index.php?a=1__gefuumyhl5c&k=5143555 HTTP/1.1" 200 43 "http://www.buldinle.com/index.php?a=1__GeFUuMyHl5c&k=5143555" "Mozilla/4.0 (compatible; MSIE 7.0; Windows NT 5.1; .NET CLR 2.0.50727; .NET CLR 3.0.04506.648; .NET CLR 3.5.21022; .NET CLR 1.1.4322)"
85.98.171.74 - - [10/Mar/2009:23:57:30 +0200] "GET /index.php?a=1__gefuumyhl5c&k=5143555 HTTP/1.1" 200 43 "http://www.buldinle.com/index.php?a=1__GeFUuMyHl5c&k=5143555" "Mozilla/4.0 (compatible; MSIE 7.0; Windows NT 5.1; .NET CLR 2.0.50727; .NET CLR 3.0.04506.648; .NET CLR 3.5.21022; .NET CLR 1.1.4322)"
85.108.36.237 - - [10/Mar/2009:23:57:43 +0200] "GET / HTTP/1.1" 200 43 "http://www.buldinle.com/" "Mozilla/4.0 (compatible; MSIE 7.0; Windows NT 5.1; .NET CLR 2.0.50727; .NET CLR 3.0.04506.648; .NET CLR 3.5.21022; .NET CLR 1.1.4322; OfficeLiveConnector.1.3; OfficeLivePatch.0.0)"
88.241.173.88 - - [10/Mar/2009:23:57:45 +0200] "GET /index.php?i=10&a=1__f_gomzy4hvm&k=498288 HTTP/1.1" 200 43 "http://www.buldinle.com/index.php?i=10&a=1__f_GoMZy4HVM&k=498288" "Mozilla/4.0 (compatible; MSIE 7.0; Windows NT 5.1; .NET CLR 1.1.4322)"
85.108.150.122 - - [10/Mar/2009:23:58:06 +0200] "GET / HTTP/1.1" 200 43 "http://www.buldinle.com/" "Mozilla/4.0 (compatible; MSIE 7.0; Windows NT 6.0; SIMBAR={C7A05B49-19EF-47B7-833F-840E42CBD429}; GTB5; SLCC1; .NET CLR 2.0.50727; .NET CLR 3.0.04506)"
85.108.36.237 - - [10/Mar/2009:23:58:11 +0200] "GET /index.php?i=19&a=1__8ibmnf50tgm&k=447669 HTTP/1.1" 200 43 "http://www.buldinle.com/index.php?i=19&a=1__8Ibmnf50tgM&k=447669" "Mozilla/4.0 (compatible; MSIE 7.0; Windows NT 5.1; .NET CLR 2.0.50727; .NET CLR 3.0.04506.648; .NET CLR 3.5.21022; .NET CLR 1.1.4322; OfficeLiveConnector.1.3; OfficeLivePatch.0.0)"
94.122.131.255 - - [10/Mar/2009:23:58:13 +0200] "GET /index.php?a=1__yfpncn_f8_c&k=27142 HTTP/1.1" 200 43 "http://www.buldinle.com/index.php?a=1__yFpNcN_F8_c&k=27142" "Mozilla/4.0 (compatible; MSIE 6.0; Windows NT 5.1; SV1; .NET CLR 1.1.4322)"
78.181.111.242 - - [10/Mar/2009:23:58:13 +0200] "GET /index.php?i=10&a=1__vjorcfl4ugu&k=3240868 HTTP/1.1" 200 43 "http://www.buldinle.com/index.php?i=10&a=1__vjOrCfl4uGU&k=3240868" "Mozilla/4.0 (compatible; MSIE 7.0; Windows NT 6.0; GTB5; SLCC1; .NET CLR 2.0.50727; .NET CLR 3.0.04506)"
78.181.111.242 - - [10/Mar/2009:23:58:16 +0200] "GET /index.php?i=10&a=1__vjorcfl4ugu&k=3240868 HTTP/1.1" 200 43 "http://www.buldinle.com/index.php?i=10&a=1__vjOrCfl4uGU&k=3240868" "Mozilla/4.0 (compatible; MSIE 7.0; Windows NT 6.0; GTB5; SLCC1; .NET CLR 2.0.50727; .NET CLR 3.0.04506)"
85.108.36.237 - - [10/Mar/2009:23:58:30 +0200] "GET /index.php?i=19&a=1__8ibmnf50tgm&k=447669 HTTP/1.1" 200 43 "http://www.buldinle.com/index.php?i=19&a=1__8Ibmnf50tgM&k=447669" "Mozilla/4.0 (compatible; MSIE 7.0; Windows NT 5.1; .NET CLR 2.0.50727; .NET CLR 3.0.04506.648; .NET CLR 3.5.21022; .NET CLR 1.1.4322; OfficeLiveConnector.1.3; OfficeLivePatch.0.0)"
85.96.44.152 - - [10/Mar/2009:23:58:32 +0200] "GET /index.php?i=11&a=1__hwmj-8phep4&k=764733 HTTP/1.1" 200 43 "http://www.buldinle.com/index.php?i=11&a=1__hwMj-8PheP4&k=764733" "Mozilla/5.0 (Windows; U; Windows NT 6.0; tr; rv:1.8.1.20) Gecko/20081217 Firefox/2.0.0.20"
85.101.211.92 - - [10/Mar/2009:23:58:36 +0200] "GET /index.php?i=16&a=1__xcc2sn1dffe&k=605879 HTTP/1.1" 200 43 "http://www.buldinle.com/index.php?i=16&a=1__xcc2SN1DFfE&k=605879" "Mozilla/4.0 (compatible; MSIE 7.0; Windows NT 5.1; Trident/4.0; .NET CLR 2.0.50727; InfoPath.1)"
85.96.44.152 - - [10/Mar/2009:23:58:36 +0200] "GET /index.php?i=11&a=1__hwmj-8phep4&k=764733 HTTP/1.1" 200 43 "http://www.buldinle.com/index.php?i=11&a=1__hwMj-8PheP4&k=764733" "Mozilla/5.0 (Windows; U; Windows NT 6.0; tr; rv:1.8.1.20) Gecko/20081217 Firefox/2.0.0.20"
85.101.211.92 - - [10/Mar/2009:23:58:45 +0200] "GET /index.php?i=16&a=1__xcc2sn1dffe&k=605879 HTTP/1.1" 200 43 "http://www.buldinle.com/index.php?i=16&a=1__xcc2SN1DFfE&k=605879" "Mozilla/4.0 (compatible; MSIE 7.0; Windows NT 5.1; Trident/4.0; .NET CLR 2.0.50727; InfoPath.1)"
85.108.150.122 - - [10/Mar/2009:23:58:53 +0200] "GET /index.php?i=11&a=1__r1ckfz_etey&k=76855 HTTP/1.1" 200 43 "http://www.buldinle.com/index.php?i=11&a=1__R1cKfz_EteY&k=76855" "Mozilla/4.0 (compatible; MSIE 7.0; Windows NT 6.0; SIMBAR={C7A05B49-19EF-47B7-833F-840E42CBD429}; GTB5; SLCC1; .NET CLR 2.0.50727; .NET CLR 3.0.04506)"
85.108.150.122 - - [10/Mar/2009:23:59:05 +0200] "GET / HTTP/1.1" 200 43 "http://www.buldinle.com/" "Mozilla/4.0 (compatible; MSIE 7.0; Windows NT 6.0; SIMBAR={C7A05B49-19EF-47B7-833F-840E42CBD429}; GTB5; SLCC1; .NET CLR 2.0.50727; .NET CLR 3.0.04506)"
85.101.211.92 - - [10/Mar/2009:23:59:19 +0200] "GET /index.php?i=16&a=1__xcc2sn1dffe&k=605879 HTTP/1.1" 200 43 "http://www.buldinle.com/index.php?i=16&a=1__xcc2SN1DFfE&k=605879" "Mozilla/4.0 (compatible; MSIE 7.0; Windows NT 5.1; Trident/4.0; .NET CLR 2.0.50727; InfoPath.1)"
88.242.152.177 - - [10/Mar/2009:23:59:31 +0200] "GET /index.php?i=1&a=3__x8g0vi&k=5508310 HTTP/1.1" 200 43 "http://www.buldinle.com/index.php?i=1&a=3__x8g0vi&k=5508310" "Mozilla/4.0 (compatible; MSIE 7.0; Windows NT 5.1; .NET CLR 2.0.50727; OfficeLiveConnector.1.3; OfficeLivePatch.0.0)"
85.108.150.122 - - [10/Mar/2009:23:59:39 +0200] "GET /index.php?i=11&a=1__r1ckfz_etey&k=76855 HTTP/1.1" 200 43 "http://www.buldinle.com/index.php?i=11&a=1__R1cKfz_EteY&k=76855" "Mozilla/4.0 (compatible; MSIE 7.0; Windows NT 6.0; SIMBAR={C7A05B49-19EF-47B7-833F-840E42CBD429}; GTB5; SLCC1; .NET CLR 2.0.50727; .NET CLR 3.0.04506)"
85.108.150.122 - - [10/Mar/2009:23:59:40 +0200] "GET /index.php?i=11&a=1__r1ckfz_etey&k=76855 HTTP/1.1" 200 43 "http://www.buldinle.com/index.php?i=11&a=1__R1cKfz_EteY&k=76855" "Mozilla/4.0 (compatible; MSIE 7.0; Windows NT 6.0; SIMBAR={C7A05B49-19EF-47B7-833F-840E42CBD429}; GTB5; SLCC1; .NET CLR 2.0.50727; .NET CLR 3.0.04506)"
85.101.211.92 - - [10/Mar/2009:23:59:48 +0200] "GET /index.php?i=17&a=1__xcc2sn1dffe&k=605879 HTTP/1.1" 200 43 "http://www.buldinle.com/index.php?i=17&a=1__xcc2SN1DFfE&k=605879" "Mozilla/4.0 (compatible; MSIE 7.0; Windows NT 5.1; Trident/4.0; .NET CLR 2.0.50727; InfoPath.1)"
88.227.126.163 - - [10/Mar/2009:23:59:52 +0200] "GET /index.php?i=0&a=1__cvby1lyven8&k=4003086 HTTP/1.1" 200 43 "http://www.buldinle.com/index.php?i=0&a=1__CVBy1LyvEN8&k=4003086" "Mozilla/4.0 (compatible; MSIE 7.0; Windows NT 6.0; SLCC1; .NET CLR 2.0.50727; .NET CLR 3.0.04506)"
85.101.211.92 - - [10/Mar/2009:23:59:53 +0200] "GET /index.php?i=17&a=1__xcc2sn1dffe&k=605879 HTTP/1.1" 200 43 "http://www.buldinle.com/index.php?i=17&a=1__xcc2SN1DFfE&k=605879" "Mozilla/4.0 (compatible; MSIE 7.0; Windows NT 5.1; Trident/4.0; .NET CLR 2.0.50727; InfoPath.1)"
88.227.126.163 - - [10/Mar/2009:23:59:54 +0200] "GET /index.php?i=0&a=1__cvby1lyven8&k=4003086 HTTP/1.1" 200 43 "http://www.buldinle.com/index.php?i=0&a=1__CVBy1LyvEN8&k=4003086" "Mozilla/4.0 (compatible; MSIE 7.0; Windows NT 6.0; SLCC1; .NET CLR 2.0.50727; .NET CLR 3.0.04506)"
88.242.152.177 - - [10/Mar/2009:23:59:58 +0200] "GET /index.php?i=0&a=3__x71p76&k=3838533 HTTP/1.1" 200 43 "http://www.buldinle.com/index.php?i=0&a=3__x71p76&k=3838533" "Mozilla/4.0 (compatible; MSIE 7.0; Windows NT 5.1; .NET CLR 2.0.50727; OfficeLiveConnector.1.3; OfficeLivePatch.0.0)"
88.242.152.177 - - [11/Mar/2009:00:00:02 +0200] "GET /index.php?i=0&a=3__x71p76&k=3838533 HTTP/1.1" 200 43 "http://www.buldinle.com/index.php?i=0&a=3__x71p76&k=3838533" "Mozilla/4.0 (compatible; MSIE 7.0; Windows NT 5.1; .NET CLR 2.0.50727; OfficeLiveConnector.1.3; OfficeLivePatch.0.0)"
78.160.235.228 - - [11/Mar/2009:00:00:13 +0200] "GET /index.php?a=1__duqndkei1ga&k=4113630 HTTP/1.1" 200 43 "http://www.buldinle.com/index.php?a=1__DUqnDKeI1gA&k=4113630" "Mozilla/4.0 (compatible; MSIE 6.0; Windows NT 5.1)"
78.160.235.228 - - [11/Mar/2009:00:00:14 +0200] "GET /index.php?a=1__duqndkei1ga&k=4113630 HTTP/1.1" 200 43 "http://www.buldinle.com/index.php?a=1__DUqnDKeI1gA&k=4113630" "Mozilla/4.0 (compatible; MSIE 6.0; Windows NT 5.1)"
85.101.211.92 - - [11/Mar/2009:00:00:15 +0200] "GET /index.php?i=18&a=1__e92drshmsim&k=461947 HTTP/1.1" 200 43 "http://www.buldinle.com/index.php?i=18&a=1__e92drShmsIM&k=461947" "Mozilla/4.0 (compatible; MSIE 7.0; Windows NT 5.1; Trident/4.0; .NET CLR 2.0.50727; InfoPath.1)"
85.101.211.92 - - [11/Mar/2009:00:00:26 +0200] "GET /index.php?i=18&a=1__e92drshmsim&k=461947 HTTP/1.1" 200 43 "http://www.buldinle.com/index.php?i=18&a=1__e92drShmsIM&k=461947" "Mozilla/4.0 (compatible; MSIE 7.0; Windows NT 5.1; Trident/4.0; .NET CLR 2.0.50727; InfoPath.1)"
85.102.183.237 - - [11/Mar/2009:00:00:43 +0200] "GET /index.php?i=6&a=1__dect1wytlrq&k=447690 HTTP/1.1" 200 43 "http://www.buldinle.com/index.php?i=6&a=1__deCT1WYtlrQ&k=447690" "Mozilla/4.0 (compatible; MSIE 7.0; Windows NT 5.1; GTB5)"
85.102.183.237 - - [11/Mar/2009:00:00:49 +0200] "GET /index.php?i=6&a=1__dect1wytlrq&k=447690 HTTP/1.1" 200 43 "http://www.buldinle.com/index.php?i=6&a=1__deCT1WYtlrQ&k=447690" "Mozilla/4.0 (compatible; MSIE 7.0; Windows NT 5.1; GTB5)"
88.230.13.213 - - [11/Mar/2009:00:00:52 +0200] "GET / HTTP/1.1" 200 43 "http://www.buldinle.com/" "Mozilla/4.0 (compatible; MSIE 7.0; Windows NT 6.0; GTB5; SLCC1; .NET CLR 2.0.50727; Media Center PC 5.0; .NET CLR 3.0.04506)"
78.160.235.228 - - [11/Mar/2009:00:01:00 +0200] "GET /index.php?a=1__a7i2xqzpg5m&k=5498747 HTTP/1.1" 200 43 "http://www.buldinle.com/index.php?a=1__A7i2xQzpG5M&k=5498747" "Mozilla/4.0 (compatible; MSIE 6.0; Windows NT 5.1)"
78.160.235.228 - - [11/Mar/2009:00:01:01 +0200] "GET /index.php?a=1__a7i2xqzpg5m&k=5498747 HTTP/1.1" 200 43 "http://www.buldinle.com/index.php?a=1__A7i2xQzpG5M&k=5498747" "Mozilla/4.0 (compatible; MSIE 6.0; Windows NT 5.1)"
85.101.82.70 - - [11/Mar/2009:00:01:06 +0200] "GET /index.php?i=0&a=1__lcn0w0ggq8s&k=5502679 HTTP/1.1" 200 43 "http://www.buldinle.com/index.php?i=0&a=1__lcn0W0gGq8s&k=5502679" "Mozilla/4.0 (compatible; MSIE 6.0; Windows NT 5.1; SV1)"
85.106.211.55 - - [11/Mar/2009:00:01:23 +0200] "GET /index.php?a=3__x8g0vi&k=5508310 HTTP/1.1" 200 43 "http://www.buldinle.com/index.php?a=3__x8g0vi&k=5508310" "Mozilla/4.0 (compatible; MSIE 7.0; Windows NT 6.0; GTB5; SLCC1; .NET CLR 2.0.50727; Media Center PC 5.0; .NET CLR 3.0.04506; InfoPath.1; OfficeLiveConnector.1.3; OfficeLivePatch.0.0)"
85.98.110.249 - - [11/Mar/2009:00:01:39 +0200] "GET / HTTP/1.1" 200 43 "http://www.buldinle.com/" "Mozilla/4.0 (compatible; MSIE 7.0; Windows NT 5.1; .NET CLR 1.1.4322; .NET CLR 2.0.50727; OfficeLiveConnector.1.3; OfficeLivePatch.0.0; InfoPath.1)"
85.106.211.55 - - [11/Mar/2009:00:01:42 +0200] "GET /index.php?a=3__x8g0vi&k=5508310 HTTP/1.1" 200 43 "http://www.buldinle.com/index.php?a=3__x8g0vi&k=5508310" "Mozilla/4.0 (compatible; MSIE 7.0; Windows NT 6.0; GTB5; SLCC1; .NET CLR 2.0.50727; Media Center PC 5.0; .NET CLR 3.0.04506; InfoPath.1; OfficeLiveConnector.1.3; OfficeLivePatch.0.0)"
78.160.235.228 - - [11/Mar/2009:00:01:52 +0200] "GET /index.php?a=3__x69xtz&k=3009940 HTTP/1.1" 200 43 "http://www.buldinle.com/index.php?a=3__x69xtz&k=3009940" "Mozilla/4.0 (compatible; MSIE 6.0; Windows NT 5.1)"
78.160.235.228 - - [11/Mar/2009:00:01:53 +0200] "GET /index.php?a=3__x69xtz&k=3009940 HTTP/1.1" 200 43 "http://www.buldinle.com/index.php?a=3__x69xtz&k=3009940" "Mozilla/4.0 (compatible; MSIE 6.0; Windows NT 5.1)"
88.230.13.213 - - [11/Mar/2009:00:01:59 +0200] "GET /index.php?a=1___podbysroce&k=5586270 HTTP/1.1" 200 43 "http://www.buldinle.com/index.php?a=1___PODBYsROCE&k=5586270" "Mozilla/4.0 (compatible; MSIE 7.0; Windows NT 6.0; GTB5; SLCC1; .NET CLR 2.0.50727; Media Center PC 5.0; .NET CLR 3.0.04506)"
78.160.235.228 - - [11/Mar/2009:00:02:02 +0200] "GET /index.php?a=1__dxzg5o-7hfs&k=4374971 HTTP/1.1" 200 43 "http://www.buldinle.com/index.php?a=1__dxzg5O-7hFs&k=4374971" "Mozilla/4.0 (compatible; MSIE 6.0; Windows NT 5.1)"
88.237.214.76 - - [11/Mar/2009:00:02:02 +0200] "GET /info/1/01kzqjycyf8/493703/01kzqjycyf8/ HTTP/1.1" 200 43 "http://www.buldinle.com/info/1/01KzqjYcyf8/493703/01KzqjYcyf8/" "Mozilla/5.0 (Windows; U; Windows NT 5.1; tr; rv:1.9.0.7) Gecko/2009021910 Firefox/3.0.7"
88.241.173.88 - - [11/Mar/2009:00:02:03 +0200] "GET /index.php?i=11&a=1__ler2srcvd_g&k=476833 HTTP/1.1" 200 43 "http://www.buldinle.com/index.php?i=11&a=1__Ler2sRCVD_g&k=476833" "Mozilla/4.0 (compatible; MSIE 7.0; Windows NT 5.1; .NET CLR 1.1.4322)"
78.160.235.228 - - [11/Mar/2009:00:02:03 +0200] "GET /index.php?a=1__dxzg5o-7hfs&k=4374971 HTTP/1.1" 200 43 "http://www.buldinle.com/index.php?a=1__dxzg5O-7hFs&k=4374971" "Mozilla/4.0 (compatible; MSIE 6.0; Windows NT 5.1)"
88.237.214.76 - - [11/Mar/2009:00:02:15 +0200] "GET /?a=1__01kzqjycyf8&k=493703 HTTP/1.1" 200 43 "http://www.buldinle.com/?a=1__01KzqjYcyf8&k=493703" "Mozilla/5.0 (Windows; U; Windows NT 5.1; tr; rv:1.9.0.7) Gecko/2009021910 Firefox/3.0.7"
88.237.214.76 - - [11/Mar/2009:00:02:19 +0200] "GET /?a=1__01kzqjycyf8&k=493703 HTTP/1.1" 200 43 "http://www.buldinle.com/?a=1__01KzqjYcyf8&k=493703" "Mozilla/5.0 (Windows; U; Windows NT 5.1; tr; rv:1.9.0.7) Gecko/2009021910 Firefox/3.0.7"
85.110.182.111 - - [11/Mar/2009:00:02:20 +0200] "GET /index.php?a=3__x8g0vi&k=5508310 HTTP/1.1" 200 43 "http://www.buldinle.com/index.php?a=3__x8g0vi&k=5508310" "Mozilla/4.0 (compatible; MSIE 6.0; Windows NT 5.1; SV1; .NET CLR 2.0.50727)"
85.98.110.249 - - [11/Mar/2009:00:02:20 +0200] "GET /index.php?a=1___hktynkdfug&k=340740 HTTP/1.1" 200 43 "http://www.buldinle.com/index.php?a=1___HKTyNkdFug&k=340740" "Mozilla/4.0 (compatible; MSIE 7.0; Windows NT 5.1; .NET CLR 1.1.4322; .NET CLR 2.0.50727; OfficeLiveConnector.1.3; OfficeLivePatch.0.0; InfoPath.1)"
85.98.110.249 - - [11/Mar/2009:00:02:21 +0200] "GET /index.php?a=1___hktynkdfug&k=340740 HTTP/1.1" 200 43 "http://www.buldinle.com/index.php?a=1___HKTyNkdFug&k=340740" "Mozilla/4.0 (compatible; MSIE 7.0; Windows NT 5.1; .NET CLR 1.1.4322; .NET CLR 2.0.50727; OfficeLiveConnector.1.3; OfficeLivePatch.0.0; InfoPath.1)"
88.237.214.76 - - [11/Mar/2009:00:02:22 +0200] "GET /info/1/01kzqjycyf8/493703/01kzqjycyf8/ HTTP/1.1" 200 43 "http://www.buldinle.com/info/1/01KzqjYcyf8/493703/01KzqjYcyf8/" "Mozilla/5.0 (Windows; U; Windows NT 5.1; tr; rv:1.9.0.7) Gecko/2009021910 Firefox/3.0.7"
85.110.182.111 - - [11/Mar/2009:00:02:29 +0200] "GET /index.php?a=3__x8g0vi&k=5508310 HTTP/1.1" 200 43 "http://www.buldinle.com/index.php?a=3__x8g0vi&k=5508310" "Mozilla/4.0 (compatible; MSIE 6.0; Windows NT 5.1; SV1; .NET CLR 2.0.50727)"
78.177.166.136 - - [11/Mar/2009:00:02:43 +0200] "GET /info/1/yfrvi0n2y_s/295086/yfrvi0n2y_s/ HTTP/1.1" 200 43 "http://www.buldinle.com/info/1/yFrVi0N2y_s/295086/yFrVi0N2y_s/" "Mozilla/4.0 (compatible; MSIE 7.0; Windows NT 6.0; SLCC1; .NET CLR 2.0.50727; Media Center PC 5.0; .NET CLR 3.0.04506; OfficeLiveConnector.1.3; OfficeLivePatch.0.0)"
85.110.182.111 - - [11/Mar/2009:00:02:52 +0200] "GET /index.php?a=1__vc2zrlkhsja&k=3812051 HTTP/1.1" 200 43 "http://www.buldinle.com/index.php?a=1__VC2zRlkhsjA&k=3812051" "Mozilla/4.0 (compatible; MSIE 6.0; Windows NT 5.1; SV1; .NET CLR 2.0.50727)"
85.110.182.111 - - [11/Mar/2009:00:02:53 +0200] "GET /index.php?a=1__vc2zrlkhsja&k=3812051 HTTP/1.1" 200 43 "http://www.buldinle.com/index.php?a=1__VC2zRlkhsjA&k=3812051" "Mozilla/4.0 (compatible; MSIE 6.0; Windows NT 5.1; SV1; .NET CLR 2.0.50727)"
88.230.13.213 - - [11/Mar/2009:00:02:55 +0200] "GET / HTTP/1.1" 200 43 "http://www.buldinle.com/" "Mozilla/4.0 (compatible; MSIE 7.0; Windows NT 6.0; GTB5; SLCC1; .NET CLR 2.0.50727; Media Center PC 5.0; .NET CLR 3.0.04506)"
85.101.211.92 - - [11/Mar/2009:00:02:58 +0200] "GET /index.php?i=18&a=1__e92drshmsim&k=461947 HTTP/1.1" 200 43 "http://www.buldinle.com/index.php?i=18&a=1__e92drShmsIM&k=461947" "Mozilla/4.0 (compatible; MSIE 7.0; Windows NT 5.1; Trident/4.0; .NET CLR 2.0.50727; InfoPath.1)"
85.106.211.55 - - [11/Mar/2009:00:02:59 +0200] "GET /index.php?a=3__x8g0vi&k=5508310 HTTP/1.1" 200 43 "http://www.buldinle.com/index.php?a=3__x8g0vi&k=5508310" "Mozilla/4.0 (compatible; MSIE 7.0; Windows NT 6.0; GTB5; SLCC1; .NET CLR 2.0.50727; Media Center PC 5.0; .NET CLR 3.0.04506; InfoPath.1; OfficeLiveConnector.1.3; OfficeLivePatch.0.0)"
196.217.149.60 - - [11/Mar/2009:00:03:09 +0200] "GET / HTTP/1.1" 200 43 "http://www.buldinle.com/" "Mozilla/5.0 (Windows; U; Windows NT 6.0; tr; rv:1.9.0.6) Gecko/2009011913 Firefox/3.0.6"
78.177.166.136 - - [11/Mar/2009:00:03:14 +0200] "GET /info/1/yfrvi0n2y_s/295086/yfrvi0n2y_s/ HTTP/1.1" 200 43 "http://www.buldinle.com/info/1/yFrVi0N2y_s/295086/yFrVi0N2y_s/" "Mozilla/4.0 (compatible; MSIE 7.0; Windows NT 6.0; SLCC1; .NET CLR 2.0.50727; Media Center PC 5.0; .NET CLR 3.0.04506; OfficeLiveConnector.1.3; OfficeLivePatch.0.0)"
78.177.166.136 - - [11/Mar/2009:00:03:17 +0200] "GET /info/keyword/0/1/klip/index.html HTTP/1.1" 200 43 "http://www.buldinle.com/info/keyword/0/1/KL%C4%B0P/index.html" "Mozilla/4.0 (compatible; MSIE 7.0; Windows NT 6.0; SLCC1; .NET CLR 2.0.50727; Media Center PC 5.0; .NET CLR 3.0.04506; OfficeLiveConnector.1.3; OfficeLivePatch.0.0)"
78.177.166.136 - - [11/Mar/2009:00:03:24 +0200] "GET /info/1/yfrvi0n2y_s/295086/yfrvi0n2y_s/ HTTP/1.1" 200 43 "http://www.buldinle.com/info/1/yFrVi0N2y_s/295086/yFrVi0N2y_s/" "Mozilla/4.0 (compatible; MSIE 7.0; Windows NT 6.0; SLCC1; .NET CLR 2.0.50727; Media Center PC 5.0; .NET CLR 3.0.04506; OfficeLiveConnector.1.3; OfficeLivePatch.0.0)"
85.106.211.55 - - [11/Mar/2009:00:03:28 +0200] "GET /index.php?a=3__x8g0vi&k=5508310 HTTP/1.1" 200 43 "http://www.buldinle.com/index.php?a=3__x8g0vi&k=5508310" "Mozilla/4.0 (compatible; MSIE 7.0; Windows NT 6.0; GTB5; SLCC1; .NET CLR 2.0.50727; Media Center PC 5.0; .NET CLR 3.0.04506; InfoPath.1; OfficeLiveConnector.1.3; OfficeLivePatch.0.0)"
78.164.150.28 - - [11/Mar/2009:00:03:40 +0200] "GET / HTTP/1.1" 200 43 "http://www.buldinle.com/" "Mozilla/4.0 (compatible; MSIE 7.0; Windows NT 6.0; SLCC1; .NET CLR 2.0.50727; Media Center PC 5.0; .NET CLR 3.0.04506; InfoPath.2)"
85.101.211.92 - - [11/Mar/2009:00:03:48 +0200] "GET /index.php?i=18&a=1__e92drshmsim&k=461947 HTTP/1.1" 200 43 "http://www.buldinle.com/index.php?i=18&a=1__e92drShmsIM&k=461947" "Mozilla/4.0 (compatible; MSIE 7.0; Windows NT 5.1; Trident/4.0; .NET CLR 2.0.50727; InfoPath.1)"
94.122.131.255 - - [11/Mar/2009:00:03:48 +0200] "GET /index.php?a=1__5inirn7isam&k=9331 HTTP/1.1" 200 43 "http://www.buldinle.com/index.php?a=1__5INIrN7isaM&k=9331" "Mozilla/4.0 (compatible; MSIE 6.0; Windows NT 5.1; SV1; .NET CLR 1.1.4322)"
94.122.131.255 - - [11/Mar/2009:00:03:50 +0200] "GET /index.php?a=1__5inirn7isam&k=9331 HTTP/1.1" 200 43 "http://www.buldinle.com/index.php?a=1__5INIrN7isaM&k=9331" "Mozilla/4.0 (compatible; MSIE 6.0; Windows NT 5.1; SV1; .NET CLR 1.1.4322)"
85.101.211.92 - - [11/Mar/2009:00:03:51 +0200] "GET /index.php?i=18&a=1__e92drshmsim&k=461947 HTTP/1.1" 200 43 "http://www.buldinle.com/index.php?i=18&a=1__e92drShmsIM&k=461947" "Mozilla/4.0 (compatible; MSIE 7.0; Windows NT 5.1; Trident/4.0; .NET CLR 2.0.50727; InfoPath.1)"
85.96.44.152 - - [11/Mar/2009:00:04:03 +0200] "GET /index.php?i=12&a=1__k32lppkwqyu&k=127296 HTTP/1.1" 200 43 "http://www.buldinle.com/index.php?i=12&a=1__k32LPPkWQyU&k=127296" "Mozilla/5.0 (Windows; U; Windows NT 6.0; tr; rv:1.8.1.20) Gecko/20081217 Firefox/2.0.0.20"
85.96.44.152 - - [11/Mar/2009:00:04:06 +0200] "GET /index.php?i=12&a=1__k32lppkwqyu&k=127296 HTTP/1.1" 200 43 "http://www.buldinle.com/index.php?i=12&a=1__k32LPPkWQyU&k=127296" "Mozilla/5.0 (Windows; U; Windows NT 6.0; tr; rv:1.8.1.20) Gecko/20081217 Firefox/2.0.0.20"
88.251.80.58 - - [11/Mar/2009:00:04:10 +0200] "GET / HTTP/1.1" 200 43 "http://www.buldinle.com/" "Mozilla/4.0 (compatible; MSIE 7.0; Windows NT 5.1; .NET CLR 2.0.50727; .NET CLR 3.0.04506.648; .NET CLR 3.5.21022; .NET CLR 1.1.4322)"
85.101.211.92 - - [11/Mar/2009:00:04:12 +0200] "GET /index.php?i=18&a=1__e92drshmsim&k=461947 HTTP/1.1" 200 43 "http://www.buldinle.com/index.php?i=18&a=1__e92drShmsIM&k=461947" "Mozilla/4.0 (compatible; MSIE 7.0; Windows NT 5.1; Trident/4.0; .NET CLR 2.0.50727; InfoPath.1)"
