212.98.223.2 - - [04/May/2009:17:08:14 +0300] "GET /index.php?a=3__x8s8cf&k=5984673 HTTP/1.1" 200 43 "http://www.buldinle.com/index.php?a=3__x8s8cf&k=5984673" "Mozilla/4.0 (compatible; MSIE 7.0; Windows NT 5.1; .NET CLR 1.1.4322; InfoPath.1)"
88.250.204.18 - - [04/May/2009:17:08:15 +0300] "GET /index.php?i=0&a=3__x8fw5f&k=5501544 HTTP/1.1" 200 43 "http://www.buldinle.com/index.php?i=0&a=3__x8fw5f&k=5501544" "Mozilla/4.0 (compatible; MSIE 6.0; Windows NT 5.1; SV1)"
212.98.223.2 - - [04/May/2009:17:08:17 +0300] "GET /index.php?a=3__x8s8cf&k=5984673 HTTP/1.1" 200 43 "http://www.buldinle.com/index.php?a=3__x8s8cf&k=5984673" "Mozilla/4.0 (compatible; MSIE 7.0; Windows NT 5.1; .NET CLR 1.1.4322; InfoPath.1)"
88.250.204.18 - - [04/May/2009:17:08:20 +0300] "GET /index.php?i=0&a=3__x8fw5f&k=5501544 HTTP/1.1" 200 43 "http://www.buldinle.com/index.php?i=0&a=3__x8fw5f&k=5501544" "Mozilla/4.0 (compatible; MSIE 6.0; Windows NT 5.1; SV1)"
88.224.45.61 - - [04/May/2009:17:08:41 +0300] "GET / HTTP/1.1" 200 43 "http://www.buldinle.com/" "Mozilla/4.0 (compatible; MSIE 6.0; Windows NT 5.1; SV1; Seekmo 10.0.431.0)"
92.44.142.37 - - [04/May/2009:17:08:47 +0300] "GET / HTTP/1.1" 200 43 "http://www.buldinle.com/" "Mozilla/4.0 (compatible; MSIE 6.0; Windows NT 5.1; Mozilla/4.0 (compatible; MSIE 6.0; Windows NT 5.1; SV1) )"
88.252.133.241 - - [04/May/2009:17:09:07 +0300] "GET /index.php?a=1__4-zpujv0toc&k=4915985 HTTP/1.1" 200 43 "http://www.buldinle.com/index.php?a=1__4-zPUjV0tOc&k=4915985" "Mozilla/4.0 (compatible; MSIE 7.0; Windows NT 6.0; Trident/4.0; SLCC1; .NET CLR 2.0.50727; Media Center PC 5.0; .NET CLR 3.0.04506; InfoPath.2; yie8)"
88.224.45.61 - - [04/May/2009:17:09:09 +0300] "GET /index.php?a=3__x94iak&k=6578502 HTTP/1.1" 200 43 "http://www.buldinle.com/index.php?a=3__x94iak&k=6578502" "Mozilla/4.0 (compatible; MSIE 6.0; Windows NT 5.1; SV1; Seekmo 10.0.431.0)"
78.179.100.91 - - [04/May/2009:17:09:13 +0300] "GET /index.php?i=3&a=3__x8g0vi&k=5508310 HTTP/1.1" 200 43 "http://www.buldinle.com/index.php?i=3&a=3__x8g0vi&k=5508310" "Mozilla/4.0 (compatible; MSIE 7.0; Windows NT 5.1; GTB6; .NET CLR 2.0.50727)"
85.100.75.140 - - [04/May/2009:17:09:13 +0300] "GET / HTTP/1.1" 200 43 "http://www.buldinle.com/" "Mozilla/4.0 (compatible; MSIE 6.0; Windows NT 5.1; SV1; .NET CLR 1.1.4322)"
78.164.91.41 - - [04/May/2009:17:09:14 +0300] "GET / HTTP/1.1" 200 43 "http://www.buldinle.com/" "Mozilla/4.0 (compatible; MSIE 7.0; Windows NT 6.0; GTB6; SLCC1; .NET CLR 2.0.50727; Media Center PC 5.0; .NET CLR 3.0.04506; InfoPath.2)"
78.179.100.91 - - [04/May/2009:17:09:14 +0300] "GET /index.php?i=3&a=3__x8g0vi&k=5508310 HTTP/1.1" 200 43 "http://www.buldinle.com/index.php?i=3&a=3__x8g0vi&k=5508310" "Mozilla/4.0 (compatible; MSIE 7.0; Windows NT 5.1; GTB6; .NET CLR 2.0.50727)"
92.44.142.37 - - [04/May/2009:17:09:15 +0300] "GET /index.php?a=1__uxgsgyxg37k&k=5691 HTTP/1.1" 200 43 "http://www.buldinle.com/index.php?a=1__UXgSGYxg37k&k=5691" "Mozilla/4.0 (compatible; MSIE 6.0; Windows NT 5.1; Mozilla/4.0 (compatible; MSIE 6.0; Windows NT 5.1; SV1) )"
85.100.31.80 - - [04/May/2009:17:09:18 +0300] "GET /index.php?a=1__6-ikrnc_bra&k=59506 HTTP/1.1" 200 43 "http://www.buldinle.com/index.php?a=1__6-iKRNC_bRA&k=59506" "Mozilla/4.0 (compatible; MSIE 7.0; Windows NT 5.1; .NET CLR 1.1.4322)"
88.224.45.61 - - [04/May/2009:17:09:19 +0300] "GET /index.php?a=3__x94iak&k=6578502 HTTP/1.1" 200 43 "http://www.buldinle.com/index.php?a=3__x94iak&k=6578502" "Mozilla/4.0 (compatible; MSIE 6.0; Windows NT 5.1; SV1; Seekmo 10.0.431.0)"
85.100.31.80 - - [04/May/2009:17:09:21 +0300] "GET /index.php?a=1__6-ikrnc_bra&k=59506 HTTP/1.1" 200 43 "http://www.buldinle.com/index.php?a=1__6-iKRNC_bRA&k=59506" "Mozilla/4.0 (compatible; MSIE 7.0; Windows NT 5.1; .NET CLR 1.1.4322)"
92.44.142.37 - - [04/May/2009:17:09:22 +0300] "GET /index.php?a=1__uxgsgyxg37k&k=5691 HTTP/1.1" 200 43 "http://www.buldinle.com/index.php?a=1__UXgSGYxg37k&k=5691" "Mozilla/4.0 (compatible; MSIE 6.0; Windows NT 5.1; Mozilla/4.0 (compatible; MSIE 6.0; Windows NT 5.1; SV1) )"
78.164.91.41 - - [04/May/2009:17:09:23 +0300] "GET / HTTP/1.1" 200 43 "http://www.buldinle.com/" "Mozilla/4.0 (compatible; MSIE 7.0; Windows NT 6.0; GTB6; SLCC1; .NET CLR 2.0.50727; Media Center PC 5.0; .NET CLR 3.0.04506; InfoPath.2)"
78.180.46.33 - - [04/May/2009:17:09:23 +0300] "GET /index.php?i=21&a=1__fptd8-j8nzc&k=6501739 HTTP/1.1" 200 43 "http://www.buldinle.com/index.php?i=21&a=1__FPtD8-j8nzc&k=6501739" "Mozilla/4.0 (compatible; MSIE 6.0; Windows NT 5.1; SV1)"
88.228.12.57 - - [04/May/2009:17:09:29 +0300] "GET / HTTP/1.1" 200 43 "http://www.buldinle.com/" "Mozilla/4.0 (compatible; MSIE 6.0; Windows NT 5.1; SV1; InfoPath.1; .NET CLR 1.1.4322)"
85.107.174.56 - - [04/May/2009:17:09:32 +0300] "GET /index.php?i=0&a=1__p1_wdhxna8u&k=442848 HTTP/1.1" 200 43 "http://www.buldinle.com/index.php?i=0&a=1__P1_wDhxNA8U&k=442848" "Mozilla/5.0 (Windows; U; Windows NT 6.0; tr; rv:1.9.0.10) Gecko/2009042316 Firefox/3.0.10 (.NET CLR 3.5.30729)"
85.107.174.56 - - [04/May/2009:17:09:32 +0300] "GET /index.php?i=0&a=1__p1_wdhxna8u&k=442848 HTTP/1.1" 200 43 "http://www.buldinle.com/index.php?i=0&a=1__P1_wDhxNA8U&k=442848" "Mozilla/5.0 (Windows; U; Windows NT 6.0; tr; rv:1.9.0.10) Gecko/2009042316 Firefox/3.0.10 (.NET CLR 3.5.30729)"
85.100.75.140 - - [04/May/2009:17:09:35 +0300] "GET / HTTP/1.1" 200 43 "http://www.buldinle.com/" "Mozilla/4.0 (compatible; MSIE 6.0; Windows NT 5.1; SV1; .NET CLR 1.1.4322)"
78.164.91.41 - - [04/May/2009:17:09:39 +0300] "GET /index.php?a=1__6lnb6m7ytbo&k=339712 HTTP/1.1" 200 43 "http://www.buldinle.com/index.php?a=1__6LNB6M7yTBo&k=339712" "Mozilla/4.0 (compatible; MSIE 7.0; Windows NT 6.0; GTB6; SLCC1; .NET CLR 2.0.50727; Media Center PC 5.0; .NET CLR 3.0.04506; InfoPath.2)"
88.227.173.88 - - [04/May/2009:17:09:39 +0300] "GET /index.php?a=1__ot4xsdbamzc&k=377383 HTTP/1.1" 200 43 "http://www.buldinle.com/index.php?a=1__Ot4XSDBAmZc&k=377383" "Mozilla/4.0 (compatible; MSIE 6.0; Windows NT 5.1; SV1)"
88.252.133.241 - - [04/May/2009:17:09:40 +0300] "GET / HTTP/1.1" 200 43 "http://www.buldinle.com/" "Mozilla/4.0 (compatible; MSIE 7.0; Windows NT 6.0; Trident/4.0; SLCC1; .NET CLR 2.0.50727; Media Center PC 5.0; .NET CLR 3.0.04506; InfoPath.2; yie8)"
78.164.91.41 - - [04/May/2009:17:09:40 +0300] "GET /index.php?a=1__6lnb6m7ytbo&k=339712 HTTP/1.1" 200 43 "http://www.buldinle.com/index.php?a=1__6LNB6M7yTBo&k=339712" "Mozilla/4.0 (compatible; MSIE 7.0; Windows NT 6.0; GTB6; SLCC1; .NET CLR 2.0.50727; Media Center PC 5.0; .NET CLR 3.0.04506; InfoPath.2)"
85.100.75.140 - - [04/May/2009:17:09:42 +0300] "GET /index.php?i=4&a=5__207192&k=4064173 HTTP/1.1" 200 43 "http://www.buldinle.com/index.php?i=4&a=5__207192&k=4064173" "Mozilla/4.0 (compatible; MSIE 6.0; Windows NT 5.1; SV1; .NET CLR 1.1.4322)"
85.108.122.128 - - [04/May/2009:17:09:43 +0300] "GET / HTTP/1.1" 200 43 "http://www.buldinle.com/" "Mozilla/4.0 (compatible; MSIE 7.0; Windows NT 5.1)"
85.100.75.140 - - [04/May/2009:17:09:44 +0300] "GET /index.php?i=4&a=5__207192&k=4064173 HTTP/1.1" 200 43 "http://www.buldinle.com/index.php?i=4&a=5__207192&k=4064173" "Mozilla/4.0 (compatible; MSIE 6.0; Windows NT 5.1; SV1; .NET CLR 1.1.4322)"
88.242.252.195 - - [04/May/2009:17:09:51 +0300] "GET / HTTP/1.1" 200 43 "http://www.buldinle.com/" "Mozilla/4.0 (compatible; MSIE 7.0; Windows NT 5.1; GTB5; .NET CLR 2.0.50727; OfficeLiveConnector.1.3; OfficeLivePatch.0.0)"
85.107.174.56 - - [04/May/2009:17:09:52 +0300] "GET /index.php?a=1__gpxxyvj9zvo&k=489900 HTTP/1.1" 200 43 "http://www.buldinle.com/index.php?a=1__gPXxyVj9Zvo&k=489900" "Mozilla/5.0 (Windows; U; Windows NT 6.0; tr; rv:1.9.0.10) Gecko/2009042316 Firefox/3.0.10 (.NET CLR 3.5.30729)"
85.107.174.56 - - [04/May/2009:17:09:53 +0300] "GET /index.php?a=1__gpxxyvj9zvo&k=489900 HTTP/1.1" 200 43 "http://www.buldinle.com/index.php?a=1__gPXxyVj9Zvo&k=489900" "Mozilla/5.0 (Windows; U; Windows NT 6.0; tr; rv:1.9.0.10) Gecko/2009042316 Firefox/3.0.10 (.NET CLR 3.5.30729)"
88.244.185.9 - - [04/May/2009:17:09:54 +0300] "GET /index.php?i=0&a=3__x8lnr7&k=5741549 HTTP/1.1" 200 43 "http://www.buldinle.com/index.php?i=0&a=3__x8lnr7&k=5741549" "Mozilla/4.0 (compatible; MSIE 6.0; Windows NT 5.1; SV1; .NET CLR 2.0.50727; OfficeLiveConnector.1.3; OfficeLivePatch.0.0)"
92.44.142.37 - - [04/May/2009:17:09:59 +0300] "GET /index.php?a=4__-3204236153851271984&k=3377842 HTTP/1.1" 200 43 "http://www.buldinle.com/index.php?a=4__-3204236153851271984&k=3377842" "Mozilla/4.0 (compatible; MSIE 6.0; Windows NT 5.1; Mozilla/4.0 (compatible; MSIE 6.0; Windows NT 5.1; SV1) )"
94.123.226.145 - - [04/May/2009:17:10:01 +0300] "GET /index.php?a=1__u1fap5dvvie&k=812787 HTTP/1.1" 200 43 "http://www.buldinle.com/index.php?a=1__u1fAP5dVVIE&k=812787" "Mozilla/4.0 (compatible; MSIE 7.0; Windows NT 6.0; GTB6; SLCC1; .NET CLR 2.0.50727; Media Center PC 5.0; eSobiSubscriber 2.0.4.16; .NET CLR 3.5.30729; .NET CLR 3.0.30618)"
88.244.185.9 - - [04/May/2009:17:10:03 +0300] "GET /index.php?i=0&a=3__x8lnr7&k=5741549 HTTP/1.1" 200 43 "http://www.buldinle.com/index.php?i=0&a=3__x8lnr7&k=5741549" "Mozilla/4.0 (compatible; MSIE 6.0; Windows NT 5.1; SV1; .NET CLR 2.0.50727; OfficeLiveConnector.1.3; OfficeLivePatch.0.0)"
94.123.226.145 - - [04/May/2009:17:10:03 +0300] "GET /index.php?a=1__u1fap5dvvie&k=812787 HTTP/1.1" 200 43 "http://www.buldinle.com/index.php?a=1__u1fAP5dVVIE&k=812787" "Mozilla/4.0 (compatible; MSIE 7.0; Windows NT 6.0; GTB6; SLCC1; .NET CLR 2.0.50727; Media Center PC 5.0; eSobiSubscriber 2.0.4.16; .NET CLR 3.5.30729; .NET CLR 3.0.30618)"
88.228.12.57 - - [04/May/2009:17:10:05 +0300] "GET /index.php?a=3__x68yhh&k=2986675 HTTP/1.1" 200 43 "http://www.buldinle.com/index.php?a=3__x68yhh&k=2986675" "Mozilla/4.0 (compatible; MSIE 6.0; Windows NT 5.1; SV1; InfoPath.1; .NET CLR 1.1.4322)"
81.214.186.105 - - [04/May/2009:17:10:05 +0300] "GET /index.php?i=0&a=1__nblnj72diz4&k=5933337 HTTP/1.1" 200 43 "http://www.buldinle.com/index.php?i=0&a=1__NBlNj72Diz4&k=5933337" "Mozilla/4.0 (compatible; MSIE 7.0; Windows NT 5.1)"
78.164.91.41 - - [04/May/2009:17:10:08 +0300] "GET /index.php?a=1__6lnb6m7ytbo&k=339712 HTTP/1.1" 200 43 "http://www.buldinle.com/index.php?a=1__6LNB6M7yTBo&k=339712" "Mozilla/4.0 (compatible; MSIE 7.0; Windows NT 6.0; GTB6; SLCC1; .NET CLR 2.0.50727; Media Center PC 5.0; .NET CLR 3.0.04506; InfoPath.2)"
81.214.186.105 - - [04/May/2009:17:10:08 +0300] "GET /index.php?i=0&a=1__nblnj72diz4&k=5933337 HTTP/1.1" 200 43 "http://www.buldinle.com/index.php?i=0&a=1__NBlNj72Diz4&k=5933337" "Mozilla/4.0 (compatible; MSIE 7.0; Windows NT 5.1)"
92.44.142.37 - - [04/May/2009:17:10:09 +0300] "GET /index.php?a=4__-3204236153851271984&k=3377842 HTTP/1.1" 200 43 "http://www.buldinle.com/index.php?a=4__-3204236153851271984&k=3377842" "Mozilla/4.0 (compatible; MSIE 6.0; Windows NT 5.1; Mozilla/4.0 (compatible; MSIE 6.0; Windows NT 5.1; SV1) )"
88.228.12.57 - - [04/May/2009:17:10:09 +0300] "GET /index.php?a=3__x68yhh&k=2986675 HTTP/1.1" 200 43 "http://www.buldinle.com/index.php?a=3__x68yhh&k=2986675" "Mozilla/4.0 (compatible; MSIE 6.0; Windows NT 5.1; SV1; InfoPath.1; .NET CLR 1.1.4322)"
85.96.165.114 - - [04/May/2009:17:10:11 +0300] "GET /index.php?i=11&a=1__wtb5jyl7smm&k=37741 HTTP/1.1" 200 43 "http://www.buldinle.com/index.php?i=11&a=1__wTB5Jyl7SMM&k=37741" "Mozilla/4.0 (compatible; MSIE 8.0; Windows NT 6.0; Trident/4.0; SLCC1; .NET CLR 2.0.50727; Media Center PC 5.0; .NET CLR 3.5.30729; .NET CLR 3.0.30618)"
85.96.165.114 - - [04/May/2009:17:10:12 +0300] "GET /index.php?i=11&a=1__wtb5jyl7smm&k=37741 HTTP/1.1" 200 43 "http://www.buldinle.com/index.php?i=11&a=1__wTB5Jyl7SMM&k=37741" "Mozilla/4.0 (compatible; MSIE 8.0; Windows NT 6.0; Trident/4.0; SLCC1; .NET CLR 2.0.50727; Media Center PC 5.0; .NET CLR 3.5.30729; .NET CLR 3.0.30618)"
85.108.122.128 - - [04/May/2009:17:10:15 +0300] "GET / HTTP/1.1" 200 43 "http://www.buldinle.com/" "Mozilla/4.0 (compatible; MSIE 7.0; Windows NT 5.1)"
78.164.91.41 - - [04/May/2009:17:10:19 +0300] "GET /index.php?a=1__6lnb6m7ytbo&k=339712 HTTP/1.1" 200 43 "http://www.buldinle.com/index.php?a=1__6LNB6M7yTBo&k=339712" "Mozilla/4.0 (compatible; MSIE 7.0; Windows NT 6.0; GTB6; SLCC1; .NET CLR 2.0.50727; Media Center PC 5.0; .NET CLR 3.0.04506; InfoPath.2)"
85.100.75.140 - - [04/May/2009:17:10:24 +0300] "GET /index.php?i=8&a=1__r96hqzlauam&k=304722 HTTP/1.1" 200 43 "http://www.buldinle.com/index.php?i=8&a=1__R96hqzLauaM&k=304722" "Mozilla/4.0 (compatible; MSIE 6.0; Windows NT 5.1; SV1; .NET CLR 1.1.4322)"
78.180.46.33 - - [04/May/2009:17:10:24 +0300] "GET /index.php?a=1__s5nw1-_5-vk&k=54997 HTTP/1.1" 200 43 "http://www.buldinle.com/index.php?a=1__S5nw1-_5-Vk&k=54997" "Mozilla/4.0 (compatible; MSIE 6.0; Windows NT 5.1; SV1)"
85.100.75.140 - - [04/May/2009:17:10:26 +0300] "GET /index.php?i=8&a=1__r96hqzlauam&k=304722 HTTP/1.1" 200 43 "http://www.buldinle.com/index.php?i=8&a=1__R96hqzLauaM&k=304722" "Mozilla/4.0 (compatible; MSIE 6.0; Windows NT 5.1; SV1; .NET CLR 1.1.4322)"
85.100.75.140 - - [04/May/2009:17:10:26 +0300] "GET /index.php?i=8&a=1__r96hqzlauam&k=304722 HTTP/1.1" 200 43 "http://www.buldinle.com/index.php?i=8&a=1__R96hqzLauaM&k=304722" "Mozilla/4.0 (compatible; MSIE 6.0; Windows NT 5.1; SV1; .NET CLR 1.1.4322)"
78.180.46.33 - - [04/May/2009:17:10:26 +0300] "GET /index.php?a=1__s5nw1-_5-vk&k=54997 HTTP/1.1" 200 43 "http://www.buldinle.com/index.php?a=1__S5nw1-_5-Vk&k=54997" "Mozilla/4.0 (compatible; MSIE 6.0; Windows NT 5.1; SV1)"
78.172.93.196 - - [04/May/2009:17:10:28 +0300] "GET /index.php?a=3__x8i6z6&k=5596499 HTTP/1.1" 200 43 "http://www.buldinle.com/index.php?a=3__x8i6z6&k=5596499" "Mozilla/4.0 (compatible; MSIE 7.0; Windows NT 5.1; GTB5; .NET CLR 1.1.4322; .NET CLR 2.0.50727; InfoPath.1)"
78.172.93.196 - - [04/May/2009:17:10:31 +0300] "GET /index.php?a=4__6108949945783849149&k=3202093 HTTP/1.1" 200 43 "http://www.buldinle.com/index.php?a=4__6108949945783849149&k=3202093" "Mozilla/4.0 (compatible; MSIE 7.0; Windows NT 5.1; GTB5; .NET CLR 1.1.4322; .NET CLR 2.0.50727; InfoPath.1)"
78.172.93.196 - - [04/May/2009:17:10:34 +0300] "GET /index.php?a=4__6108949945783849149&k=3202093 HTTP/1.1" 200 43 "http://www.buldinle.com/index.php?a=4__6108949945783849149&k=3202093" "Mozilla/4.0 (compatible; MSIE 7.0; Windows NT 5.1; GTB5; .NET CLR 1.1.4322; .NET CLR 2.0.50727; InfoPath.1)"
85.108.122.128 - - [04/May/2009:17:10:35 +0300] "GET /index.php?i=5&a=3__x8il72&k=5611716 HTTP/1.1" 200 43 "http://www.buldinle.com/index.php?i=5&a=3__x8il72&k=5611716" "Mozilla/4.0 (compatible; MSIE 7.0; Windows NT 5.1)"
85.108.122.128 - - [04/May/2009:17:10:37 +0300] "GET /index.php?i=5&a=3__x8il72&k=5611716 HTTP/1.1" 200 43 "http://www.buldinle.com/index.php?i=5&a=3__x8il72&k=5611716" "Mozilla/4.0 (compatible; MSIE 7.0; Windows NT 5.1)"
85.110.187.25 - - [04/May/2009:17:10:37 +0300] "GET / HTTP/1.1" 200 43 "http://www.buldinle.com/" "Mozilla/4.0 (compatible; MSIE 6.0; Windows NT 5.1; SV1; GTB6)"
78.160.165.67 - - [04/May/2009:17:10:41 +0300] "GET /index.php?a=1__2fzikjbydqk&k=5288689 HTTP/1.1" 200 43 "http://www.buldinle.com/index.php?a=1__2fzIkjByDqk&k=5288689" "Mozilla/4.0 (compatible; MSIE 7.0; Windows NT 5.1; .NET CLR 1.1.4322; .NET CLR 2.0.50727)"
78.160.165.67 - - [04/May/2009:17:10:42 +0300] "GET /index.php?a=1__2fzikjbydqk&k=5288689 HTTP/1.1" 200 43 "http://www.buldinle.com/index.php?a=1__2fzIkjByDqk&k=5288689" "Mozilla/4.0 (compatible; MSIE 7.0; Windows NT 5.1; .NET CLR 1.1.4322; .NET CLR 2.0.50727)"
78.161.41.167 - - [04/May/2009:17:10:45 +0300] "GET /index.php?i=0&a=1__spa8bv1d6kk&k=3407649 HTTP/1.1" 200 43 "http://www.buldinle.com/index.php?i=0&a=1__SPA8bV1D6kk&k=3407649" "Mozilla/4.0 (compatible; MSIE 6.0; Windows NT 5.1; SV1)"
92.44.142.37 - - [04/May/2009:17:10:47 +0300] "GET /index.php?a=1__dkrubxzs9hw&k=857211 HTTP/1.1" 200 43 "http://www.buldinle.com/index.php?a=1__dKrubxZs9Hw&k=857211" "Mozilla/4.0 (compatible; MSIE 6.0; Windows NT 5.1; Mozilla/4.0 (compatible; MSIE 6.0; Windows NT 5.1; SV1) )"
78.160.165.67 - - [04/May/2009:17:10:48 +0300] "GET /index.php?a=1__pci3zk48cxu&k=123596 HTTP/1.1" 200 43 "http://www.buldinle.com/index.php?a=1__pci3zK48cXU&k=123596" "Mozilla/4.0 (compatible; MSIE 7.0; Windows NT 5.1; .NET CLR 1.1.4322; .NET CLR 2.0.50727)"
78.160.165.67 - - [04/May/2009:17:10:50 +0300] "GET /index.php?a=1__pci3zk48cxu&k=123596 HTTP/1.1" 200 43 "http://www.buldinle.com/index.php?a=1__pci3zK48cXU&k=123596" "Mozilla/4.0 (compatible; MSIE 7.0; Windows NT 5.1; .NET CLR 1.1.4322; .NET CLR 2.0.50727)"
85.110.187.25 - - [04/May/2009:17:10:54 +0300] "GET /index.php?i=0&a=3__x8g0vi&k=5508310 HTTP/1.1" 200 43 "http://www.buldinle.com/index.php?i=0&a=3__x8g0vi&k=5508310" "Mozilla/4.0 (compatible; MSIE 6.0; Windows NT 5.1; SV1; GTB6)"
91.188.201.162 - - [04/May/2009:17:10:56 +0300] "GET /index.php?a=1__oxilnyaaou0&k=70436 HTTP/1.1" 200 43 "http://www.buldinle.com/index.php?a=1__oxiLNYaAoU0&k=70436" "Mozilla/4.0 (compatible; MSIE 7.0; Windows NT 5.1)"
92.44.142.37 - - [04/May/2009:17:10:56 +0300] "GET /index.php?a=1__dkrubxzs9hw&k=857211 HTTP/1.1" 200 43 "http://www.buldinle.com/index.php?a=1__dKrubxZs9Hw&k=857211" "Mozilla/4.0 (compatible; MSIE 6.0; Windows NT 5.1; Mozilla/4.0 (compatible; MSIE 6.0; Windows NT 5.1; SV1) )"
85.110.187.25 - - [04/May/2009:17:10:57 +0300] "GET /index.php?i=0&a=3__x8g0vi&k=5508310 HTTP/1.1" 200 43 "http://www.buldinle.com/index.php?i=0&a=3__x8g0vi&k=5508310" "Mozilla/4.0 (compatible; MSIE 6.0; Windows NT 5.1; SV1; GTB6)"
91.188.201.162 - - [04/May/2009:17:10:59 +0300] "GET /index.php?a=1__oxilnyaaou0&k=70436 HTTP/1.1" 200 43 "http://www.buldinle.com/index.php?a=1__oxiLNYaAoU0&k=70436" "Mozilla/4.0 (compatible; MSIE 7.0; Windows NT 5.1)"
88.231.73.109 - - [04/May/2009:17:11:05 +0300] "GET /index.php?a=4__-3204236153851271984&k=3377842 HTTP/1.1" 200 43 "http://www.buldinle.com/index.php?a=4__-3204236153851271984&k=3377842" "Mozilla/4.0 (compatible; MSIE 6.0; Windows NT 5.1; SV1; GTB5)"
78.186.122.192 - - [04/May/2009:17:11:06 +0300] "GET /index.php?a=1__r7m5ku9mpfs&k=98905 HTTP/1.1" 200 43 "http://www.buldinle.com/index.php?a=1__R7m5kU9Mpfs&k=98905" "Mozilla/4.0 (compatible; MSIE 6.0; Windows NT 5.1; SV1; .NET CLR 2.0.50727)"
78.186.122.192 - - [04/May/2009:17:11:08 +0300] "GET /index.php?a=1__r7m5ku9mpfs&k=98905 HTTP/1.1" 200 43 "http://www.buldinle.com/index.php?a=1__R7m5kU9Mpfs&k=98905" "Mozilla/4.0 (compatible; MSIE 6.0; Windows NT 5.1; SV1; .NET CLR 2.0.50727)"
88.231.73.109 - - [04/May/2009:17:11:08 +0300] "GET /index.php?a=4__-3204236153851271984&k=3377842 HTTP/1.1" 200 43 "http://www.buldinle.com/index.php?a=4__-3204236153851271984&k=3377842" "Mozilla/4.0 (compatible; MSIE 6.0; Windows NT 5.1; SV1; GTB5)"
85.100.75.140 - - [04/May/2009:17:11:10 +0300] "GET /index.php?i=8&a=1__r96hqzlauam&k=304722 HTTP/1.1" 200 43 "http://www.buldinle.com/index.php?i=8&a=1__R96hqzLauaM&k=304722" "Mozilla/4.0 (compatible; MSIE 6.0; Windows NT 5.1; SV1; .NET CLR 1.1.4322)"
88.228.18.207 - - [04/May/2009:17:11:13 +0300] "GET / HTTP/1.1" 200 43 "http://www.buldinle.com/" "Mozilla/4.0 (compatible; MSIE 7.0; Windows NT 5.1)"
88.238.79.130 - - [04/May/2009:17:11:19 +0300] "GET /index.php?i=10&a=1__gta6vzgotym&k=52946 HTTP/1.1" 200 43 "http://www.buldinle.com/index.php?i=10&a=1__GTA6vzGoTyM&k=52946" "Mozilla/4.0 (compatible; MSIE 7.0; Windows NT 5.1)"
88.228.18.207 - - [04/May/2009:17:11:19 +0300] "GET /index.php?a=1__dkrubxzs9hw&k=857211 HTTP/1.1" 200 43 "http://www.buldinle.com/index.php?a=1__dKrubxZs9Hw&k=857211" "Mozilla/4.0 (compatible; MSIE 7.0; Windows NT 5.1)"
78.160.165.67 - - [04/May/2009:17:11:21 +0300] "GET /index.php?a=1__pci3zk48cxu&k=123596 HTTP/1.1" 200 43 "http://www.buldinle.com/index.php?a=1__pci3zK48cXU&k=123596" "Mozilla/4.0 (compatible; MSIE 7.0; Windows NT 5.1; .NET CLR 1.1.4322; .NET CLR 2.0.50727)"
78.175.13.89 - - [04/May/2009:17:11:22 +0300] "GET /info/1/vet43bq9mji/3933649/beyaz%20mendil-adapazarlı%20şoför/index.html HTTP/1.1" 200 43 "http://www.buldinle.com/info/1/veT43Bq9MjI/3933649/Beyaz%20mendil-adapazarl%C4%B1%20%C5%9Fof%C3%B6r/index.html" "Mozilla/4.0 (compatible; MSIE 7.0; Windows NT 5.1; InfoPath.1)"
88.252.133.241 - - [04/May/2009:17:11:22 +0300] "GET /index.php?a=1__vsvs2zimhio&k=6420558 HTTP/1.1" 200 43 "http://www.buldinle.com/index.php?a=1__vSVS2zimhio&k=6420558" "Mozilla/4.0 (compatible; MSIE 7.0; Windows NT 6.0; Trident/4.0; SLCC1; .NET CLR 2.0.50727; Media Center PC 5.0; .NET CLR 3.0.04506; InfoPath.2; yie8)"
88.228.18.207 - - [04/May/2009:17:11:23 +0300] "GET /index.php?a=1__dkrubxzs9hw&k=857211 HTTP/1.1" 200 43 "http://www.buldinle.com/index.php?a=1__dKrubxZs9Hw&k=857211" "Mozilla/4.0 (compatible; MSIE 7.0; Windows NT 5.1)"
88.252.133.241 - - [04/May/2009:17:11:24 +0300] "GET /index.php?a=1__vsvs2zimhio&k=6420558 HTTP/1.1" 200 43 "http://www.buldinle.com/index.php?a=1__vSVS2zimhio&k=6420558" "Mozilla/4.0 (compatible; MSIE 7.0; Windows NT 6.0; Trident/4.0; SLCC1; .NET CLR 2.0.50727; Media Center PC 5.0; .NET CLR 3.0.04506; InfoPath.2; yie8)"
78.175.13.89 - - [04/May/2009:17:11:27 +0300] "GET /?a=1__vet43bq9mji&k=3933649 HTTP/1.1" 200 43 "http://www.buldinle.com/?a=1__veT43Bq9MjI&k=3933649" "Mozilla/4.0 (compatible; MSIE 7.0; Windows NT 5.1; InfoPath.1)"
88.238.79.130 - - [04/May/2009:17:11:34 +0300] "GET /index.php?i=10&a=1__gta6vzgotym&k=52946 HTTP/1.1" 200 43 "http://www.buldinle.com/index.php?i=10&a=1__GTA6vzGoTyM&k=52946" "Mozilla/4.0 (compatible; MSIE 7.0; Windows NT 5.1)"
85.100.75.140 - - [04/May/2009:17:11:34 +0300] "GET /index.php?i=8&a=1__r96hqzlauam&k=304722 HTTP/1.1" 200 43 "http://www.buldinle.com/index.php?i=8&a=1__R96hqzLauaM&k=304722" "Mozilla/4.0 (compatible; MSIE 6.0; Windows NT 5.1; SV1; .NET CLR 1.1.4322)"
78.175.13.89 - - [04/May/2009:17:11:40 +0300] "GET /?a=1__vet43bq9mji&k=3933649 HTTP/1.1" 200 43 "http://www.buldinle.com/?a=1__veT43Bq9MjI&k=3933649" "Mozilla/4.0 (compatible; MSIE 7.0; Windows NT 5.1; InfoPath.1)"
78.161.41.167 - - [04/May/2009:17:11:43 +0300] "GET /index.php?i=1&a=1__cmvtmeun20c&k=444912 HTTP/1.1" 200 43 "http://www.buldinle.com/index.php?i=1&a=1__cMvTMEun20c&k=444912" "Mozilla/4.0 (compatible; MSIE 6.0; Windows NT 5.1; SV1)"
88.224.45.61 - - [04/May/2009:17:11:46 +0300] "GET /index.php?i=0&a=1__2t52lnke8xm&k=85247 HTTP/1.1" 200 43 "http://www.buldinle.com/index.php?i=0&a=1__2t52lNKE8xM&k=85247" "Mozilla/4.0 (compatible; MSIE 6.0; Windows NT 5.1; SV1; Seekmo 10.0.431.0)"
78.161.41.167 - - [04/May/2009:17:11:47 +0300] "GET /index.php?i=1&a=1__cmvtmeun20c&k=444912 HTTP/1.1" 200 43 "http://www.buldinle.com/index.php?i=1&a=1__cMvTMEun20c&k=444912" "Mozilla/4.0 (compatible; MSIE 6.0; Windows NT 5.1; SV1)"
78.180.46.33 - - [04/May/2009:17:11:54 +0300] "GET /index.php?a=1__s5nw1-_5-vk&k=54997 HTTP/1.1" 200 43 "http://www.buldinle.com/index.php?a=1__S5nw1-_5-Vk&k=54997" "Mozilla/4.0 (compatible; MSIE 6.0; Windows NT 5.1; SV1)"
88.224.45.61 - - [04/May/2009:17:11:55 +0300] "GET /index.php?i=0&a=1__2t52lnke8xm&k=85247 HTTP/1.1" 200 43 "http://www.buldinle.com/index.php?i=0&a=1__2t52lNKE8xM&k=85247" "Mozilla/4.0 (compatible; MSIE 6.0; Windows NT 5.1; SV1; Seekmo 10.0.431.0)"
78.160.165.67 - - [04/May/2009:17:11:58 +0300] "GET /index.php?a=1__pci3zk48cxu&k=123596 HTTP/1.1" 200 43 "http://www.buldinle.com/index.php?a=1__pci3zK48cXU&k=123596" "Mozilla/4.0 (compatible; MSIE 7.0; Windows NT 5.1; .NET CLR 1.1.4322; .NET CLR 2.0.50727)"
78.160.165.67 - - [04/May/2009:17:11:59 +0300] "GET /index.php?a=1__pci3zk48cxu&k=123596 HTTP/1.1" 200 43 "http://www.buldinle.com/index.php?a=1__pci3zK48cXU&k=123596" "Mozilla/4.0 (compatible; MSIE 7.0; Windows NT 5.1; .NET CLR 1.1.4322; .NET CLR 2.0.50727)"
78.179.121.108 - - [04/May/2009:17:12:05 +0300] "GET /index.php?a=1__swuycowjpp4&k=451903 HTTP/1.1" 200 43 "http://www.buldinle.com/index.php?a=1__SwuycoWjPp4&k=451903" "Mozilla/4.0 (compatible; MSIE 6.0; Windows NT 5.1; SV1; GTB5; SIMBAR={7674948B-9783-4F83-97C1-5B12AE1887F5})"
81.215.165.221 - - [04/May/2009:17:12:16 +0300] "GET /index.php?i=6&a=1__ponu-0d8ioq&k=413800 HTTP/1.1" 200 43 "http://www.buldinle.com/index.php?i=6&a=1__pONU-0D8IOQ&k=413800" "Mozilla/4.0 (compatible; MSIE 7.0; Windows NT 5.1; .NET CLR 2.0.50727; OfficeLiveConnector.1.3; OfficeLivePatch.0.0)"
81.215.165.221 - - [04/May/2009:17:12:18 +0300] "GET /index.php?i=6&a=1__ponu-0d8ioq&k=413800 HTTP/1.1" 200 43 "http://www.buldinle.com/index.php?i=6&a=1__pONU-0D8IOQ&k=413800" "Mozilla/4.0 (compatible; MSIE 7.0; Windows NT 5.1; .NET CLR 2.0.50727; OfficeLiveConnector.1.3; OfficeLivePatch.0.0)"
88.249.61.66 - - [04/May/2009:17:12:20 +0300] "GET /index.php?i=2&a=1__5thkvs-d3jg&k=24898 HTTP/1.1" 200 43 "http://www.buldinle.com/index.php?i=2&a=1__5tHKvS-D3Jg&k=24898" "Mozilla/4.0 (compatible; MSIE 6.0; Windows NT 5.1; SV1; .NET CLR 2.0.50727)"
88.249.61.66 - - [04/May/2009:17:12:21 +0300] "GET /index.php?i=2&a=1__5thkvs-d3jg&k=24898 HTTP/1.1" 200 43 "http://www.buldinle.com/index.php?i=2&a=1__5tHKvS-D3Jg&k=24898" "Mozilla/4.0 (compatible; MSIE 6.0; Windows NT 5.1; SV1; .NET CLR 2.0.50727)"
88.254.105.60 - - [04/May/2009:17:12:24 +0300] "GET /index.php?a=3__x71p76&k=3838533 HTTP/1.1" 200 43 "http://www.buldinle.com/index.php?a=3__x71p76&k=3838533" "Mozilla/4.0 (compatible; MSIE 7.0; Windows NT 5.1; .NET CLR 2.0.50727; OfficeLiveConnector.1.3; OfficeLivePatch.0.0)"
78.180.46.33 - - [04/May/2009:17:12:26 +0300] "GET /index.php?a=1__s5nw1-_5-vk&k=54997 HTTP/1.1" 200 43 "http://www.buldinle.com/index.php?a=1__S5nw1-_5-Vk&k=54997" "Mozilla/4.0 (compatible; MSIE 6.0; Windows NT 5.1; SV1)"
88.241.55.92 - - [04/May/2009:17:12:28 +0300] "GET / HTTP/1.1" 200 43 "http://www.buldinle.com/" "Mozilla/4.0 (compatible; MSIE 7.0; Windows NT 5.1)"
88.254.105.60 - - [04/May/2009:17:12:29 +0300] "GET /index.php?a=3__x71p76&k=3838533 HTTP/1.1" 200 43 "http://www.buldinle.com/index.php?a=3__x71p76&k=3838533" "Mozilla/4.0 (compatible; MSIE 7.0; Windows NT 5.1; .NET CLR 2.0.50727; OfficeLiveConnector.1.3; OfficeLivePatch.0.0)"
88.250.204.18 - - [04/May/2009:17:12:43 +0300] "GET /index.php?i=1&a=1__otauqqbsc3o&k=195778 HTTP/1.1" 200 43 "http://www.buldinle.com/index.php?i=1&a=1__OtauQQBSc3o&k=195778" "Mozilla/4.0 (compatible; MSIE 6.0; Windows NT 5.1; SV1)"
88.250.204.18 - - [04/May/2009:17:12:47 +0300] "GET /index.php?i=1&a=1__otauqqbsc3o&k=195778 HTTP/1.1" 200 43 "http://www.buldinle.com/index.php?i=1&a=1__OtauQQBSc3o&k=195778" "Mozilla/4.0 (compatible; MSIE 6.0; Windows NT 5.1; SV1)"
88.231.73.109 - - [04/May/2009:17:12:48 +0300] "GET /index.php?a=3__x8ncfi&k=5804814 HTTP/1.1" 200 43 "http://www.buldinle.com/index.php?a=3__x8ncfi&k=5804814" "Mozilla/4.0 (compatible; MSIE 6.0; Windows NT 5.1; SV1; GTB5)"
88.241.55.92 - - [04/May/2009:17:12:51 +0300] "GET /index.php?a=3__x8ur98&k=6073742 HTTP/1.1" 200 43 "http://www.buldinle.com/index.php?a=3__x8ur98&k=6073742" "Mozilla/4.0 (compatible; MSIE 7.0; Windows NT 5.1)"
88.241.55.92 - - [04/May/2009:17:12:54 +0300] "GET /index.php?a=3__x8ur98&k=6073742 HTTP/1.1" 200 43 "http://www.buldinle.com/index.php?a=3__x8ur98&k=6073742" "Mozilla/4.0 (compatible; MSIE 7.0; Windows NT 5.1)"
78.179.100.91 - - [04/May/2009:17:12:59 +0300] "GET /index.php?i=4&a=3__x8ib4g&k=5602345 HTTP/1.1" 200 43 "http://www.buldinle.com/index.php?i=4&a=3__x8ib4g&k=5602345" "Mozilla/4.0 (compatible; MSIE 7.0; Windows NT 5.1; GTB6; .NET CLR 2.0.50727)"
78.179.100.91 - - [04/May/2009:17:12:59 +0300] "GET /index.php?i=4&a=3__x8ib4g&k=5602345 HTTP/1.1" 200 43 "http://www.buldinle.com/index.php?i=4&a=3__x8ib4g&k=5602345" "Mozilla/4.0 (compatible; MSIE 7.0; Windows NT 5.1; GTB6; .NET CLR 2.0.50727)"
78.166.7.109 - - [04/May/2009:17:13:02 +0300] "GET /index.php?i=6&a=1__kftmege0mde&k=239323 HTTP/1.1" 200 43 "http://www.buldinle.com/index.php?i=6&a=1__KFtmege0MDE&k=239323" "Mozilla/4.0 (compatible; MSIE 8.0; Windows NT 6.0; Trident/4.0; SLCC1; .NET CLR 2.0.50727; InfoPath.1; .NET CLR 3.5.30729; .NET CLR 3.0.30618; OfficeLiveConnector.1.3; OfficeLivePatch.0.0)"
78.164.91.41 - - [04/May/2009:17:13:02 +0300] "GET / HTTP/1.1" 200 43 "http://www.buldinle.com/" "Mozilla/4.0 (compatible; MSIE 7.0; Windows NT 6.0; GTB6; SLCC1; .NET CLR 2.0.50727; Media Center PC 5.0; .NET CLR 3.0.04506; InfoPath.2)"
78.179.100.91 - - [04/May/2009:17:13:02 +0300] "GET /index.php?i=4&a=3__x8ib4g&k=5602345 HTTP/1.1" 200 43 "http://www.buldinle.com/index.php?i=4&a=3__x8ib4g&k=5602345" "Mozilla/4.0 (compatible; MSIE 7.0; Windows NT 5.1; GTB6; .NET CLR 2.0.50727)"
78.186.122.192 - - [04/May/2009:17:13:07 +0300] "GET /index.php?a=1__bri0g-_ruqm&k=98880 HTTP/1.1" 200 43 "http://www.buldinle.com/index.php?a=1__BRi0g-_RUqM&k=98880" "Mozilla/4.0 (compatible; MSIE 6.0; Windows NT 5.1; SV1; .NET CLR 2.0.50727)"
78.166.7.109 - - [04/May/2009:17:13:07 +0300] "GET /index.php?i=0&a=1__r96hqzlauam&k=304722 HTTP/1.1" 200 43 "http://www.buldinle.com/index.php?i=0&a=1__R96hqzLauaM&k=304722" "Mozilla/4.0 (compatible; MSIE 8.0; Windows NT 6.0; Trident/4.0; SLCC1; .NET CLR 2.0.50727; InfoPath.1; .NET CLR 3.5.30729; .NET CLR 3.0.30618; OfficeLiveConnector.1.3; OfficeLivePatch.0.0)"
212.175.150.167 - - [04/May/2009:17:13:09 +0300] "GET /index.php?i=16&a=1__m-6chfbil4e&k=423036 HTTP/1.1" 200 43 "http://www.buldinle.com/index.php?i=16&a=1__m-6CHFBIl4E&k=423036" "Mozilla/5.0 (Windows; U; Windows NT 5.1; en-US; rv:1.9.0.10) Gecko/2009042316 Firefox/3.0.10"
78.186.122.192 - - [04/May/2009:17:13:10 +0300] "GET /index.php?a=1__bri0g-_ruqm&k=98880 HTTP/1.1" 200 43 "http://www.buldinle.com/index.php?a=1__BRi0g-_RUqM&k=98880" "Mozilla/4.0 (compatible; MSIE 6.0; Windows NT 5.1; SV1; .NET CLR 2.0.50727)"
212.175.150.167 - - [04/May/2009:17:13:13 +0300] "GET /index.php?i=16&a=1__m-6chfbil4e&k=423036 HTTP/1.1" 200 43 "http://www.buldinle.com/index.php?i=16&a=1__m-6CHFBIl4E&k=423036" "Mozilla/5.0 (Windows; U; Windows NT 5.1; en-US; rv:1.9.0.10) Gecko/2009042316 Firefox/3.0.10"
212.115.14.14 - - [04/May/2009:17:13:17 +0300] "GET /?a=1__wtzkuvra5vs&k=195931&from_mail=hacerguler@gmail.com HTTP/1.1" 200 43 "http://www.buldinle.com/?a=1__WtzkuVRA5Vs&k=195931&from_mail=hacerguler@gmail.com" "Mozilla/4.0 (compatible; MSIE 6.0; Windows NT 5.1; SV1; .NET CLR 2.0.50727; .NET CLR 3.0.4506.2152; .NET CLR 3.5.30729)"
193.140.187.112 - - [04/May/2009:17:13:18 +0300] "GET /index.php?i=4&a=5__180383&k=3178038 HTTP/1.1" 200 43 "http://www.buldinle.com/index.php?i=4&a=5__180383&k=3178038" "Mozilla/4.0 (compatible; MSIE 7.0; Windows NT 5.1; .NET CLR 1.1.4322; .NET CLR 2.0.50727; InfoPath.2; OfficeLiveConnector.1.3; OfficeLivePatch.0.0)"
193.140.187.112 - - [04/May/2009:17:13:23 +0300] "GET /index.php?i=4&a=5__180383&k=3178038 HTTP/1.1" 200 43 "http://www.buldinle.com/index.php?i=4&a=5__180383&k=3178038" "Mozilla/4.0 (compatible; MSIE 7.0; Windows NT 5.1; .NET CLR 1.1.4322; .NET CLR 2.0.50727; InfoPath.2; OfficeLiveConnector.1.3; OfficeLivePatch.0.0)"
212.115.14.14 - - [04/May/2009:17:13:24 +0300] "GET /?a=1__wtzkuvra5vs&k=195931&from_mail=hacerguler@gmail.com HTTP/1.1" 200 43 "http://www.buldinle.com/?a=1__WtzkuVRA5Vs&k=195931&from_mail=hacerguler@gmail.com" "Mozilla/4.0 (compatible; MSIE 6.0; Windows NT 5.1; SV1; .NET CLR 2.0.50727; .NET CLR 3.0.4506.2152; .NET CLR 3.5.30729)"
193.140.187.112 - - [04/May/2009:17:13:28 +0300] "GET /index.php?i=9&a=3__x66lo0&k=2921706 HTTP/1.1" 200 43 "http://www.buldinle.com/index.php?i=9&a=3__x66lo0&k=2921706" "Mozilla/4.0 (compatible; MSIE 7.0; Windows NT 5.1; .NET CLR 1.1.4322; .NET CLR 2.0.50727; InfoPath.2; OfficeLiveConnector.1.3; OfficeLivePatch.0.0)"
88.224.45.61 - - [04/May/2009:17:13:28 +0300] "GET /index.php?a=3__x94iak&k=6578502 HTTP/1.1" 200 43 "http://www.buldinle.com/index.php?a=3__x94iak&k=6578502" "Mozilla/4.0 (compatible; MSIE 6.0; Windows NT 5.1; SV1; Seekmo 10.0.431.0)"
88.242.252.195 - - [04/May/2009:17:13:28 +0300] "GET /index.php?a=1__dqzbqqxv72k&k=6159314 HTTP/1.1" 200 43 "http://www.buldinle.com/index.php?a=1__DqZbqqXV72k&k=6159314" "Mozilla/4.0 (compatible; MSIE 7.0; Windows NT 5.1; GTB5; .NET CLR 2.0.50727; OfficeLiveConnector.1.3; OfficeLivePatch.0.0)"
88.224.45.61 - - [04/May/2009:17:13:31 +0300] "GET /index.php?a=3__x94iak&k=6578502 HTTP/1.1" 200 43 "http://www.buldinle.com/index.php?a=3__x94iak&k=6578502" "Mozilla/4.0 (compatible; MSIE 6.0; Windows NT 5.1; SV1; Seekmo 10.0.431.0)"
78.164.91.41 - - [04/May/2009:17:13:40 +0300] "GET /index.php?a=1__9vanq6pjpzs&k=167303 HTTP/1.1" 200 43 "http://www.buldinle.com/index.php?a=1__9VAnQ6PJpzs&k=167303" "Mozilla/4.0 (compatible; MSIE 7.0; Windows NT 6.0; GTB6; SLCC1; .NET CLR 2.0.50727; Media Center PC 5.0; .NET CLR 3.0.04506; InfoPath.2)"
78.164.91.41 - - [04/May/2009:17:13:41 +0300] "GET /index.php?a=1__9vanq6pjpzs&k=167303 HTTP/1.1" 200 43 "http://www.buldinle.com/index.php?a=1__9VAnQ6PJpzs&k=167303" "Mozilla/4.0 (compatible; MSIE 7.0; Windows NT 6.0; GTB6; SLCC1; .NET CLR 2.0.50727; Media Center PC 5.0; .NET CLR 3.0.04506; InfoPath.2)"
78.180.46.33 - - [04/May/2009:17:13:49 +0300] "GET /index.php?i=7&a=1__m-x2f-safwk&k=5516932 HTTP/1.1" 200 43 "http://www.buldinle.com/index.php?i=7&a=1__M-X2F-SAfwk&k=5516932" "Mozilla/4.0 (compatible; MSIE 6.0; Windows NT 5.1; SV1)"
78.180.46.33 - - [04/May/2009:17:13:52 +0300] "GET /index.php?i=7&a=1__m-x2f-safwk&k=5516932 HTTP/1.1" 200 43 "http://www.buldinle.com/index.php?i=7&a=1__M-X2F-SAfwk&k=5516932" "Mozilla/4.0 (compatible; MSIE 6.0; Windows NT 5.1; SV1)"
88.242.252.195 - - [04/May/2009:17:14:00 +0300] "GET /index.php?a=1__dqzbqqxv72k&k=6159314 HTTP/1.1" 200 43 "http://www.buldinle.com/index.php?a=1__DqZbqqXV72k&k=6159314" "Mozilla/4.0 (compatible; MSIE 7.0; Windows NT 5.1; GTB5; .NET CLR 2.0.50727; OfficeLiveConnector.1.3; OfficeLivePatch.0.0)"
81.214.141.84 - - [04/May/2009:17:14:01 +0300] "GET /index.php?i=1&a=1__ebmt4mvvsga&k=146217 HTTP/1.1" 200 43 "http://www.buldinle.com/index.php?i=1&a=1__EbmT4mvVsGA&k=146217" "Mozilla/4.0 (compatible; MSIE 7.0; Windows NT 5.1; .NET CLR 2.0.50727; .NET CLR 3.0.04506.30)"
193.140.187.112 - - [04/May/2009:17:14:04 +0300] "GET /index.php?i=9&a=3__x66lo0&k=2921706 HTTP/1.1" 200 43 "http://www.buldinle.com/index.php?i=9&a=3__x66lo0&k=2921706" "Mozilla/4.0 (compatible; MSIE 7.0; Windows NT 5.1; .NET CLR 1.1.4322; .NET CLR 2.0.50727; InfoPath.2; OfficeLiveConnector.1.3; OfficeLivePatch.0.0)"
85.108.122.128 - - [04/May/2009:17:14:05 +0300] "GET /index.php?i=6&a=1__-hldvjcumsg&k=209759 HTTP/1.1" 200 43 "http://www.buldinle.com/index.php?i=6&a=1__-hLDVJcumSg&k=209759" "Mozilla/4.0 (compatible; MSIE 7.0; Windows NT 5.1)"
81.214.141.84 - - [04/May/2009:17:14:05 +0300] "GET /index.php?i=1&a=1__ebmt4mvvsga&k=146217 HTTP/1.1" 200 43 "http://www.buldinle.com/index.php?i=1&a=1__EbmT4mvVsGA&k=146217" "Mozilla/4.0 (compatible; MSIE 7.0; Windows NT 5.1; .NET CLR 2.0.50727; .NET CLR 3.0.04506.30)"
85.108.122.128 - - [04/May/2009:17:14:08 +0300] "GET /index.php?i=6&a=1__-hldvjcumsg&k=209759 HTTP/1.1" 200 43 "http://www.buldinle.com/index.php?i=6&a=1__-hLDVJcumSg&k=209759" "Mozilla/4.0 (compatible; MSIE 7.0; Windows NT 5.1)"
88.238.50.112 - - [04/May/2009:17:14:17 +0300] "GET / HTTP/1.1" 200 43 "http://www.buldinle.com/" "Mozilla/4.0 (compatible; MSIE 7.0; Windows NT 5.1; GTB6; .NET CLR 1.1.4322; .NET CLR 2.0.50727; InfoPath.1)"
81.214.186.105 - - [04/May/2009:17:14:18 +0300] "GET /index.php?i=1&a=3__x4ryp4&k=1699949 HTTP/1.1" 200 43 "http://www.buldinle.com/index.php?i=1&a=3__x4ryp4&k=1699949" "Mozilla/4.0 (compatible; MSIE 7.0; Windows NT 5.1)"
81.214.186.105 - - [04/May/2009:17:14:19 +0300] "GET /index.php?i=1&a=3__x4ryp4&k=1699949 HTTP/1.1" 200 43 "http://www.buldinle.com/index.php?i=1&a=3__x4ryp4&k=1699949" "Mozilla/4.0 (compatible; MSIE 7.0; Windows NT 5.1)"
88.227.173.88 - - [04/May/2009:17:14:21 +0300] "GET /index.php?i=0&a=1__xfiny3tfbm0&k=598012 HTTP/1.1" 200 43 "http://www.buldinle.com/index.php?i=0&a=1__xfiNY3tFbM0&k=598012" "Mozilla/4.0 (compatible; MSIE 6.0; Windows NT 5.1; SV1)"
78.164.91.41 - - [04/May/2009:17:14:22 +0300] "GET /index.php?a=1__9vanq6pjpzs&k=167303 HTTP/1.1" 200 43 "http://www.buldinle.com/index.php?a=1__9VAnQ6PJpzs&k=167303" "Mozilla/4.0 (compatible; MSIE 7.0; Windows NT 6.0; GTB6; SLCC1; .NET CLR 2.0.50727; Media Center PC 5.0; .NET CLR 3.0.04506; InfoPath.2)"
88.227.173.88 - - [04/May/2009:17:14:22 +0300] "GET /index.php?i=0&a=1__xfiny3tfbm0&k=598012 HTTP/1.1" 200 43 "http://www.buldinle.com/index.php?i=0&a=1__xfiNY3tFbM0&k=598012" "Mozilla/4.0 (compatible; MSIE 6.0; Windows NT 5.1; SV1)"
88.244.185.9 - - [04/May/2009:17:14:24 +0300] "GET /index.php?i=1&a=1__n-sgfbobjpi&k=2150519 HTTP/1.1" 200 43 "http://www.buldinle.com/index.php?i=1&a=1__n-SgfbOBjpI&k=2150519" "Mozilla/4.0 (compatible; MSIE 6.0; Windows NT 5.1; SV1; .NET CLR 2.0.50727; OfficeLiveConnector.1.3; OfficeLivePatch.0.0)"
78.164.91.41 - - [04/May/2009:17:14:24 +0300] "GET /index.php?a=1__9vanq6pjpzs&k=167303 HTTP/1.1" 200 43 "http://www.buldinle.com/index.php?a=1__9VAnQ6PJpzs&k=167303" "Mozilla/4.0 (compatible; MSIE 7.0; Windows NT 6.0; GTB6; SLCC1; .NET CLR 2.0.50727; Media Center PC 5.0; .NET CLR 3.0.04506; InfoPath.2)"
78.164.91.41 - - [04/May/2009:17:14:32 +0300] "GET /index.php?a=1__9vanq6pjpzs&k=167303 HTTP/1.1" 200 43 "http://www.buldinle.com/index.php?a=1__9VAnQ6PJpzs&k=167303" "Mozilla/4.0 (compatible; MSIE 7.0; Windows NT 6.0; GTB6; SLCC1; .NET CLR 2.0.50727; Media Center PC 5.0; .NET CLR 3.0.04506; InfoPath.2)"
85.108.122.128 - - [04/May/2009:17:14:33 +0300] "GET /index.php?i=1&a=1__ebmt4mvvsga&k=146217 HTTP/1.1" 200 43 "http://www.buldinle.com/index.php?i=1&a=1__EbmT4mvVsGA&k=146217" "Mozilla/4.0 (compatible; MSIE 7.0; Windows NT 5.1)"
92.44.142.37 - - [04/May/2009:17:14:33 +0300] "GET /index.php?a=1__uxgsgyxg37k&k=5691 HTTP/1.1" 200 43 "http://www.buldinle.com/index.php?a=1__UXgSGYxg37k&k=5691" "Mozilla/4.0 (compatible; MSIE 6.0; Windows NT 5.1; Mozilla/4.0 (compatible; MSIE 6.0; Windows NT 5.1; SV1) )"
88.244.185.9 - - [04/May/2009:17:14:34 +0300] "GET /index.php?i=1&a=1__n-sgfbobjpi&k=2150519 HTTP/1.1" 200 43 "http://www.buldinle.com/index.php?i=1&a=1__n-SgfbOBjpI&k=2150519" "Mozilla/4.0 (compatible; MSIE 6.0; Windows NT 5.1; SV1; .NET CLR 2.0.50727; OfficeLiveConnector.1.3; OfficeLivePatch.0.0)"
85.108.122.128 - - [04/May/2009:17:14:34 +0300] "GET /index.php?i=1&a=1__ebmt4mvvsga&k=146217 HTTP/1.1" 200 43 "http://www.buldinle.com/index.php?i=1&a=1__EbmT4mvVsGA&k=146217" "Mozilla/4.0 (compatible; MSIE 7.0; Windows NT 5.1)"
85.110.187.25 - - [04/May/2009:17:14:44 +0300] "GET /index.php?i=1&a=1__ot4xsdbamzc&k=377383 HTTP/1.1" 200 43 "http://www.buldinle.com/index.php?i=1&a=1__Ot4XSDBAmZc&k=377383" "Mozilla/4.0 (compatible; MSIE 6.0; Windows NT 5.1; SV1; GTB6)"
78.161.41.167 - - [04/May/2009:17:14:46 +0300] "GET /index.php?i=3&a=1__c4oq1h3qtc0&k=55480 HTTP/1.1" 200 43 "http://www.buldinle.com/index.php?i=3&a=1__C4oQ1h3QtC0&k=55480" "Mozilla/4.0 (compatible; MSIE 6.0; Windows NT 5.1; SV1)"
85.110.187.25 - - [04/May/2009:17:14:46 +0300] "GET /index.php?i=1&a=1__ot4xsdbamzc&k=377383 HTTP/1.1" 200 43 "http://www.buldinle.com/index.php?i=1&a=1__Ot4XSDBAmZc&k=377383" "Mozilla/4.0 (compatible; MSIE 6.0; Windows NT 5.1; SV1; GTB6)"
78.161.41.167 - - [04/May/2009:17:14:48 +0300] "GET /index.php?i=3&a=1__c4oq1h3qtc0&k=55480 HTTP/1.1" 200 43 "http://www.buldinle.com/index.php?i=3&a=1__C4oQ1h3QtC0&k=55480" "Mozilla/4.0 (compatible; MSIE 6.0; Windows NT 5.1; SV1)"
85.100.75.140 - - [04/May/2009:17:15:01 +0300] "GET /index.php?i=9&a=3__x8xqdx&k=6172015 HTTP/1.1" 200 43 "http://www.buldinle.com/index.php?i=9&a=3__x8xqdx&k=6172015" "Mozilla/4.0 (compatible; MSIE 6.0; Windows NT 5.1; SV1; .NET CLR 1.1.4322)"
85.100.75.140 - - [04/May/2009:17:15:03 +0300] "GET /index.php?i=9&a=3__x8xqdx&k=6172015 HTTP/1.1" 200 43 "http://www.buldinle.com/index.php?i=9&a=3__x8xqdx&k=6172015" "Mozilla/4.0 (compatible; MSIE 6.0; Windows NT 5.1; SV1; .NET CLR 1.1.4322)"
78.164.91.41 - - [04/May/2009:17:15:11 +0300] "GET /index.php?a=1__ujsvxhochbs&k=339708 HTTP/1.1" 200 43 "http://www.buldinle.com/index.php?a=1__UJsVxHocHbs&k=339708" "Mozilla/4.0 (compatible; MSIE 7.0; Windows NT 6.0; GTB6; SLCC1; .NET CLR 2.0.50727; Media Center PC 5.0; .NET CLR 3.0.04506; InfoPath.2)"
78.164.91.41 - - [04/May/2009:17:15:12 +0300] "GET /index.php?a=1__ujsvxhochbs&k=339708 HTTP/1.1" 200 43 "http://www.buldinle.com/index.php?a=1__UJsVxHocHbs&k=339708" "Mozilla/4.0 (compatible; MSIE 7.0; Windows NT 6.0; GTB6; SLCC1; .NET CLR 2.0.50727; Media Center PC 5.0; .NET CLR 3.0.04506; InfoPath.2)"
88.254.105.60 - - [04/May/2009:17:15:22 +0300] "GET /index.php?a=3__x71p76&k=3838533 HTTP/1.1" 200 43 "http://www.buldinle.com/index.php?a=3__x71p76&k=3838533" "Mozilla/4.0 (compatible; MSIE 7.0; Windows NT 5.1; .NET CLR 2.0.50727; OfficeLiveConnector.1.3; OfficeLivePatch.0.0)"
88.252.133.241 - - [04/May/2009:17:15:32 +0300] "GET /index.php?i=0&a=1__s-oy1vsjxns&k=221406 HTTP/1.1" 200 43 "http://www.buldinle.com/index.php?i=0&a=1__S-OY1vsjXns&k=221406" "Mozilla/4.0 (compatible; MSIE 7.0; Windows NT 6.0; Trident/4.0; SLCC1; .NET CLR 2.0.50727; Media Center PC 5.0; .NET CLR 3.0.04506; InfoPath.2; yie8)"
88.254.105.60 - - [04/May/2009:17:15:35 +0300] "GET /index.php?a=1__9k7pwgdvoyk&k=80899 HTTP/1.1" 200 43 "http://www.buldinle.com/index.php?a=1__9K7PWgdvoyk&k=80899" "Mozilla/4.0 (compatible; MSIE 7.0; Windows NT 5.1; .NET CLR 2.0.50727; OfficeLiveConnector.1.3; OfficeLivePatch.0.0)"
88.252.133.241 - - [04/May/2009:17:15:35 +0300] "GET /index.php?i=0&a=1__s-oy1vsjxns&k=221406 HTTP/1.1" 200 43 "http://www.buldinle.com/index.php?i=0&a=1__S-OY1vsjXns&k=221406" "Mozilla/4.0 (compatible; MSIE 7.0; Windows NT 6.0; Trident/4.0; SLCC1; .NET CLR 2.0.50727; Media Center PC 5.0; .NET CLR 3.0.04506; InfoPath.2; yie8)"
88.254.105.60 - - [04/May/2009:17:15:38 +0300] "GET /index.php?a=1__9k7pwgdvoyk&k=80899 HTTP/1.1" 200 43 "http://www.buldinle.com/index.php?a=1__9K7PWgdvoyk&k=80899" "Mozilla/4.0 (compatible; MSIE 7.0; Windows NT 5.1; .NET CLR 2.0.50727; OfficeLiveConnector.1.3; OfficeLivePatch.0.0)"
88.228.12.57 - - [04/May/2009:17:15:40 +0300] "GET /index.php?i=0&a=3__x71p76&k=3838533 HTTP/1.1" 200 43 "http://www.buldinle.com/index.php?i=0&a=3__x71p76&k=3838533" "Mozilla/4.0 (compatible; MSIE 6.0; Windows NT 5.1; SV1; InfoPath.1; .NET CLR 1.1.4322)"
88.228.12.57 - - [04/May/2009:17:15:40 +0300] "GET /index.php?i=0&a=3__x71p76&k=3838533 HTTP/1.1" 200 43 "http://www.buldinle.com/index.php?i=0&a=3__x71p76&k=3838533" "Mozilla/4.0 (compatible; MSIE 6.0; Windows NT 5.1; SV1; InfoPath.1; .NET CLR 1.1.4322)"
88.238.50.112 - - [04/May/2009:17:15:43 +0300] "GET /index.php?i=15&a=3__x8v4jz&k=6087559 HTTP/1.1" 200 43 "http://www.buldinle.com/index.php?i=15&a=3__x8v4jz&k=6087559" "Mozilla/4.0 (compatible; MSIE 7.0; Windows NT 5.1; GTB6; .NET CLR 1.1.4322; .NET CLR 2.0.50727; InfoPath.1)"
85.99.141.205 - - [04/May/2009:17:15:45 +0300] "GET / HTTP/1.1" 200 43 "http://www.buldinle.com/" "Mozilla/4.0 (compatible; MSIE 7.0; Windows NT 5.1)"
92.44.142.37 - - [04/May/2009:17:15:50 +0300] "GET /index.php?a=1__uxgsgyxg37k&k=5691 HTTP/1.1" 200 43 "http://www.buldinle.com/index.php?a=1__UXgSGYxg37k&k=5691" "Mozilla/4.0 (compatible; MSIE 6.0; Windows NT 5.1; Mozilla/4.0 (compatible; MSIE 6.0; Windows NT 5.1; SV1) )"
88.238.79.130 - - [04/May/2009:17:15:53 +0300] "GET /index.php?i=11&a=3__x71p76&k=3838533 HTTP/1.1" 200 43 "http://www.buldinle.com/index.php?i=11&a=3__x71p76&k=3838533" "Mozilla/4.0 (compatible; MSIE 7.0; Windows NT 5.1)"
88.238.50.112 - - [04/May/2009:17:15:54 +0300] "GET /index.php?i=15&a=3__x8v4jz&k=6087559 HTTP/1.1" 200 43 "http://www.buldinle.com/index.php?i=15&a=3__x8v4jz&k=6087559" "Mozilla/4.0 (compatible; MSIE 7.0; Windows NT 5.1; GTB6; .NET CLR 1.1.4322; .NET CLR 2.0.50727; InfoPath.1)"
81.215.165.221 - - [04/May/2009:17:15:58 +0300] "GET /index.php?i=7&a=1__o-4vcsczvjq&k=654166 HTTP/1.1" 200 43 "http://www.buldinle.com/index.php?i=7&a=1__O-4VCScZVJQ&k=654166" "Mozilla/4.0 (compatible; MSIE 7.0; Windows NT 5.1; .NET CLR 2.0.50727; OfficeLiveConnector.1.3; OfficeLivePatch.0.0)"
78.164.91.41 - - [04/May/2009:17:15:58 +0300] "GET /index.php?a=1__ujsvxhochbs&k=339708 HTTP/1.1" 200 43 "http://www.buldinle.com/index.php?a=1__UJsVxHocHbs&k=339708" "Mozilla/4.0 (compatible; MSIE 7.0; Windows NT 6.0; GTB6; SLCC1; .NET CLR 2.0.50727; Media Center PC 5.0; .NET CLR 3.0.04506; InfoPath.2)"
85.98.184.153 - - [04/May/2009:17:15:58 +0300] "GET /index.php?a=1__yxp4kgcvku0&k=162183 HTTP/1.1" 200 43 "http://www.buldinle.com/index.php?a=1__YXp4KGCvKu0&k=162183" "Mozilla/4.0 (compatible; MSIE 6.0; Windows NT 5.1; SV1; InfoPath.1)"
88.250.204.18 - - [04/May/2009:17:15:59 +0300] "GET /index.php?i=2&a=1__jnyqnyo2zay&k=607080 HTTP/1.1" 200 43 "http://www.buldinle.com/index.php?i=2&a=1__jNYqNYO2zAY&k=607080" "Mozilla/4.0 (compatible; MSIE 6.0; Windows NT 5.1; SV1)"
88.228.206.51 - - [04/May/2009:17:16:04 +0300] "GET /index.php?a=1__9k7pwgdvoyk&k=80899 HTTP/1.1" 200 43 "http://www.buldinle.com/index.php?a=1__9K7PWgdvoyk&k=80899" "Mozilla/4.0 (compatible; MSIE 6.0; Windows NT 5.1; SV1)"
85.99.141.205 - - [04/May/2009:17:16:04 +0300] "GET / HTTP/1.1" 200 43 "http://www.buldinle.com/" "Mozilla/4.0 (compatible; MSIE 7.0; Windows NT 5.1)"
85.98.184.153 - - [04/May/2009:17:16:05 +0300] "GET /index.php?a=1__nep4wofixtw&k=167899 HTTP/1.1" 200 43 "http://www.buldinle.com/index.php?a=1__neP4woFIxTw&k=167899" "Mozilla/4.0 (compatible; MSIE 6.0; Windows NT 5.1; SV1; InfoPath.1)"
85.99.141.205 - - [04/May/2009:17:16:06 +0300] "GET /index.php?a=1__atf4pppfcz0&k=445103 HTTP/1.1" 200 43 "http://www.buldinle.com/index.php?a=1__aTf4PPpfcz0&k=445103" "Mozilla/4.0 (compatible; MSIE 7.0; Windows NT 5.1)"
88.228.206.51 - - [04/May/2009:17:16:08 +0300] "GET /index.php?a=1__9k7pwgdvoyk&k=80899 HTTP/1.1" 200 43 "http://www.buldinle.com/index.php?a=1__9K7PWgdvoyk&k=80899" "Mozilla/4.0 (compatible; MSIE 6.0; Windows NT 5.1; SV1)"
85.98.184.153 - - [04/May/2009:17:16:09 +0300] "GET /index.php?a=1__nep4wofixtw&k=167899 HTTP/1.1" 200 43 "http://www.buldinle.com/index.php?a=1__neP4woFIxTw&k=167899" "Mozilla/4.0 (compatible; MSIE 6.0; Windows NT 5.1; SV1; InfoPath.1)"
85.99.141.205 - - [04/May/2009:17:16:12 +0300] "GET /index.php?a=1__atf4pppfcz0&k=445103 HTTP/1.1" 200 43 "http://www.buldinle.com/index.php?a=1__aTf4PPpfcz0&k=445103" "Mozilla/4.0 (compatible; MSIE 7.0; Windows NT 5.1)"
88.240.137.212 - - [04/May/2009:17:16:14 +0300] "GET / HTTP/1.1" 200 43 "http://www.buldinle.com/" "Mozilla/4.0 (compatible; MSIE 6.0; Windows NT 5.1; SV1)"
88.250.24.214 - - [04/May/2009:17:16:17 +0300] "GET /index.php?i=6&a=3__x4ingc&k=1764574 HTTP/1.1" 200 43 "http://www.buldinle.com/index.php?i=6&a=3__x4ingc&k=1764574" "Mozilla/5.0 (Windows; U; Windows NT 5.1; en-US) AppleWebKit/525.19 (KHTML, like Gecko) Chrome/1.0.154.59 Safari/525.19"
88.250.24.214 - - [04/May/2009:17:16:18 +0300] "GET /index.php?i=6&a=3__x4ingc&k=1764574 HTTP/1.1" 200 43 "http://www.buldinle.com/index.php?i=6&a=3__x4ingc&k=1764574" "Mozilla/5.0 (Windows; U; Windows NT 5.1; en-US) AppleWebKit/525.19 (KHTML, like Gecko) Chrome/1.0.154.59 Safari/525.19"
88.238.79.130 - - [04/May/2009:17:16:20 +0300] "GET /index.php?i=11&a=3__x71p76&k=3838533 HTTP/1.1" 200 43 "http://www.buldinle.com/index.php?i=11&a=3__x71p76&k=3838533" "Mozilla/4.0 (compatible; MSIE 7.0; Windows NT 5.1)"
88.240.137.212 - - [04/May/2009:17:16:25 +0300] "GET /index.php?i=4&a=1__cnkavb4xgto&k=5178091 HTTP/1.1" 200 43 "http://www.buldinle.com/index.php?i=4&a=1__CNkAvb4XgTo&k=5178091" "Mozilla/4.0 (compatible; MSIE 6.0; Windows NT 5.1; SV1)"
88.240.137.212 - - [04/May/2009:17:16:28 +0300] "GET /index.php?i=4&a=1__cnkavb4xgto&k=5178091 HTTP/1.1" 200 43 "http://www.buldinle.com/index.php?i=4&a=1__CNkAvb4XgTo&k=5178091" "Mozilla/4.0 (compatible; MSIE 6.0; Windows NT 5.1; SV1)"
78.186.122.192 - - [04/May/2009:17:16:41 +0300] "GET /index.php?a=1__tcestndlcmy&k=111558 HTTP/1.1" 200 43 "http://www.buldinle.com/index.php?a=1__tCestNdlCmY&k=111558" "Mozilla/4.0 (compatible; MSIE 6.0; Windows NT 5.1; SV1; .NET CLR 2.0.50727)"
78.186.122.192 - - [04/May/2009:17:16:43 +0300] "GET /index.php?a=1__tcestndlcmy&k=111558 HTTP/1.1" 200 43 "http://www.buldinle.com/index.php?a=1__tCestNdlCmY&k=111558" "Mozilla/4.0 (compatible; MSIE 6.0; Windows NT 5.1; SV1; .NET CLR 2.0.50727)"
78.179.121.108 - - [04/May/2009:17:17:03 +0300] "GET /index.php?a=1__ruuf3nnpsgo&k=94613 HTTP/1.1" 200 43 "http://www.buldinle.com/index.php?a=1__RUuF3nnpSGo&k=94613" "Mozilla/4.0 (compatible; MSIE 6.0; Windows NT 5.1; SV1; GTB5; SIMBAR={7674948B-9783-4F83-97C1-5B12AE1887F5})"
78.179.121.108 - - [04/May/2009:17:17:07 +0300] "GET /index.php?a=1__ruuf3nnpsgo&k=94613 HTTP/1.1" 200 43 "http://www.buldinle.com/index.php?a=1__RUuF3nnpSGo&k=94613" "Mozilla/4.0 (compatible; MSIE 6.0; Windows NT 5.1; SV1; GTB5; SIMBAR={7674948B-9783-4F83-97C1-5B12AE1887F5})"
85.107.174.56 - - [04/May/2009:17:17:13 +0300] "GET /index.php?i=0&a=1__p1_wdhxna8u&k=442848 HTTP/1.1" 200 43 "http://www.buldinle.com/index.php?i=0&a=1__P1_wDhxNA8U&k=442848" "Mozilla/5.0 (Windows; U; Windows NT 6.0; tr; rv:1.9.0.10) Gecko/2009042316 Firefox/3.0.10 (.NET CLR 3.5.30729)"
88.249.78.243 - - [04/May/2009:17:17:14 +0300] "GET /index.php?i=1&a=1__u6dezctlfby&k=196420 HTTP/1.1" 200 43 "http://www.buldinle.com/index.php?i=1&a=1__U6dEzcTlfBY&k=196420" "Mozilla/4.0 (compatible; MSIE 6.0; Windows NT 5.1; SV1; .NET CLR 2.0.50727)"
88.249.78.243 - - [04/May/2009:17:17:15 +0300] "GET /index.php?i=1&a=1__u6dezctlfby&k=196420 HTTP/1.1" 200 43 "http://www.buldinle.com/index.php?i=1&a=1__U6dEzcTlfBY&k=196420" "Mozilla/4.0 (compatible; MSIE 6.0; Windows NT 5.1; SV1; .NET CLR 2.0.50727)"
85.107.174.56 - - [04/May/2009:17:17:16 +0300] "GET /index.php?i=0&a=1__p1_wdhxna8u&k=442848 HTTP/1.1" 200 43 "http://www.buldinle.com/index.php?i=0&a=1__P1_wDhxNA8U&k=442848" "Mozilla/5.0 (Windows; U; Windows NT 6.0; tr; rv:1.9.0.10) Gecko/2009042316 Firefox/3.0.10 (.NET CLR 3.5.30729)"
94.121.167.228 - - [04/May/2009:17:17:24 +0300] "GET / HTTP/1.1" 200 43 "http://www.buldinle.com/" "Mozilla/4.0 (compatible; MSIE 7.0; Windows NT 5.1; .NET CLR 2.0.50727)"
